Component: ARM Compiler 5.06 update 6 (build 750) Tool: armlink [4d35ed]

==============================================================================

Section Cross References

    startup_stm32f429_439xx.o(STACK) refers (Special) to heapauxi.o(.text) for __use_two_region_memory
    startup_stm32f429_439xx.o(HEAP) refers (Special) to heapauxi.o(.text) for __use_two_region_memory
    startup_stm32f429_439xx.o(RESET) refers (Special) to heapauxi.o(.text) for __use_two_region_memory
    startup_stm32f429_439xx.o(RESET) refers to startup_stm32f429_439xx.o(STACK) for __initial_sp
    startup_stm32f429_439xx.o(RESET) refers to startup_stm32f429_439xx.o(.text) for Reset_Handler
    startup_stm32f429_439xx.o(RESET) refers to stm32f4xx_it.o(.text) for NMI_Handler
    startup_stm32f429_439xx.o(RESET) refers to tm_stm32f4_dma.o(.text) for DMA1_Stream0_IRQHandler
    startup_stm32f429_439xx.o(.text) refers (Special) to heapauxi.o(.text) for __use_two_region_memory
    startup_stm32f429_439xx.o(.text) refers to system_stm32f4xx.o(.text) for SystemInit
    startup_stm32f429_439xx.o(.text) refers to __main.o(!!!main) for __main
    startup_stm32f429_439xx.o(.text) refers to startup_stm32f429_439xx.o(HEAP) for Heap_Mem
    startup_stm32f429_439xx.o(.text) refers to startup_stm32f429_439xx.o(STACK) for Stack_Mem
    stm32f4xx_rcc.o(.text) refers to stm32f4xx_rcc.o(.data) for APBAHBPrescTable
    stm32f4xx_gpio.o(.text) refers to stm32f4xx_rcc.o(.text) for RCC_AHB1PeriphResetCmd
    stm32f4xx_spi.o(.text) refers to stm32f4xx_rcc.o(.text) for RCC_APB2PeriphResetCmd
    stm32f4xx_tim.o(.text) refers to stm32f4xx_rcc.o(.text) for RCC_APB2PeriphResetCmd
    tm_stm32f4_delay.o(.text) refers (Weak) to main.o(.text) for TM_DELAY_1msHandler
    tm_stm32f4_delay.o(.text) refers to h1_alloc.o(.text) for malloc
    tm_stm32f4_delay.o(.text) refers to h1_free.o(.text) for free
    tm_stm32f4_delay.o(.text) refers to tm_stm32f4_delay.o(.data) for TM_Time
    tm_stm32f4_delay.o(.text) refers to tm_stm32f4_delay.o(.bss) for CustomTimers
    tm_stm32f4_delay.o(.text) refers to system_stm32f4xx.o(.data) for SystemCoreClock
    tm_stm32f4_disco.o(.text) refers to tm_stm32f4_gpio.o(.text) for TM_GPIO_Init
    tm_stm32f4_disco.o(.text) refers to tm_stm32f4_disco.o(.data) for TM_INT_DISCO_ButtonPressed
    tm_stm32f4_mfrc522.o(.text) refers to stm32f4xx_rcc.o(.text) for RCC_AHB1PeriphClockCmd
    tm_stm32f4_mfrc522.o(.text) refers to stm32f4xx_gpio.o(.text) for GPIO_Init
    tm_stm32f4_mfrc522.o(.text) refers to tm_stm32f4_spi.o(.text) for TM_SPI_Init
    tm_stm32f4_spi.o(.text) refers to tm_stm32f4_gpio.o(.text) for TM_GPIO_InitAlternate
    tm_stm32f4_spi.o(.text) refers to stm32f4xx_spi.o(.text) for SPI_StructInit
    tm_stm32f4_spi.o(.text) refers to stm32f4xx_rcc.o(.text) for RCC_GetClocksFreq
    tm_stm32f4_ili9341.o(.text) refers to stm32f4xx_gpio.o(.text) for GPIO_ResetBits
    tm_stm32f4_ili9341.o(.text) refers to tm_stm32f4_spi.o(.text) for TM_SPI_SetDataSize
    tm_stm32f4_ili9341.o(.text) refers to tm_stm32f4_spi_dma.o(.text) for TM_SPI_DMA_SendHalfWord
    tm_stm32f4_ili9341.o(.text) refers to tm_stm32f4_gpio.o(.text) for TM_GPIO_Init
    tm_stm32f4_ili9341.o(.text) refers to tm_stm32f4_ili9341.o(.data) for ILI9341_Opts
    tm_stm32f4_gpio.o(.text) refers to tm_stm32f4_gpio.o(.bss) for GPIO_UsedPins
    tm_stm32f4_spi_dma.o(.text) refers to stm32f4xx_dma.o(.text) for DMA_DeInit
    tm_stm32f4_spi_dma.o(.text) refers to tm_stm32f4_dma.o(.text) for TM_DMA_ClearFlag
    tm_stm32f4_spi_dma.o(.text) refers to tm_stm32f4_spi_dma.o(.data) for SPI1_DMA_INT
    tm_stm32f4_spi_dma.o(.text) refers to tm_stm32f4_spi_dma.o(.bss) for DMA_InitStruct
    tm_stm32f4_dma.o(.text) refers to misc.o(.text) for NVIC_Init
    tm_stm32f4_dma.o(.text) refers to tm_stm32f4_dma.o(.constdata) for DMA_Flags_Bit_Pos
    tm_stm32f4_pwm.o(.text) refers to tm_stm32f4_timer_properties.o(.text) for TM_TIMER_PROPERTIES_GetTimerProperties
    tm_stm32f4_pwm.o(.text) refers to dflt_clz.o(x$fpl$dfltu) for __aeabi_ui2d
    tm_stm32f4_pwm.o(.text) refers to dleqf.o(x$fpl$dleqf) for __aeabi_cdcmple
    tm_stm32f4_pwm.o(.text) refers to deqf.o(x$fpl$deqf) for __aeabi_cdcmpeq
    tm_stm32f4_pwm.o(.text) refers to dfixu.o(x$fpl$dfixu) for __aeabi_d2uiz
    tm_stm32f4_pwm.o(.text) refers to ddiv.o(x$fpl$ddiv) for __aeabi_ddiv
    tm_stm32f4_pwm.o(.text) refers to stm32f4xx_tim.o(.text) for TIM_TimeBaseInit
    tm_stm32f4_pwm.o(.text) refers to tm_stm32f4_gpio.o(.text) for TM_GPIO_InitAlternate
    tm_stm32f4_timer_properties.o(.text) refers to stm32f4xx_rcc.o(.text) for RCC_GetClocksFreq
    tm_stm32f4_timer_properties.o(.text) refers to dflt_clz.o(x$fpl$dfltu) for __aeabi_ui2d
    tm_stm32f4_timer_properties.o(.text) refers to dleqf.o(x$fpl$dleqf) for __aeabi_cdcmple
    tm_stm32f4_timer_properties.o(.text) refers to deqf.o(x$fpl$deqf) for __aeabi_cdcmpeq
    tm_stm32f4_timer_properties.o(.text) refers to ddiv.o(x$fpl$ddiv) for __aeabi_ddiv
[...]
    .ARM.Collect$$rtentry$$00000002          0x08000234   Section        0  __rtentry2.o(.ARM.Collect$$rtentry$$00000002)
    .ARM.Collect$$rtentry$$00000004          0x08000234   Section        6  __rtentry4.o(.ARM.Collect$$rtentry$$00000004)
    .ARM.Collect$$rtentry$$00000009          0x0800023a   Section        0  __rtentry2.o(.ARM.Collect$$rtentry$$00000009)
    .ARM.Collect$$rtentry$$0000000A          0x0800023a   Section        4  __rtentry2.o(.ARM.Collect$$rtentry$$0000000A)
    .ARM.Collect$$rtentry$$0000000C          0x0800023e   Section        0  __rtentry2.o(.ARM.Collect$$rtentry$$0000000C)
    .ARM.Collect$$rtentry$$0000000D          0x0800023e   Section        8  __rtentry2.o(.ARM.Collect$$rtentry$$0000000D)
    .ARM.Collect$$rtexit$$00000000           0x08000246   Section        2  rtexit.o(.ARM.Collect$$rtexit$$00000000)
    .ARM.Collect$$rtexit$$00000002           0x08000248   Section        0  rtexit2.o(.ARM.Collect$$rtexit$$00000002)
    .ARM.Collect$$rtexit$$00000003           0x08000248   Section        4  rtexit2.o(.ARM.Collect$$rtexit$$00000003)
    .ARM.Collect$$rtexit$$00000004           0x0800024c   Section        6  rtexit2.o(.ARM.Collect$$rtexit$$00000004)
    .emb_text                                0x08000254   Section        0  maybetermalloc1.o(.emb_text)
    .text                                    0x08000254   Section       64  startup_stm32f429_439xx.o(.text)
    $v0                                      0x08000254   Number         0  startup_stm32f429_439xx.o(.text)
    .text                                    0x08000294   Section        0  misc.o(.text)
    .text                                    0x08000374   Section        0  stm32f4xx_rcc.o(.text)
    .text                                    0x080009d4   Section        0  stm32f4xx_gpio.o(.text)
    .text                                    0x08000c68   Section        0  stm32f4xx_spi.o(.text)
    .text                                    0x080010e8   Section        0  stm32f4xx_dma.o(.text)
    .text                                    0x08001490   Section        0  stm32f4xx_tim.o(.text)
    TI4_Config                               0x08001c2f   Thumb Code    80  stm32f4xx_tim.o(.text)
    TI3_Config                               0x08001c91   Thumb Code    72  stm32f4xx_tim.o(.text)
    TI2_Config                               0x08001cf3   Thumb Code    90  stm32f4xx_tim.o(.text)
    TI1_Config                               0x08001d5f   Thumb Code    58  stm32f4xx_tim.o(.text)
    .text                                    0x08002134   Section        0  tm_stm32f4_delay.o(.text)
    .text                                    0x08002388   Section        0  tm_stm32f4_disco.o(.text)
    .text                                    0x0800241c   Section        0  tm_stm32f4_mfrc522.o(.text)
    TM_SPI_Send                              0x0800241d   Thumb Code    66  tm_stm32f4_mfrc522.o(.text)
    .text                                    0x080029c4   Section        0  tm_stm32f4_spi.o(.text)
    TM_SPIx_Init                             0x08002b7b   Thumb Code   334  tm_stm32f4_spi.o(.text)
    .text                                    0x08003174   Section        0  tm_stm32f4_ili9341.o(.text)
    TM_SPI_Send                              0x08003175   Thumb Code    66  tm_stm32f4_ili9341.o(.text)
    .text                                    0x08003c0c   Section        0  tm_stm32f4_gpio.o(.text)
    .text                                    0x08003f0c   Section        0  tm_stm32f4_spi_dma.o(.text)
    TM_SPI_DMA_INT_GetSettings               0x08003f0d   Thumb Code    52  tm_stm32f4_spi_dma.o(.text)
    .text                                    0x08004248   Section        0  tm_stm32f4_dma.o(.text)
    TM_DMA_INT_ProcessInterrupt              0x080043ad   Thumb Code   124  tm_stm32f4_dma.o(.text)
    .text                                    0x080044fc   Section        0  tm_stm32f4_pwm.o(.text)
    .text                                    0x080052a8   Section        0  tm_stm32f4_timer_properties.o(.text)
    .text                                    0x08005694   Section        0  tm_stm32f4_keypad.o(.text)
    .text                                    0x080058a0   Section        0  main.o(.text)
    Delayms                                  0x080058a1   Thumb Code    54  main.o(.text)
    .text                                    0x08005d80   Section        0  stm32f4xx_it.o(.text)
    .text                                    0x08005da4   Section        0  system_stm32f4xx.o(.text)
    SetSysClock                              0x08005da5   Thumb Code   272  system_stm32f4xx.o(.text)
    .text                                    0x08005fe8   Section        0  h1_alloc.o(.text)
    .text                                    0x08006046   Section        0  h1_free.o(.text)
    .text                                    0x08006094   Section        0  heapauxi.o(.text)
    .text                                    0x0800609c   Section        8  rt_heap_descriptor_intlibspace.o(.text)
    .text                                    0x080060a4   Section        0  hguard.o(.text)
    .text                                    0x080060a8   Section        0  init_alloc.o(.text)
    .text                                    0x08006132   Section        0  h1_init.o(.text)
    .text                                    0x08006140   Section        8  libspace.o(.text)
    .text                                    0x08006148   Section        0  h1_extend.o(.text)
    .text                                    0x0800617c   Section        0  defsig_rtmem_outer.o(.text)
    .text                                    0x0800618a   Section        2  use_no_semi.o(.text)
    .text                                    0x0800618c   Section        0  indicate_semi.o(.text)
    .text                                    0x0800618c   Section       74  sys_stackheap_outer.o(.text)
    .text                                    0x080061d6   Section        0  exit.o(.text)
    .text                                    0x080061e8   Section        0  defsig_exit.o(.text)
    .text                                    0x080061f4   Section        0  defsig_rtmem_inner.o(.text)
    .text                                    0x08006244   Section        0  sys_exit.o(.text)
    .text                                    0x08006250   Section        0  defsig_general.o(.text)
    .text                                    0x08006282   Section        0  sys_wrch.o(.text)
    x$fpl$dcmpinf                            0x08006290   Section       24  dcmpi.o(x$fpl$dcmpinf)
    $v0                                      0x08006290   Number         0  dcmpi.o(x$fpl$dcmpinf)
    x$fpl$ddiv                               0x080062a8   Section      688  ddiv.o(x$fpl$ddiv)
    $v0                                      0x080062a8   Number         0  ddiv.o(x$fpl$ddiv)
    ddiv_entry                               0x080062af   Thumb Code     0  ddiv.o(x$fpl$ddiv)
    x$fpl$deqf                               0x08006558   Section      120  deqf.o(x$fpl$deqf)
    $v0                                      0x08006558   Number         0  deqf.o(x$fpl$deqf)
    x$fpl$dfixu                              0x080065d0   Section       90  dfixu.o(x$fpl$dfixu)
    $v0                                      0x080065d0   Number         0  dfixu.o(x$fpl$dfixu)
    x$fpl$dfltu                              0x0800662a   Section       38  dflt_clz.o(x$fpl$dfltu)
    $v0                                      0x0800662a   Number         0  dflt_clz.o(x$fpl$dfltu)
    x$fpl$dleqf                              0x08006650   Section      120  dleqf.o(x$fpl$dleqf)
    $v0                                      0x08006650   Number         0  dleqf.o(x$fpl$dleqf)
    x$fpl$dnaninf                            0x080066c8   Section      156  dnaninf.o(x$fpl$dnaninf)
    $v0                                      0x080066c8   Number         0  dnaninf.o(x$fpl$dnaninf)
    x$fpl$dretinf                            0x08006764   Section       12  dretinf.o(x$fpl$dretinf)
    $v0                                      0x08006764   Number         0  dretinf.o(x$fpl$dretinf)
    x$fpl$fpinit                             0x08006770   Section       10  fpinit.o(x$fpl$fpinit)
    $v0                                      0x08006770   Number         0  fpinit.o(x$fpl$fpinit)
    .constdata                               0x0800677a   Section       20  tm_stm32f4_dma.o(.constdata)
    x$fpl$usenofp                            0x0800677a   Section        0  usenofp.o(x$fpl$usenofp)
    DMA_Flags_Bit_Pos                        0x0800677a   Data           4  tm_stm32f4_dma.o(.constdata)
    DMA_IRQs                                 0x0800677e   Data          16  tm_stm32f4_dma.o(.constdata)
    .constdata                               0x0800678e   Section    10260  tm_stm32f4_fonts.o(.constdata)
    .data                                    0x20000000   Section       16  stm32f4xx_rcc.o(.data)
    APBAHBPrescTable                         0x20000000   Data          16  stm32f4xx_rcc.o(.data)
    .data                                    0x20000010   Section       17  tm_stm32f4_delay.o(.data)
    .data                                    0x20000021   Section        1  tm_stm32f4_disco.o(.data)
    TM_INT_DISCO_ButtonPressed               0x20000021   Data           1  tm_stm32f4_disco.o(.data)
    .data                                    0x20000022   Section       11  tm_stm32f4_ili9341.o(.data)
    .data                                    0x20000030   Section      144  tm_stm32f4_spi_dma.o(.data)
    SPI1_DMA_INT                             0x20000030   Data          24  tm_stm32f4_spi_dma.o(.data)
    SPI2_DMA_INT                             0x20000048   Data          24  tm_stm32f4_spi_dma.o(.data)
    SPI3_DMA_INT                             0x20000060   Data          24  tm_stm32f4_spi_dma.o(.data)
    SPI4_DMA_INT                             0x20000078   Data          24  tm_stm32f4_spi_dma.o(.data)
    SPI5_DMA_INT                             0x20000090   Data          24  tm_stm32f4_spi_dma.o(.data)
    SPI6_DMA_INT                             0x200000a8   Data          24  tm_stm32f4_spi_dma.o(.data)
    .data                                    0x200000c0   Section       24  tm_stm32f4_fonts.o(.data)
    .data                                    0x200000d8   Section       20  tm_stm32f4_keypad.o(.data)
    KeypadStatus                             0x200000e9   Data           1  tm_stm32f4_keypad.o(.data)
    millis                                   0x200000ea   Data           2  tm_stm32f4_keypad.o(.data)
    .data                                    0x200000ec   Section       20  system_stm32f4xx.o(.data)
    .bss                                     0x20000100   Section       24  tm_stm32f4_delay.o(.bss)
    CustomTimers                             0x20000100   Data          24  tm_stm32f4_delay.o(.bss)
    .bss                                     0x20000118   Section       22  tm_stm32f4_gpio.o(.bss)
    GPIO_UsedPins                            0x20000118   Data          22  tm_stm32f4_gpio.o(.bss)
    .bss                                     0x20000130   Section       60  tm_stm32f4_spi_dma.o(.bss)
    DMA_InitStruct                           0x20000130   Data          60  tm_stm32f4_spi_dma.o(.bss)
    .bss                                     0x2000016c   Section       96  libspace.o(.bss)
    HEAP                                     0x200001d0   Section      512  startup_stm32f429_439xx.o(HEAP)
    Heap_Mem                                 0x200001d0   Data         512  startup_stm32f429_439xx.o(HEAP)
    STACK                                    0x200003d0   Section     1024  startup_stm32f429_439xx.o(STACK)
    Stack_Mem                                0x200003d0   Data        1024  startup_stm32f429_439xx.o(STACK)
    __initial_sp                             0x200007d0   Data           0  startup_stm32f429_439xx.o(STACK)

    Global Symbols

    Symbol Name                              Value     Ov Type        Size  Object(Section)

    BuildAttributes$$THM_ISAv4$E$P$D$K$B$S$7EM$VFPi3$EXTD16$VFPS$VFMA$PE$A:L22UL41UL21$X:L11$S22US41US21$IEEE1$IW$USESV6$~STKCKD$USESV7$~SHL$OTIME$ROPI$EBA8$UX$STANDARDLIB$REQ8$PRES8$EABIv2 0x00000000   Number         0  anon$$obj.o ABSOLUTE
    __ARM_use_no_argv                        0x00000000   Number         0  main.o ABSOLUTE
    __ARM_exceptions_init                     - Undefined Weak Reference
    __alloca_initialize                       - Undefined Weak Reference
    __arm_preinit_                            - Undefined Weak Reference
    __cpp_initialize__aeabi_                  - Undefined Weak Reference
    __cxa_finalize                            - Undefined Weak Reference
    __rt_locale                               - Undefined Weak Reference
    __sigvec_lookup                           - Undefined Weak Reference
    __user_heap_extent                        - Undefined Weak Reference
    _atexit_init                              - Undefined Weak Reference
    _call_atexit_fns                          - Undefined Weak Reference
    _clock_init                               - Undefined Weak Reference
    _fp_trap_init                             - Undefined Weak Reference
    _fp_trap_shutdown                         - Undefined Weak Reference
    _get_lc_collate                           - Undefined Weak Reference
    _get_lc_ctype                             - Undefined Weak Reference
    _get_lc_monetary                          - Undefined Weak Reference
    _get_lc_numeric                           - Undefined Weak Reference
    _get_lc_time                              - Undefined Weak Reference
    _getenv_init                              - Undefined Weak Reference
    _handle_redirection                       - Undefined Weak Reference
    _initio                                   - Undefined Weak Reference
    _mutex_acquire                            - Undefined Weak Reference
    _mutex_free                               - Undefined Weak Reference
    _mutex_release                            - Undefined Weak Reference
    _rand_init                                - Undefined Weak Reference
    _signal_finish                            - Undefined Weak Reference
    _signal_init                              - Undefined Weak Reference
    _terminateio                              - Undefined Weak Reference
    __Vectors_Size                           0x000001ac   Number         0  startup_stm32f429_439xx.o ABSOLUTE
    __Vectors                                0x08000000   Data           4  startup_stm32f429_439xx.o(RESET)
    __Vectors_End                            0x080001ac   Data           0  startup_stm32f429_439xx.o(RESET)
    __main                                   0x080001ad   Thumb Code     8  __main.o(!!!main)
    __scatterload                            0x080001b5   Thumb Code     0  __scatter.o(!!!scatter)
    __scatterload_rt2                        0x080001b5   Thumb Code    44  __scatter.o(!!!scatter)
    __scatterload_rt2_thumb_only             0x080001b5   Thumb Code     0  __scatter.o(!!!scatter)
    __scatterload_null                       0x080001c3   Thumb Code     0  __scatter.o(!!!scatter)
    __scatterload_copy                       0x080001e9   Thumb Code    26  __scatter_copy.o(!!handler_copy)
    __scatterload_zeroinit                   0x08000205   Thumb Code    28  __scatter_zi.o(!!handler_zi)
    __rt_lib_init                            0x08000221   Thumb Code     0  libinit.o(.ARM.Collect$$libinit$$00000000)
    __rt_lib_init_fp_1                       0x08000223   Thumb Code     0  libinit2.o(.ARM.Collect$$libinit$$00000001)
    __rt_lib_init_heap_2                     0x08000227   Thumb Code     0  libinit2.o(.ARM.Collect$$libinit$$00000005)
    __rt_lib_init_preinit_1                  0x08000227   Thumb Code     0  libinit2.o(.ARM.Collect$$libinit$$00000004)
    __rt_lib_init_alloca_1                   0x0800022f   Thumb Code     0  libinit2.o(.ARM.Collect$$libinit$$0000002E)
    __rt_lib_init_argv_1                     0x0800022f   Thumb Code     0  libinit2.o(.ARM.Collect$$libinit$$0000002C)
    __rt_lib_init_atexit_1                   0x0800022f   Thumb Code     0  libinit2.o(.ARM.Collect$$libinit$$0000001B)
    __rt_lib_init_clock_1                    0x0800022f   Thumb Code     0  libinit2.o(.ARM.Collect$$libinit$$00000021)
    __rt_lib_init_cpp_1                      0x0800022f   Thumb Code     0  libinit2.o(.ARM.Collect$$libinit$$00000032)
    __rt_lib_init_exceptions_1               0x0800022f   Thumb Code     0  libinit2.o(.ARM.Collect$$libinit$$00000030)
    __rt_lib_init_fp_trap_1                  0x0800022f   Thumb Code     0  libinit2.o(.ARM.Collect$$libinit$$0000001F)
    __rt_lib_init_getenv_1                   0x0800022f   Thumb Code     0  libinit2.o(.ARM.Collect$$libinit$$00000023)
    __rt_lib_init_heap_1                     0x0800022f   Thumb Code     0  libinit2.o(.ARM.Collect$$libinit$$0000000A)
    __rt_lib_init_lc_collate_1               0x0800022f   Thumb Code     0  libinit2.o(.ARM.Collect$$libinit$$00000011)
    __rt_lib_init_lc_ctype_1                 0x0800022f   Thumb Code     0  libinit2.o(.ARM.Collect$$libinit$$00000013)
    __rt_lib_init_lc_monetary_1              0x0800022f   Thumb Code     0  libinit2.o(.ARM.Collect$$libinit$$00000015)
    __rt_lib_init_lc_numeric_1               0x0800022f   Thumb Code     0  libinit2.o(.ARM.Collect$$libinit$$00000017)
    __rt_lib_init_lc_time_1                  0x0800022f   Thumb Code     0  libinit2.o(.ARM.Collect$$libinit$$00000019)
    __rt_lib_init_rand_1                     0x0800022f   Thumb Code     0  libinit2.o(.ARM.Collect$$libinit$$0000000E)
    __rt_lib_init_return                     0x0800022f   Thumb Code     0  libinit2.o(.ARM.Collect$$libinit$$00000033)
    __rt_lib_init_signal_1                   0x0800022f   Thumb Code     0  libinit2.o(.ARM.Collect$$libinit$$0000001D)
    __rt_lib_init_stdio_1                    0x0800022f   Thumb Code     0  libinit2.o(.ARM.Collect$$libinit$$00000025)
    __rt_lib_init_user_alloc_1               0x0800022f   Thumb Code     0  libinit2.o(.ARM.Collect$$libinit$$0000000C)
    __rt_lib_shutdown                        0x08000231   Thumb Code     0  libshutdown.o(.ARM.Collect$$libshutdown$$00000000)
    __rt_lib_shutdown_cpp_1                  0x08000233   Thumb Code     0  libshutdown2.o(.ARM.Collect$$libshutdown$$00000002)
    __rt_lib_shutdown_fp_trap_1              0x08000233   Thumb Code     0  libshutdown2.o(.ARM.Collect$$libshutdown$$00000007)
    __rt_lib_shutdown_heap_1                 0x08000233   Thumb Code     0  libshutdown2.o(.ARM.Collect$$libshutdown$$0000000F)
    __rt_lib_shutdown_return                 0x08000233   Thumb Code     0  libshutdown2.o(.ARM.Collect$$libshutdown$$00000010)
    __rt_lib_shutdown_signal_1               0x08000233   Thumb Code     0  libshutdown2.o(.ARM.Collect$$libshutdown$$0000000A)
    __rt_lib_shutdown_stdio_1                0x08000233   Thumb Code     0  libshutdown2.o(.ARM.Collect$$libshutdown$$00000004)
    __rt_lib_shutdown_user_alloc_1           0x08000233   Thumb Code     0  libshutdown2.o(.ARM.Collect$$libshutdown$$0000000C)
    __rt_entry                               0x08000235   Thumb Code     0  __rtentry.o(.ARM.Collect$$rtentry$$00000000)
    __rt_entry_presh_1                       0x08000235   Thumb Code     0  __rtentry2.o(.ARM.Collect$$rtentry$$00000002)
    __rt_entry_sh                            0x08000235   Thumb Code     0  __rtentry4.o(.ARM.Collect$$rtentry$$00000004)
    __rt_entry_li                            0x0800023b   Thumb Code     0  __rtentry2.o(.ARM.Collect$$rtentry$$0000000A)
    __rt_entry_postsh_1                      0x0800023b   Thumb Code     0  __rtentry2.o(.ARM.Collect$$rtentry$$00000009)
    __rt_entry_main                          0x0800023f   Thumb Code     0  __rtentry2.o(.ARM.Collect$$rtentry$$0000000D)
    __rt_entry_postli_1                      0x0800023f   Thumb Code     0  __rtentry2.o(.ARM.Collect$$rtentry$$0000000C)
    __rt_exit                                0x08000247   Thumb Code     0  rtexit.o(.ARM.Collect$$rtexit$$00000000)
    __rt_exit_ls                             0x08000249   Thumb Code     0  rtexit2.o(.ARM.Collect$$rtexit$$00000003)
    __rt_exit_prels_1                        0x08000249   Thumb Code     0  rtexit2.o(.ARM.Collect$$rtexit$$00000002)
    __rt_exit_exit                           0x0800024d   Thumb Code     0  rtexit2.o(.ARM.Collect$$rtexit$$00000004)
    Reset_Handler                            0x08000255   Thumb Code     8  startup_stm32f429_439xx.o(.text)
    _maybe_terminate_alloc                   0x08000255   Thumb Code     0  maybetermalloc1.o(.emb_text)
    ADC_IRQHandler                           0x0800026f   Thumb Code     0  startup_stm32f429_439xx.o(.text)
    CAN1_RX0_IRQHandler                      0x0800026f   Thumb Code     0  startup_stm32f429_439xx.o(.text)
    CAN1_RX1_IRQHandler                      0x0800026f   Thumb Code     0  startup_stm32f429_439xx.o(.text)
    CAN1_SCE_IRQHandler                      0x0800026f   Thumb Code     0  startup_stm32f429_439xx.o(.text)
    CAN1_TX_IRQHandler                       0x0800026f   Thumb Code     0  startup_stm32f429_439xx.o(.text)
    CAN2_RX0_IRQHandler                      0x0800026f   Thumb Code     0  startup_stm32f429_439xx.o(.text)
    CAN2_RX1_IRQHandler                      0x0800026f   Thumb Code     0  startup_stm32f429_439xx.o(.text)
    CAN2_SCE_IRQHandler                      0x0800026f   Thumb Code     0  startup_stm32f429_439xx.o(.text)
    CAN2_TX_IRQHandler                       0x0800026f   Thumb Code     0  startup_stm32f429_439xx.o(.text)
    CRYP_IRQHandler                          0x0800026f   Thumb Code     0  startup_stm32f429_439xx.o(.text)
    DCMI_IRQHandler                          0x0800026f   Thumb Code     0  startup_stm32f429_439xx.o(.text)
    DMA2D_IRQHandler                         0x0800026f   Thumb Code     0  startup_stm32f429_439xx.o(.text)
    ETH_IRQHandler                           0x0800026f   Thumb Code     0  startup_stm32f429_439xx.o(.text)
    ETH_WKUP_IRQHandler                      0x0800026f   Thumb Code     0  startup_stm32f429_439xx.o(.text)
    EXTI0_IRQHandler                         0x0800026f   Thumb Code     0  startup_stm32f429_439xx.o(.text)
    EXTI15_10_IRQHandler                     0x0800026f   Thumb Code     0  startup_stm32f429_439xx.o(.text)
    EXTI1_IRQHandler                         0x0800026f   Thumb Code     0  startup_stm32f429_439xx.o(.text)
    EXTI2_IRQHandler                         0x0800026f   Thumb Code     0  startup_stm32f429_439xx.o(.text)
    EXTI3_IRQHandler                         0x0800026f   Thumb Code     0  startup_stm32f429_439xx.o(.text)
    EXTI4_IRQHandler                         0x0800026f   Thumb Code     0  startup_stm32f429_439xx.o(.text)
    EXTI9_5_IRQHandler                       0x0800026f   Thumb Code     0  startup_stm32f429_439xx.o(.text)
    FLASH_IRQHandler                         0x0800026f   Thumb Code     0  startup_stm32f429_439xx.o(.text)
    FMC_IRQHandler                           0x0800026f   Thumb Code     0  startup_stm32f429_439xx.o(.text)
    FPU_IRQHandler                           0x0800026f   Thumb Code     0  startup_stm32f429_439xx.o(.text)
    HASH_RNG_IRQHandler                      0x0800026f   Thumb Code     0  startup_stm32f429_439xx.o(.text)
    I2C1_ER_IRQHandler                       0x0800026f   Thumb Code     0  startup_stm32f429_439xx.o(.text)
    I2C1_EV_IRQHandler                       0x0800026f   Thumb Code     0  startup_stm32f429_439xx.o(.text)
    I2C2_ER_IRQHandler                       0x0800026f   Thumb Code     0  startup_stm32f429_439xx.o(.text)
    I2C2_EV_IRQHandler                       0x0800026f   Thumb Code     0  startup_stm32f429_439xx.o(.text)
    I2C3_ER_IRQHandler                       0x0800026f   Thumb Code     0  startup_stm32f429_439xx.o(.text)
    I2C3_EV_IRQHandler                       0x0800026f   Thumb Code     0  startup_stm32f429_439xx.o(.text)
    LTDC_ER_IRQHandler                       0x0800026f   Thumb Code     0  startup_stm32f429_439xx.o(.text)
    LTDC_IRQHandler                          0x0800026f   Thumb Code     0  startup_stm32f429_439xx.o(.text)
    OTG_FS_IRQHandler                        0x0800026f   Thumb Code     0  startup_stm32f429_439xx.o(.text)
    OTG_FS_WKUP_IRQHandler                   0x0800026f   Thumb Code     0  startup_stm32f429_439xx.o(.text)
    OTG_HS_EP1_IN_IRQHandler                 0x0800026f   Thumb Code     0  startup_stm32f429_439xx.o(.text)
    OTG_HS_EP1_OUT_IRQHandler                0x0800026f   Thumb Code     0  startup_stm32f429_439xx.o(.text)
    OTG_HS_IRQHandler                        0x0800026f   Thumb Code     0  startup_stm32f429_439xx.o(.text)
    OTG_HS_WKUP_IRQHandler                   0x0800026f   Thumb Code     0  startup_stm32f429_439xx.o(.text)
    PVD_IRQHandler                           0x0800026f   Thumb Code     0  startup_stm32f429_439xx.o(.text)
    RCC_IRQHandler                           0x0800026f   Thumb Code     0  startup_stm32f429_439xx.o(.text)
    RTC_Alarm_IRQHandler                     0x0800026f   Thumb Code     0  startup_stm32f429_439xx.o(.text)
    RTC_WKUP_IRQHandler                      0x0800026f   Thumb Code     0  startup_stm32f429_439xx.o(.text)
    SAI1_IRQHandler                          0x0800026f   Thumb Code     0  startup_stm32f429_439xx.o(.text)
    SDIO_IRQHandler                          0x0800026f   Thumb Code     0  startup_stm32f429_439xx.o(.text)
    SPI1_IRQHandler                          0x0800026f   Thumb Code     0  startup_stm32f429_439xx.o(.text)
    SPI2_IRQHandler                          0x0800026f   Thumb Code     0  startup_stm32f429_439xx.o(.text)
    SPI3_IRQHandler                          0x0800026f   Thumb Code     0  startup_stm32f429_439xx.o(.text)
    SPI4_IRQHandler                          0x0800026f   Thumb Code     0  startup_stm32f429_439xx.o(.text)
    SPI5_IRQHandler                          0x0800026f   Thumb Code     0  startup_stm32f429_439xx.o(.text)
    SPI6_IRQHandler                          0x0800026f   Thumb Code     0  startup_stm32f429_439xx.o(.text)
    TAMP_STAMP_IRQHandler                    0x0800026f   Thumb Code     0  startup_stm32f429_439xx.o(.text)
    TIM1_BRK_TIM9_IRQHandler                 0x0800026f   Thumb Code     0  startup_stm32f429_439xx.o(.text)
    TIM1_CC_IRQHandler                       0x0800026f   Thumb Code     0  startup_stm32f429_439xx.o(.text)
    TIM1_TRG_COM_TIM11_IRQHandler            0x0800026f   Thumb Code     0  startup_stm32f429_439xx.o(.text)
    TIM1_UP_TIM10_IRQHandler                 0x0800026f   Thumb Code     0  startup_stm32f429_439xx.o(.text)
    TIM2_IRQHandler                          0x0800026f   Thumb Code     0  startup_stm32f429_439xx.o(.text)
    TIM3_IRQHandler                          0x0800026f   Thumb Code     0  startup_stm32f429_439xx.o(.text)
    TIM4_IRQHandler                          0x0800026f   Thumb Code     0  startup_stm32f429_439xx.o(.text)
    TIM5_IRQHandler                          0x0800026f   Thumb Code     0  startup_stm32f429_439xx.o(.text)
    TIM6_DAC_IRQHandler                      0x0800026f   Thumb Code     0  startup_stm32f429_439xx.o(.text)
    TIM7_IRQHandler                          0x0800026f   Thumb Code     0  startup_stm32f429_439xx.o(.text)
    TIM8_BRK_TIM12_IRQHandler                0x0800026f   Thumb Code     0  startup_stm32f429_439xx.o(.text)
    TIM8_CC_IRQHandler                       0x0800026f   Thumb Code     0  startup_stm32f429_439xx.o(.text)
    TIM8_TRG_COM_TIM14_IRQHandler            0x0800026f   Thumb Code     0  startup_stm32f429_439xx.o(.text)
    TIM8_UP_TIM13_IRQHandler                 0x0800026f   Thumb Code     0  startup_stm32f429_439xx.o(.text)
    UART4_IRQHandler                         0x0800026f   Thumb Code     0  startup_stm32f429_439xx.o(.text)
    UART5_IRQHandler                         0x0800026f   Thumb Code     0  startup_stm32f429_439xx.o(.text)
    UART7_IRQHandler                         0x0800026f   Thumb Code     0  startup_stm32f429_439xx.o(.text)
    UART8_IRQHandler                         0x0800026f   Thumb Code     0  startup_stm32f429_439xx.o(.text)
    USART1_IRQHandler                        0x0800026f   Thumb Code     0  startup_stm32f429_439xx.o(.text)
    USART2_IRQHandler                        0x0800026f   Thumb Code     0  startup_stm32f429_439xx.o(.text)
    USART3_IRQHandler                        0x0800026f   Thumb Code     0  startup_stm32f429_439xx.o(.text)
    USART6_IRQHandler                        0x0800026f   Thumb Code     0  startup_stm32f429_439xx.o(.text)
    WWDG_IRQHandler                          0x0800026f   Thumb Code     0  startup_stm32f429_439xx.o(.text)
    __user_initial_stackheap                 0x08000271   Thumb Code     0  startup_stm32f429_439xx.o(.text)
    NVIC_PriorityGroupConfig                 0x08000295   Thumb Code    10  misc.o(.text)
    NVIC_Init                                0x0800029f   Thumb Code   106  misc.o(.text)
    NVIC_SetVectorTable                      0x08000309   Thumb Code    14  misc.o(.text)
    NVIC_SystemLPConfig                      0x08000317   Thumb Code    34  misc.o(.text)
    SysTick_CLKSourceConfig                  0x08000339   Thumb Code    40  misc.o(.text)
    RCC_DeInit                               0x08000375   Thumb Code    82  stm32f4xx_rcc.o(.text)
    RCC_HSEConfig                            0x080003c7   Thumb Code    14  stm32f4xx_rcc.o(.text)
    RCC_GetFlagStatus                        0x080003d5   Thumb Code    60  stm32f4xx_rcc.o(.text)
    RCC_WaitForHSEStartUp                    0x08000411   Thumb Code    56  stm32f4xx_rcc.o(.text)
    RCC_AdjustHSICalibrationValue            0x08000449   Thumb Code    20  stm32f4xx_rcc.o(.text)
    RCC_HSICmd                               0x0800045d   Thumb Code     6  stm32f4xx_rcc.o(.text)
    RCC_LSEConfig                            0x08000463   Thumb Code    46  stm32f4xx_rcc.o(.text)
    RCC_LSICmd                               0x08000491   Thumb Code     6  stm32f4xx_rcc.o(.text)
    RCC_PLLConfig                            0x08000497   Thumb Code    32  stm32f4xx_rcc.o(.text)
    RCC_PLLCmd                               0x080004b7   Thumb Code     6  stm32f4xx_rcc.o(.text)
    RCC_PLLI2SConfig                         0x080004bd   Thumb Code    20  stm32f4xx_rcc.o(.text)
    RCC_PLLI2SCmd                            0x080004d1   Thumb Code     6  stm32f4xx_rcc.o(.text)
    RCC_PLLSAIConfig                         0x080004d7   Thumb Code    20  stm32f4xx_rcc.o(.text)
    RCC_PLLSAICmd                            0x080004eb   Thumb Code     6  stm32f4xx_rcc.o(.text)
    RCC_ClockSecuritySystemCmd               0x080004f1   Thumb Code     6  stm32f4xx_rcc.o(.text)
    RCC_MCO1Config                           0x080004f7   Thumb Code    28  stm32f4xx_rcc.o(.text)
    RCC_MCO2Config                           0x08000513   Thumb Code    28  stm32f4xx_rcc.o(.text)
    RCC_SYSCLKConfig                         0x0800052f   Thumb Code    20  stm32f4xx_rcc.o(.text)
    RCC_GetSYSCLKSource                      0x08000543   Thumb Code    12  stm32f4xx_rcc.o(.text)
    RCC_HCLKConfig                           0x0800054f   Thumb Code    20  stm32f4xx_rcc.o(.text)
    RCC_PCLK1Config                          0x08000563   Thumb Code    20  stm32f4xx_rcc.o(.text)
    RCC_PCLK2Config                          0x08000577   Thumb Code    22  stm32f4xx_rcc.o(.text)
    RCC_GetClocksFreq                        0x0800058d   Thumb Code   222  stm32f4xx_rcc.o(.text)
    RCC_RTCCLKConfig                         0x0800066b   Thumb Code    54  stm32f4xx_rcc.o(.text)
    RCC_RTCCLKCmd                            0x080006a1   Thumb Code     8  stm32f4xx_rcc.o(.text)
    RCC_BackupResetCmd                       0x080006a9   Thumb Code     8  stm32f4xx_rcc.o(.text)
    RCC_I2SCLKConfig                         0x080006b1   Thumb Code     6  stm32f4xx_rcc.o(.text)
    RCC_SAIBlockACLKConfig                   0x080006b7   Thumb Code    20  stm32f4xx_rcc.o(.text)
    RCC_SAIBlockBCLKConfig                   0x080006cb   Thumb Code    20  stm32f4xx_rcc.o(.text)
    RCC_SAIPLLI2SClkDivConfig                0x080006df   Thumb Code    26  stm32f4xx_rcc.o(.text)
    RCC_SAIPLLSAIClkDivConfig                0x080006f9   Thumb Code    28  stm32f4xx_rcc.o(.text)
    RCC_LTDCCLKDivConfig                     0x08000715   Thumb Code    20  stm32f4xx_rcc.o(.text)
    RCC_TIMCLKPresConfig                     0x08000729   Thumb Code     6  stm32f4xx_rcc.o(.text)
    RCC_AHB1PeriphClockCmd                   0x0800072f   Thumb Code    82  stm32f4xx_rcc.o(.text)
    RCC_AHB2PeriphClockCmd                   0x08000781   Thumb Code    26  stm32f4xx_rcc.o(.text)
    RCC_AHB3PeriphClockCmd                   0x0800079b   Thumb Code    34  stm32f4xx_rcc.o(.text)
    RCC_APB1PeriphClockCmd                   0x080007bd   Thumb Code    34  stm32f4xx_rcc.o(.text)
    RCC_APB2PeriphClockCmd                   0x080007df   Thumb Code    34  stm32f4xx_rcc.o(.text)
    RCC_AHB1PeriphResetCmd                   0x08000801   Thumb Code    34  stm32f4xx_rcc.o(.text)
    RCC_AHB2PeriphResetCmd                   0x08000823   Thumb Code    34  stm32f4xx_rcc.o(.text)
    RCC_AHB3PeriphResetCmd                   0x08000845   Thumb Code    34  stm32f4xx_rcc.o(.text)
    RCC_APB1PeriphResetCmd                   0x08000867   Thumb Code    34  stm32f4xx_rcc.o(.text)
    RCC_APB2PeriphResetCmd                   0x08000889   Thumb Code    34  stm32f4xx_rcc.o(.text)
    RCC_AHB1PeriphClockLPModeCmd             0x080008ab   Thumb Code    34  stm32f4xx_rcc.o(.text)
    RCC_AHB2PeriphClockLPModeCmd             0x080008cd   Thumb Code    34  stm32f4xx_rcc.o(.text)
    RCC_AHB3PeriphClockLPModeCmd             0x080008ef   Thumb Code    34  stm32f4xx_rcc.o(.text)
    RCC_APB1PeriphClockLPModeCmd             0x08000911   Thumb Code    34  stm32f4xx_rcc.o(.text)
    RCC_APB2PeriphClockLPModeCmd             0x08000933   Thumb Code    34  stm32f4xx_rcc.o(.text)
    RCC_LSEModeConfig                        0x08000955   Thumb Code    40  stm32f4xx_rcc.o(.text)
    RCC_ITConfig                             0x0800097d   Thumb Code    34  stm32f4xx_rcc.o(.text)
    RCC_ClearFlag                            0x0800099f   Thumb Code    18  stm32f4xx_rcc.o(.text)
    RCC_GetITStatus                          0x080009b1   Thumb Code    22  stm32f4xx_rcc.o(.text)
    RCC_ClearITPendingBit                    0x080009c7   Thumb Code     8  stm32f4xx_rcc.o(.text)
    GPIO_DeInit                              0x080009d5   Thumb Code   268  stm32f4xx_gpio.o(.text)
    GPIO_Init                                0x08000ae1   Thumb Code   144  stm32f4xx_gpio.o(.text)
    GPIO_StructInit                          0x08000b71   Thumb Code    18  stm32f4xx_gpio.o(.text)
    GPIO_PinLockConfig                       0x08000b83   Thumb Code    34  stm32f4xx_gpio.o(.text)
    GPIO_ReadInputDataBit                    0x08000ba5   Thumb Code    18  stm32f4xx_gpio.o(.text)
    GPIO_ReadInputData                       0x08000bb7   Thumb Code     8  stm32f4xx_gpio.o(.text)
    GPIO_ReadOutputDataBit                   0x08000bbf   Thumb Code    18  stm32f4xx_gpio.o(.text)
    GPIO_ReadOutputData                      0x08000bd1   Thumb Code     8  stm32f4xx_gpio.o(.text)
    GPIO_SetBits                             0x08000bd9   Thumb Code     4  stm32f4xx_gpio.o(.text)
    GPIO_ResetBits                           0x08000bdd   Thumb Code     4  stm32f4xx_gpio.o(.text)
    GPIO_WriteBit                            0x08000be1   Thumb Code    10  stm32f4xx_gpio.o(.text)
    GPIO_Write                               0x08000beb   Thumb Code     4  stm32f4xx_gpio.o(.text)
    GPIO_ToggleBits                          0x08000bef   Thumb Code     8  stm32f4xx_gpio.o(.text)
    GPIO_PinAFConfig                         0x08000bf7   Thumb Code    70  stm32f4xx_gpio.o(.text)
    SPI_I2S_DeInit                           0x08000c69   Thumb Code   152  stm32f4xx_spi.o(.text)
    SPI_Init                                 0x08000d01   Thumb Code    60  stm32f4xx_spi.o(.text)
    I2S_Init                                 0x08000d3d   Thumb Code   396  stm32f4xx_spi.o(.text)
    SPI_StructInit                           0x08000ec9   Thumb Code    24  stm32f4xx_spi.o(.text)
    I2S_StructInit                           0x08000ee1   Thumb Code    20  stm32f4xx_spi.o(.text)
    SPI_Cmd                                  0x08000ef5   Thumb Code    24  stm32f4xx_spi.o(.text)
    I2S_Cmd                                  0x08000f0d   Thumb Code    24  stm32f4xx_spi.o(.text)
    SPI_DataSizeConfig                       0x08000f25   Thumb Code    18  stm32f4xx_spi.o(.text)
    SPI_BiDirectionalLineConfig              0x08000f37   Thumb Code    28  stm32f4xx_spi.o(.text)
    SPI_NSSInternalSoftwareConfig            0x08000f53   Thumb Code    30  stm32f4xx_spi.o(.text)
    SPI_SSOutputCmd                          0x08000f71   Thumb Code    24  stm32f4xx_spi.o(.text)
    SPI_TIModeCmd                            0x08000f89   Thumb Code    24  stm32f4xx_spi.o(.text)
    I2S_FullDuplexConfig                     0x08000fa1   Thumb Code    80  stm32f4xx_spi.o(.text)
    SPI_I2S_ReceiveData                      0x08000ff1   Thumb Code     6  stm32f4xx_spi.o(.text)
    SPI_I2S_SendData                         0x08000ff7   Thumb Code     4  stm32f4xx_spi.o(.text)
    SPI_CalculateCRC                         0x08000ffb   Thumb Code    24  stm32f4xx_spi.o(.text)
    SPI_TransmitCRC                          0x08001013   Thumb Code    10  stm32f4xx_spi.o(.text)
    SPI_GetCRC                               0x0800101d   Thumb Code    16  stm32f4xx_spi.o(.text)
    SPI_GetCRCPolynomial                     0x0800102d   Thumb Code     6  stm32f4xx_spi.o(.text)
    SPI_I2S_DMACmd                           0x08001033   Thumb Code    18  stm32f4xx_spi.o(.text)
    SPI_I2S_ITConfig                         0x08001045   Thumb Code    68  stm32f4xx_spi.o(.text)
    SPI_I2S_GetFlagStatus                    0x08001089   Thumb Code    18  stm32f4xx_spi.o(.text)
    SPI_I2S_ClearFlag                        0x0800109b   Thumb Code     6  stm32f4xx_spi.o(.text)
    SPI_I2S_GetITStatus                      0x080010a1   Thumb Code    52  stm32f4xx_spi.o(.text)
    SPI_I2S_ClearITPendingBit                0x080010d5   Thumb Code    20  stm32f4xx_spi.o(.text)
    DMA_DeInit                               0x080010e9   Thumb Code   324  stm32f4xx_dma.o(.text)
    DMA_Init                                 0x0800122d   Thumb Code    82  stm32f4xx_dma.o(.text)
    DMA_StructInit                           0x0800127f   Thumb Code    34  stm32f4xx_dma.o(.text)
    DMA_Cmd                                  0x080012a1   Thumb Code    22  stm32f4xx_dma.o(.text)
    DMA_PeriphIncOffsetSizeConfig            0x080012b7   Thumb Code    22  stm32f4xx_dma.o(.text)
    DMA_FlowControllerConfig                 0x080012cd   Thumb Code    22  stm32f4xx_dma.o(.text)
    DMA_SetCurrDataCounter                   0x080012e3   Thumb Code     4  stm32f4xx_dma.o(.text)
    DMA_GetCurrDataCounter                   0x080012e7   Thumb Code     8  stm32f4xx_dma.o(.text)
    DMA_DoubleBufferModeConfig               0x080012ef   Thumb Code    24  stm32f4xx_dma.o(.text)
    DMA_DoubleBufferModeCmd                  0x08001307   Thumb Code    22  stm32f4xx_dma.o(.text)
    DMA_MemoryTargetConfig                   0x0800131d   Thumb Code    10  stm32f4xx_dma.o(.text)
    DMA_GetCurrentMemoryTarget               0x08001327   Thumb Code    20  stm32f4xx_dma.o(.text)
    DMA_GetCmdStatus                         0x0800133b   Thumb Code    20  stm32f4xx_dma.o(.text)
    DMA_GetFIFOStatus                        0x0800134f   Thumb Code    12  stm32f4xx_dma.o(.text)
    DMA_GetFlagStatus                        0x0800135b   Thumb Code    56  stm32f4xx_dma.o(.text)
    DMA_ClearFlag                            0x08001393   Thumb Code    40  stm32f4xx_dma.o(.text)
    DMA_ITConfig                             0x080013bb   Thumb Code    58  stm32f4xx_dma.o(.text)
    DMA_GetITStatus                          0x080013f5   Thumb Code    84  stm32f4xx_dma.o(.text)
    DMA_ClearITPendingBit                    0x08001449   Thumb Code    40  stm32f4xx_dma.o(.text)
    TIM_DeInit                               0x08001491   Thumb Code   346  stm32f4xx_tim.o(.text)
    TIM_TimeBaseInit                         0x080015eb   Thumb Code   104  stm32f4xx_tim.o(.text)
    TIM_TimeBaseStructInit                   0x08001653   Thumb Code    18  stm32f4xx_tim.o(.text)
    TIM_PrescalerConfig                      0x08001665   Thumb Code     6  stm32f4xx_tim.o(.text)
    TIM_CounterModeConfig                    0x0800166b   Thumb Code    18  stm32f4xx_tim.o(.text)
    TIM_SetCounter                           0x0800167d   Thumb Code     4  stm32f4xx_tim.o(.text)
    TIM_SetAutoreload                        0x08001681   Thumb Code     4  stm32f4xx_tim.o(.text)
    TIM_GetCounter                           0x08001685   Thumb Code     6  stm32f4xx_tim.o(.text)
    TIM_GetPrescaler                         0x0800168b   Thumb Code     6  stm32f4xx_tim.o(.text)
    TIM_UpdateDisableConfig                  0x08001691   Thumb Code    24  stm32f4xx_tim.o(.text)
    TIM_UpdateRequestConfig                  0x080016a9   Thumb Code    24  stm32f4xx_tim.o(.text)
    TIM_ARRPreloadConfig                     0x080016c1   Thumb Code    24  stm32f4xx_tim.o(.text)
    TIM_SelectOnePulseMode                   0x080016d9   Thumb Code    18  stm32f4xx_tim.o(.text)
    TIM_SetClockDivision                     0x080016eb   Thumb Code    18  stm32f4xx_tim.o(.text)
    TIM_Cmd                                  0x080016fd   Thumb Code    24  stm32f4xx_tim.o(.text)
    TIM_OC1Init                              0x08001715   Thumb Code   114  stm32f4xx_tim.o(.text)
    TIM_OC2Init                              0x08001787   Thumb Code   154  stm32f4xx_tim.o(.text)
    TIM_OC3Init                              0x08001821   Thumb Code   204  stm32f4xx_tim.o(.text)
    TIM_OC4Init                              0x080018ed   Thumb Code   112  stm32f4xx_tim.o(.text)
    TIM_OCStructInit                         0x0800195d   Thumb Code    20  stm32f4xx_tim.o(.text)
    TIM_SelectOCxM                           0x08001971   Thumb Code    86  stm32f4xx_tim.o(.text)
    TIM_SetCompare1                          0x080019c7   Thumb Code     4  stm32f4xx_tim.o(.text)
    TIM_SetCompare2                          0x080019cb   Thumb Code     4  stm32f4xx_tim.o(.text)
    TIM_SetCompare3                          0x080019cf   Thumb Code     4  stm32f4xx_tim.o(.text)
    TIM_SetCompare4                          0x080019d3   Thumb Code     4  stm32f4xx_tim.o(.text)
    TIM_ForcedOC1Config                      0x080019d7   Thumb Code    18  stm32f4xx_tim.o(.text)
    TIM_ForcedOC2Config                      0x080019e9   Thumb Code    26  stm32f4xx_tim.o(.text)
    TIM_ForcedOC3Config                      0x08001a03   Thumb Code    18  stm32f4xx_tim.o(.text)
    TIM_ForcedOC4Config                      0x08001a15   Thumb Code    26  stm32f4xx_tim.o(.text)
    TIM_OC1PreloadConfig                     0x08001a2f   Thumb Code    18  stm32f4xx_tim.o(.text)
    TIM_OC2PreloadConfig                     0x08001a41   Thumb Code    26  stm32f4xx_tim.o(.text)
    TIM_OC3PreloadConfig                     0x08001a5b   Thumb Code    18  stm32f4xx_tim.o(.text)
    TIM_OC4PreloadConfig                     0x08001a6d   Thumb Code    26  stm32f4xx_tim.o(.text)
    TIM_OC1FastConfig                        0x08001a87   Thumb Code    18  stm32f4xx_tim.o(.text)
    TIM_OC2FastConfig                        0x08001a99   Thumb Code    26  stm32f4xx_tim.o(.text)
    TIM_OC3FastConfig                        0x08001ab3   Thumb Code    18  stm32f4xx_tim.o(.text)
    TIM_OC4FastConfig                        0x08001ac5   Thumb Code    26  stm32f4xx_tim.o(.text)
    TIM_ClearOC1Ref                          0x08001adf   Thumb Code    18  stm32f4xx_tim.o(.text)
    TIM_ClearOC2Ref                          0x08001af1   Thumb Code    24  stm32f4xx_tim.o(.text)
    TIM_ClearOC3Ref                          0x08001b09   Thumb Code    18  stm32f4xx_tim.o(.text)
    TIM_ClearOC4Ref                          0x08001b1b   Thumb Code    24  stm32f4xx_tim.o(.text)
    TIM_OC1PolarityConfig                    0x08001b33   Thumb Code    18  stm32f4xx_tim.o(.text)
    TIM_OC1NPolarityConfig                   0x08001b45   Thumb Code    18  stm32f4xx_tim.o(.text)
    TIM_OC2PolarityConfig                    0x08001b57   Thumb Code    26  stm32f4xx_tim.o(.text)
    TIM_OC2NPolarityConfig                   0x08001b71   Thumb Code    26  stm32f4xx_tim.o(.text)
    TIM_OC3PolarityConfig                    0x08001b8b   Thumb Code    26  stm32f4xx_tim.o(.text)
    TIM_OC3NPolarityConfig                   0x08001ba5   Thumb Code    26  stm32f4xx_tim.o(.text)
    TIM_OC4PolarityConfig                    0x08001bbf   Thumb Code    26  stm32f4xx_tim.o(.text)
    TIM_CCxCmd                               0x08001bd9   Thumb Code    30  stm32f4xx_tim.o(.text)
    TIM_CCxNCmd                              0x08001bf7   Thumb Code    30  stm32f4xx_tim.o(.text)
    TIM_SetIC4Prescaler                      0x08001c15   Thumb Code    26  stm32f4xx_tim.o(.text)
    TIM_SetIC3Prescaler                      0x08001c7f   Thumb Code    18  stm32f4xx_tim.o(.text)
    TIM_SetIC2Prescaler                      0x08001cd9   Thumb Code    26  stm32f4xx_tim.o(.text)
    TIM_SetIC1Prescaler                      0x08001d4d   Thumb Code    18  stm32f4xx_tim.o(.text)
    TIM_ICInit                               0x08001d99   Thumb Code   110  stm32f4xx_tim.o(.text)
    TIM_ICStructInit                         0x08001e07   Thumb Code    18  stm32f4xx_tim.o(.text)
    TIM_PWMIConfig                           0x08001e19   Thumb Code   124  stm32f4xx_tim.o(.text)
    TIM_GetCapture1                          0x08001e95   Thumb Code     6  stm32f4xx_tim.o(.text)
    TIM_GetCapture2                          0x08001e9b   Thumb Code     6  stm32f4xx_tim.o(.text)
    TIM_GetCapture3                          0x08001ea1   Thumb Code     6  stm32f4xx_tim.o(.text)
    TIM_GetCapture4                          0x08001ea7   Thumb Code     6  stm32f4xx_tim.o(.text)
    TIM_BDTRConfig                           0x08001ead   Thumb Code    32  stm32f4xx_tim.o(.text)
    TIM_BDTRStructInit                       0x08001ecd   Thumb Code    18  stm32f4xx_tim.o(.text)
    TIM_CtrlPWMOutputs                       0x08001edf   Thumb Code    30  stm32f4xx_tim.o(.text)
    TIM_SelectCOM                            0x08001efd   Thumb Code    24  stm32f4xx_tim.o(.text)
    TIM_CCPreloadControl                     0x08001f15   Thumb Code    24  stm32f4xx_tim.o(.text)
    TIM_ITConfig                             0x08001f2d   Thumb Code    18  stm32f4xx_tim.o(.text)
    TIM_GenerateEvent                        0x08001f3f   Thumb Code     4  stm32f4xx_tim.o(.text)
    TIM_GetFlagStatus                        0x08001f43   Thumb Code    18  stm32f4xx_tim.o(.text)
    TIM_ClearFlag                            0x08001f55   Thumb Code     6  stm32f4xx_tim.o(.text)
    TIM_GetITStatus                          0x08001f5b   Thumb Code    34  stm32f4xx_tim.o(.text)
    TIM_ClearITPendingBit                    0x08001f7d   Thumb Code     6  stm32f4xx_tim.o(.text)
    TIM_DMAConfig                            0x08001f83   Thumb Code    10  stm32f4xx_tim.o(.text)
    TIM_DMACmd                               0x08001f8d   Thumb Code    18  stm32f4xx_tim.o(.text)
    TIM_SelectCCDMA                          0x08001f9f   Thumb Code    24  stm32f4xx_tim.o(.text)
    TIM_InternalClockConfig                  0x08001fb7   Thumb Code    12  stm32f4xx_tim.o(.text)
    TIM_SelectInputTrigger                   0x08001fc3   Thumb Code    18  stm32f4xx_tim.o(.text)
    TIM_ITRxExternalClockConfig              0x08001fd5   Thumb Code    24  stm32f4xx_tim.o(.text)
    TIM_TIxExternalClockConfig               0x08001fed   Thumb Code    62  stm32f4xx_tim.o(.text)
    TIM_ETRConfig                            0x0800202b   Thumb Code    28  stm32f4xx_tim.o(.text)
    TIM_ETRClockMode1Config                  0x08002047   Thumb Code    54  stm32f4xx_tim.o(.text)
    TIM_ETRClockMode2Config                  0x0800207d   Thumb Code    32  stm32f4xx_tim.o(.text)
    TIM_SelectOutputTrigger                  0x0800209d   Thumb Code    18  stm32f4xx_tim.o(.text)
    TIM_SelectSlaveMode                      0x080020af   Thumb Code    18  stm32f4xx_tim.o(.text)
    TIM_SelectMasterSlaveMode                0x080020c1   Thumb Code    18  stm32f4xx_tim.o(.text)
    TIM_EncoderInterfaceConfig               0x080020d3   Thumb Code    66  stm32f4xx_tim.o(.text)
    TIM_SelectHallSensor                     0x08002115   Thumb Code    24  stm32f4xx_tim.o(.text)
    TIM_RemapConfig                          0x0800212d   Thumb Code     6  stm32f4xx_tim.o(.text)
    TimingDelay_Decrement                    0x08002135   Thumb Code   162  tm_stm32f4_delay.o(.text)
    TM_DELAY_Init                            0x080021d7   Thumb Code   110  tm_stm32f4_delay.o(.text)
    TM_DELAY_EnableDelayTimer                0x08002245   Thumb Code    28  tm_stm32f4_delay.o(.text)
    TM_DELAY_DisableDelayTimer               0x08002261   Thumb Code    18  tm_stm32f4_delay.o(.text)
    TM_DELAY_TimerCreate                     0x08002273   Thumb Code    90  tm_stm32f4_delay.o(.text)
    TM_DELAY_TimerDelete                     0x080022cd   Thumb Code   126  tm_stm32f4_delay.o(.text)
    TM_DELAY_TimerStop                       0x0800234b   Thumb Code     6  tm_stm32f4_delay.o(.text)
    TM_DELAY_TimerStart                      0x08002351   Thumb Code     6  tm_stm32f4_delay.o(.text)
    TM_DELAY_TimerReset                      0x08002357   Thumb Code     6  tm_stm32f4_delay.o(.text)
    TM_DELAY_TimerAutoReload                 0x0800235d   Thumb Code     4  tm_stm32f4_delay.o(.text)
    TM_DELAY_TimerAutoReloadValue            0x08002361   Thumb Code     4  tm_stm32f4_delay.o(.text)
    TM_DISCO_LedInit                         0x08002389   Thumb Code    34  tm_stm32f4_disco.o(.text)
    TM_DISCO_ButtonInit                      0x080023ab   Thumb Code    24  tm_stm32f4_disco.o(.text)
    TM_DISCO_ButtonOnPressed                 0x080023c3   Thumb Code    38  tm_stm32f4_disco.o(.text)
    TM_DISCO_ButtonOnReleased                0x080023e9   Thumb Code    40  tm_stm32f4_disco.o(.text)
    TM_MFRC522_ReadRegister                  0x0800245f   Thumb Code    48  tm_stm32f4_mfrc522.o(.text)
    TM_MFRC522_WriteRegister                 0x0800248f   Thumb Code    42  tm_stm32f4_mfrc522.o(.text)
    TM_MFRC522_SetBitMask                    0x080024b9   Thumb Code    26  tm_stm32f4_mfrc522.o(.text)
    TM_MFRC522_AntennaOn                     0x080024d3   Thumb Code    26  tm_stm32f4_mfrc522.o(.text)
    TM_MFRC522_Reset                         0x080024ed   Thumb Code    12  tm_stm32f4_mfrc522.o(.text)
    TM_MFRC522_InitPins                      0x080024f9   Thumb Code    56  tm_stm32f4_mfrc522.o(.text)
    TM_MFRC522_Init                          0x08002531   Thumb Code    80  tm_stm32f4_mfrc522.o(.text)
    TM_MFRC522_ClearBitMask                  0x08002581   Thumb Code    26  tm_stm32f4_mfrc522.o(.text)
    TM_MFRC522_ToCard                        0x0800259b   Thumb Code   300  tm_stm32f4_mfrc522.o(.text)
    TM_MFRC522_CalculateCRC                  0x080026c7   Thumb Code   100  tm_stm32f4_mfrc522.o(.text)
    TM_MFRC522_Halt                          0x0800272b   Thumb Code    44  tm_stm32f4_mfrc522.o(.text)
    TM_MFRC522_Anticoll                      0x08002757   Thumb Code    74  tm_stm32f4_mfrc522.o(.text)
    TM_MFRC522_Request                       0x080027a1   Thumb Code    50  tm_stm32f4_mfrc522.o(.text)
    TM_MFRC522_Check                         0x080027d3   Thumb Code    32  tm_stm32f4_mfrc522.o(.text)
    TM_MFRC522_Compare                       0x080027f3   Thumb Code    34  tm_stm32f4_mfrc522.o(.text)
    TM_MFRC522_AntennaOff                    0x08002815   Thumb Code    12  tm_stm32f4_mfrc522.o(.text)
    TM_MFRC522_SelectTag                     0x08002821   Thumb Code   102  tm_stm32f4_mfrc522.o(.text)
    TM_MFRC522_Auth                          0x08002887   Thumb Code   110  tm_stm32f4_mfrc522.o(.text)
    TM_MFRC522_Read                          0x080028f5   Thumb Code    56  tm_stm32f4_mfrc522.o(.text)
    TM_MFRC522_Write                         0x0800292d   Thumb Code   150  tm_stm32f4_mfrc522.o(.text)
    TM_SPI_InitCustomPinsCallback            0x080029c5   Thumb Code     2  tm_stm32f4_spi.o(.text)
    TM_SPI6_INT_InitPins                     0x080029c7   Thumb Code    42  tm_stm32f4_spi.o(.text)
    TM_SPI5_INT_InitPins                     0x080029f1   Thumb Code    86  tm_stm32f4_spi.o(.text)
    TM_SPI4_INT_InitPins                     0x08002a47   Thumb Code    66  tm_stm32f4_spi.o(.text)
    TM_SPI3_INT_InitPins                     0x08002a89   Thumb Code    66  tm_stm32f4_spi.o(.text)
    TM_SPI2_INT_InitPins                     0x08002acb   Thumb Code   112  tm_stm32f4_spi.o(.text)
    TM_SPI1_INT_InitPins                     0x08002b3b   Thumb Code    64  tm_stm32f4_spi.o(.text)
    TM_SPI_Init                              0x08002cc9   Thumb Code   176  tm_stm32f4_spi.o(.text)
    TM_SPI_InitWithMode                      0x08002d79   Thumb Code   240  tm_stm32f4_spi.o(.text)
    TM_SPI_InitFull                          0x08002e69   Thumb Code   140  tm_stm32f4_spi.o(.text)
    TM_SPI_GetPrescalerFromMaxFrequency      0x08002ef5   Thumb Code    88  tm_stm32f4_spi.o(.text)
    TM_SPI_SetDataSize                       0x08002f4d   Thumb Code    48  tm_stm32f4_spi.o(.text)
    TM_SPI_SendMulti                         0x08002f7d   Thumb Code    80  tm_stm32f4_spi.o(.text)
    TM_SPI_WriteMulti                        0x08002fcd   Thumb Code    78  tm_stm32f4_spi.o(.text)
    TM_SPI_ReadMulti                         0x0800301b   Thumb Code    78  tm_stm32f4_spi.o(.text)
    TM_SPI_SendMulti16                       0x08003069   Thumb Code    84  tm_stm32f4_spi.o(.text)
    TM_SPI_WriteMulti16                      0x080030bd   Thumb Code    80  tm_stm32f4_spi.o(.text)
    TM_SPI_ReadMulti16                       0x0800310d   Thumb Code    80  tm_stm32f4_spi.o(.text)
    TM_ILI9341_SendCommand                   0x080031b7   Thumb Code    40  tm_stm32f4_ili9341.o(.text)
    TM_ILI9341_SendData                      0x080031df   Thumb Code    40  tm_stm32f4_ili9341.o(.text)
    TM_ILI9341_SetCursorPosition             0x08003207   Thumb Code    76  tm_stm32f4_ili9341.o(.text)
    TM_ILI9341_INT_Fill                      0x08003253   Thumb Code   160  tm_stm32f4_ili9341.o(.text)
    TM_ILI9341_Fill                          0x080032f3   Thumb Code    28  tm_stm32f4_ili9341.o(.text)
    TM_ILI9341_Delay                         0x0800330f   Thumb Code    18  tm_stm32f4_ili9341.o(.text)
    TM_ILI9341_InitLCD                       0x08003321   Thumb Code   618  tm_stm32f4_ili9341.o(.text)
    TM_ILI9341_Init                          0x0800358b   Thumb Code   146  tm_stm32f4_ili9341.o(.text)
    TM_ILI9341_DisplayOn                     0x0800361d   Thumb Code    10  tm_stm32f4_ili9341.o(.text)
    TM_ILI9341_DisplayOff                    0x08003627   Thumb Code    10  tm_stm32f4_ili9341.o(.text)
    TM_ILI9341_DrawPixel                     0x08003631   Thumb Code    42  tm_stm32f4_ili9341.o(.text)
    TM_ILI9341_Rotate                        0x0800365b   Thumb Code    96  tm_stm32f4_ili9341.o(.text)
    TM_ILI9341_Putc                          0x080036bb   Thumb Code   186  tm_stm32f4_ili9341.o(.text)
    TM_ILI9341_Puts                          0x08003775   Thumb Code   118  tm_stm32f4_ili9341.o(.text)
    TM_ILI9341_GetStringSize                 0x080037eb   Thumb Code    28  tm_stm32f4_ili9341.o(.text)
    TM_ILI9341_DrawLine                      0x08003807   Thumb Code   268  tm_stm32f4_ili9341.o(.text)
    TM_ILI9341_DrawRectangle                 0x08003913   Thumb Code    74  tm_stm32f4_ili9341.o(.text)
    TM_ILI9341_DrawFilledRectangle           0x0800395d   Thumb Code    66  tm_stm32f4_ili9341.o(.text)
    TM_ILI9341_DrawCircle                    0x0800399f   Thumb Code   288  tm_stm32f4_ili9341.o(.text)
    TM_ILI9341_DrawFilledCircle              0x08003abf   Thumb Code   334  tm_stm32f4_ili9341.o(.text)
    TM_GPIO_GetPortSource                    0x08003c0d   Thumb Code    14  tm_stm32f4_gpio.o(.text)
    TM_GPIO_INT_Init                         0x08003c1b   Thumb Code   170  tm_stm32f4_gpio.o(.text)
    TM_GPIO_INT_EnableClock                  0x08003cc5   Thumb Code    28  tm_stm32f4_gpio.o(.text)
    TM_GPIO_Init                             0x08003ce1   Thumb Code    48  tm_stm32f4_gpio.o(.text)
    TM_GPIO_InitAlternate                    0x08003d11   Thumb Code   110  tm_stm32f4_gpio.o(.text)
    TM_GPIO_DeInit                           0x08003d7f   Thumb Code    66  tm_stm32f4_gpio.o(.text)
    TM_GPIO_SetPinAsInput                    0x08003dc1   Thumb Code    38  tm_stm32f4_gpio.o(.text)
    TM_GPIO_SetPinAsOutput                   0x08003de7   Thumb Code    46  tm_stm32f4_gpio.o(.text)
    TM_GPIO_SetPinAsAnalog                   0x08003e15   Thumb Code    38  tm_stm32f4_gpio.o(.text)
    TM_GPIO_SetPinAsAlternate                0x08003e3b   Thumb Code    50  tm_stm32f4_gpio.o(.text)
    TM_GPIO_SetPullResistor                  0x08003e6d   Thumb Code    50  tm_stm32f4_gpio.o(.text)
    TM_GPIO_Lock                             0x08003e9f   Thumb Code    16  tm_stm32f4_gpio.o(.text)
    TM_GPIO_GetPinSource                     0x08003eaf   Thumb Code    18  tm_stm32f4_gpio.o(.text)
    TM_GPIO_INT_DisableClock                 0x08003ec1   Thumb Code    26  tm_stm32f4_gpio.o(.text)
    TM_GPIO_GetUsedPins                      0x08003edb   Thumb Code    18  tm_stm32f4_gpio.o(.text)
    TM_GPIO_GetFreePins                      0x08003eed   Thumb Code    22  tm_stm32f4_gpio.o(.text)
    TM_SPI_DMA_Init                          0x08003f41   Thumb Code   104  tm_stm32f4_spi_dma.o(.text)
    TM_SPI_DMA_InitWithStreamAndChannel      0x08003fa9   Thumb Code    44  tm_stm32f4_spi_dma.o(.text)
    TM_SPI_DMA_Deinit                        0x08003fd5   Thumb Code    26  tm_stm32f4_spi_dma.o(.text)
    TM_SPI_DMA_Transmit                      0x08003fef   Thumb Code   202  tm_stm32f4_spi_dma.o(.text)
    TM_SPI_DMA_SendByte                      0x080040b9   Thumb Code   102  tm_stm32f4_spi_dma.o(.text)
    TM_SPI_DMA_SendHalfWord                  0x0800411f   Thumb Code   110  tm_stm32f4_spi_dma.o(.text)
    TM_SPI_DMA_Working                       0x0800418d   Thumb Code    48  tm_stm32f4_spi_dma.o(.text)
    TM_SPI_DMA_GetStreamTX                   0x080041bd   Thumb Code    14  tm_stm32f4_spi_dma.o(.text)
    TM_SPI_DMA_GetStreamRX                   0x080041cb   Thumb Code    14  tm_stm32f4_spi_dma.o(.text)
    TM_SPI_DMA_EnableInterrupts              0x080041d9   Thumb Code    26  tm_stm32f4_spi_dma.o(.text)
    TM_SPI_DMA_DisableInterrupts             0x080041f3   Thumb Code    26  tm_stm32f4_spi_dma.o(.text)
    TM_DMA_ClearFlag                         0x08004249   Thumb Code    64  tm_stm32f4_dma.o(.text)
    TM_DMA_ClearFlags                        0x08004289   Thumb Code    14  tm_stm32f4_dma.o(.text)
    TM_DMA_GetFlags                          0x08004297   Thumb Code    72  tm_stm32f4_dma.o(.text)
    TM_DMA_EnableInterrupts                  0x080042df   Thumb Code   108  tm_stm32f4_dma.o(.text)
    TM_DMA_DisableInterrupts                 0x0800434b   Thumb Code    88  tm_stm32f4_dma.o(.text)
    TM_DMA_TransferCompleteHandler           0x080043a3   Thumb Code     2  tm_stm32f4_dma.o(.text)
    TM_DMA_HalfTransferCompleteHandler       0x080043a5   Thumb Code     2  tm_stm32f4_dma.o(.text)
    TM_DMA_TransferErrorHandler              0x080043a7   Thumb Code     2  tm_stm32f4_dma.o(.text)
    TM_DMA_DirectModeErrorHandler            0x080043a9   Thumb Code     2  tm_stm32f4_dma.o(.text)
    TM_DMA_FIFOErrorHandler                  0x080043ab   Thumb Code     2  tm_stm32f4_dma.o(.text)
    DMA1_Stream0_IRQHandler                  0x08004429   Thumb Code    12  tm_stm32f4_dma.o(.text)
    DMA1_Stream1_IRQHandler                  0x08004435   Thumb Code    12  tm_stm32f4_dma.o(.text)
    DMA1_Stream2_IRQHandler                  0x08004441   Thumb Code    12  tm_stm32f4_dma.o(.text)
    DMA1_Stream3_IRQHandler                  0x0800444d   Thumb Code    12  tm_stm32f4_dma.o(.text)
    DMA1_Stream4_IRQHandler                  0x08004459   Thumb Code    12  tm_stm32f4_dma.o(.text)
    DMA1_Stream5_IRQHandler                  0x08004465   Thumb Code    12  tm_stm32f4_dma.o(.text)
    DMA1_Stream6_IRQHandler                  0x08004471   Thumb Code    12  tm_stm32f4_dma.o(.text)
    DMA1_Stream7_IRQHandler                  0x0800447d   Thumb Code    12  tm_stm32f4_dma.o(.text)
    DMA2_Stream0_IRQHandler                  0x08004489   Thumb Code    10  tm_stm32f4_dma.o(.text)
    DMA2_Stream1_IRQHandler                  0x08004493   Thumb Code    12  tm_stm32f4_dma.o(.text)
    DMA2_Stream2_IRQHandler                  0x0800449f   Thumb Code    12  tm_stm32f4_dma.o(.text)
    DMA2_Stream3_IRQHandler                  0x080044ab   Thumb Code    12  tm_stm32f4_dma.o(.text)
    DMA2_Stream4_IRQHandler                  0x080044b7   Thumb Code    12  tm_stm32f4_dma.o(.text)
    DMA2_Stream5_IRQHandler                  0x080044c3   Thumb Code    12  tm_stm32f4_dma.o(.text)
    DMA2_Stream6_IRQHandler                  0x080044cf   Thumb Code    12  tm_stm32f4_dma.o(.text)
    DMA2_Stream7_IRQHandler                  0x080044db   Thumb Code    12  tm_stm32f4_dma.o(.text)
    TM_PWM_InitTimer                         0x080044fd   Thumb Code   256  tm_stm32f4_pwm.o(.text)
    TM_PWM_INT_InitTIM14Pins                 0x080045fd   Thumb Code    86  tm_stm32f4_pwm.o(.text)
    TM_PWM_INT_InitTIM13Pins                 0x08004653   Thumb Code    86  tm_stm32f4_pwm.o(.text)
    TM_PWM_INT_InitTIM12Pins                 0x080046a9   Thumb Code   160  tm_stm32f4_pwm.o(.text)
    TM_PWM_INT_InitTIM11Pins                 0x08004749   Thumb Code    82  tm_stm32f4_pwm.o(.text)
    TM_PWM_INT_InitTIM10Pins                 0x0800479b   Thumb Code    82  tm_stm32f4_pwm.o(.text)
    TM_PWM_INT_InitTIM9Pins                  0x080047ed   Thumb Code   146  tm_stm32f4_pwm.o(.text)
    TM_PWM_INT_InitTIM8Pins                  0x0800487f   Thumb Code   342  tm_stm32f4_pwm.o(.text)
    TM_PWM_INT_InitTIM5Pins                  0x080049d5   Thumb Code   292  tm_stm32f4_pwm.o(.text)
    TM_PWM_INT_InitTIM4Pins                  0x08004af9   Thumb Code   292  tm_stm32f4_pwm.o(.text)
    TM_PWM_INT_InitTIM3Pins                  0x08004c1d   Thumb Code   374  tm_stm32f4_pwm.o(.text)
    TM_PWM_INT_InitTIM2Pins                  0x08004d93   Thumb Code   320  tm_stm32f4_pwm.o(.text)
    TM_PWM_INT_InitTIM1Pins                  0x08004ed3   Thumb Code   292  tm_stm32f4_pwm.o(.text)
    TM_PWM_InitChannel                       0x08004ff7   Thumb Code   228  tm_stm32f4_pwm.o(.text)
    TM_PWM_SetChannel                        0x080050db   Thumb Code   302  tm_stm32f4_pwm.o(.text)
    TM_PWM_SetChannelPercent                 0x08005209   Thumb Code   108  tm_stm32f4_pwm.o(.text)
    TM_PWM_SetChannelMicros                  0x08005275   Thumb Code    46  tm_stm32f4_pwm.o(.text)
    TM_TIMER_PROPERTIES_GetTimerProperties   0x080052a9   Thumb Code   150  tm_stm32f4_timer_properties.o(.text)
    TM_TIMER_PROPERTIES_GenerateDataForWorkingFrequency 0x0800533f   Thumb Code   202  tm_stm32f4_timer_properties.o(.text)
    TM_TIMER_PROPERTIES_EnableClock          0x08005409   Thumb Code   294  tm_stm32f4_timer_properties.o(.text)
    TM_TIMER_PROPERTIES_DisableClock         0x0800552f   Thumb Code   294  tm_stm32f4_timer_properties.o(.text)
    TM_KEYPAD_INT_SetColumn                  0x08005695   Thumb Code    74  tm_stm32f4_keypad.o(.text)
    TM_KEYPAD_Init                           0x080056df   Thumb Code   174  tm_stm32f4_keypad.o(.text)
    TM_KEYPAD_Read                           0x0800578d   Thumb Code    12  tm_stm32f4_keypad.o(.text)
    TM_KEYPAD_INT_CheckRow                   0x08005799   Thumb Code    98  tm_stm32f4_keypad.o(.text)
    TM_KEYPAD_INT_Read                       0x080057fb   Thumb Code   100  tm_stm32f4_keypad.o(.text)
    TM_KEYPAD_Update                         0x0800585f   Thumb Code    40  tm_stm32f4_keypad.o(.text)
    TM_DELAY_1msHandler                      0x080058d7   Thumb Code     8  main.o(.text)
    main                                     0x080058df   Thumb Code  1186  main.o(.text)
    NMI_Handler                              0x08005d81   Thumb Code     2  stm32f4xx_it.o(.text)
    HardFault_Handler                        0x08005d83   Thumb Code     4  stm32f4xx_it.o(.text)
    MemManage_Handler                        0x08005d87   Thumb Code     4  stm32f4xx_it.o(.text)
    BusFault_Handler                         0x08005d8b   Thumb Code     4  stm32f4xx_it.o(.text)
    UsageFault_Handler                       0x08005d8f   Thumb Code     4  stm32f4xx_it.o(.text)
    SVC_Handler                              0x08005d93   Thumb Code     2  stm32f4xx_it.o(.text)
    DebugMon_Handler                         0x08005d95   Thumb Code     2  stm32f4xx_it.o(.text)
    PendSV_Handler                           0x08005d97   Thumb Code     2  stm32f4xx_it.o(.text)
    SysTick_Handler                          0x08005d9b   Thumb Code     8  stm32f4xx_it.o(.text)
    SystemInit                               0x08005eb5   Thumb Code    88  system_stm32f4xx.o(.text)
    SystemCoreClockUpdate                    0x08005f0d   Thumb Code   174  system_stm32f4xx.o(.text)
    malloc                                   0x08005fe9   Thumb Code    94  h1_alloc.o(.text)
    free                                     0x08006047   Thumb Code    78  h1_free.o(.text)
    __use_two_region_memory                  0x08006095   Thumb Code     2  heapauxi.o(.text)
    __rt_heap_escrow                         0x08006097   Thumb Code     2  heapauxi.o(.text)
    __rt_heap_expand                         0x08006099   Thumb Code     2  heapauxi.o(.text)
    __rt_heap_descriptor                     0x0800609d   Thumb Code     8  rt_heap_descriptor_intlibspace.o(.text)
    __use_no_heap                            0x080060a5   Thumb Code     2  hguard.o(.text)
    __heap$guard                             0x080060a7   Thumb Code     2  hguard.o(.text)
    _terminate_user_alloc                    0x080060a9   Thumb Code     2  init_alloc.o(.text)
    _init_user_alloc                         0x080060ab   Thumb Code     2  init_alloc.o(.text)
    __Heap_Full                              0x080060ad   Thumb Code    34  init_alloc.o(.text)
    __Heap_Broken                            0x080060cf   Thumb Code     6  init_alloc.o(.text)
    _init_alloc                              0x080060d5   Thumb Code    94  init_alloc.o(.text)
    __Heap_Initialize                        0x08006133   Thumb Code    10  h1_init.o(.text)
    __Heap_DescSize                          0x0800613d   Thumb Code     4  h1_init.o(.text)
    __user_libspace                          0x08006141   Thumb Code     8  libspace.o(.text)
    __user_perproc_libspace                  0x08006141   Thumb Code     0  libspace.o(.text)
    __user_perthread_libspace                0x08006141   Thumb Code     0  libspace.o(.text)
    __Heap_ProvideMemory                     0x08006149   Thumb Code    52  h1_extend.o(.text)
    __rt_SIGRTMEM                            0x0800617d   Thumb Code    14  defsig_rtmem_outer.o(.text)
    __I$use$semihosting                      0x0800618b   Thumb Code     0  use_no_semi.o(.text)
    __use_no_semihosting_swi                 0x0800618b   Thumb Code     2  use_no_semi.o(.text)
    __semihosting_library_function           0x0800618d   Thumb Code     0  indicate_semi.o(.text)
    __user_setup_stackheap                   0x0800618d   Thumb Code    74  sys_stackheap_outer.o(.text)
    exit                                     0x080061d7   Thumb Code    18  exit.o(.text)
    __sig_exit                               0x080061e9   Thumb Code    10  defsig_exit.o(.text)
    __rt_SIGRTMEM_inner                      0x080061f5   Thumb Code    22  defsig_rtmem_inner.o(.text)
    _sys_exit                                0x08006245   Thumb Code     8  sys_exit.o(.text)
    __default_signal_display                 0x08006251   Thumb Code    50  defsig_general.o(.text)
    _ttywrch                                 0x08006283   Thumb Code    14  sys_wrch.o(.text)
    __fpl_dcmp_Inf                           0x08006291   Thumb Code    24  dcmpi.o(x$fpl$dcmpinf)
    __aeabi_ddiv                             0x080062a9   Thumb Code     0  ddiv.o(x$fpl$ddiv)
    _ddiv                                    0x080062a9   Thumb Code   552  ddiv.o(x$fpl$ddiv)
    __aeabi_cdcmpeq                          0x08006559   Thumb Code     0  deqf.o(x$fpl$deqf)
    _dcmpeq                                  0x08006559   Thumb Code   120  deqf.o(x$fpl$deqf)
    __aeabi_d2uiz                            0x080065d1   Thumb Code     0  dfixu.o(x$fpl$dfixu)
    _dfixu                                   0x080065d1   Thumb Code    90  dfixu.o(x$fpl$dfixu)
    __aeabi_ui2d                             0x0800662b   Thumb Code     0  dflt_clz.o(x$fpl$dfltu)
    _dfltu                                   0x0800662b   Thumb Code    38  dflt_clz.o(x$fpl$dfltu)
    __aeabi_cdcmple                          0x08006651   Thumb Code     0  dleqf.o(x$fpl$dleqf)
    _dcmple                                  0x08006651   Thumb Code   120  dleqf.o(x$fpl$dleqf)
    __fpl_dcmple_InfNaN                      0x080066b3   Thumb Code     0  dleqf.o(x$fpl$dleqf)
    __fpl_dnaninf                            0x080066c9   Thumb Code   156  dnaninf.o(x$fpl$dnaninf)
    __fpl_dretinf                            0x08006765   Thumb Code    12  dretinf.o(x$fpl$dretinf)
    _fp_init                                 0x08006771   Thumb Code    10  fpinit.o(x$fpl$fpinit)
    __fplib_config_fpu_vfp                   0x08006779   Thumb Code     0  fpinit.o(x$fpl$fpinit)
    __fplib_config_pureend_doubles           0x08006779   Thumb Code     0  fpinit.o(x$fpl$fpinit)
    __I$use$fp                               0x0800677a   Number         0  usenofp.o(x$fpl$usenofp)
    TM_Font7x10                              0x0800678e   Data        1900  tm_stm32f4_fonts.o(.constdata)
    TM_Font11x18                             0x08006efa   Data        3420  tm_stm32f4_fonts.o(.constdata)
    TM_Font16x26                             0x08007c56   Data        4940  tm_stm32f4_fonts.o(.constdata)
    Region$$Table$$Base                      0x08008fa4   Number         0  anon$$obj.o(Region$$Table)
    Region$$Table$$Limit                     0x08008fc4   Number         0  anon$$obj.o(Region$$Table)
    TM_TimingDelay                           0x20000010   Data           4  tm_stm32f4_delay.o(.data)
    TM_Time                                  0x20000014   Data           4  tm_stm32f4_delay.o(.data)
    TM_Time2                                 0x20000018   Data           4  tm_stm32f4_delay.o(.data)
    mult                                     0x2000001c   Data           4  tm_stm32f4_delay.o(.data)
    TM_DELAY_Initialized                     0x20000020   Data           1  tm_stm32f4_delay.o(.data)
    ILI9341_x                                0x20000022   Data           2  tm_stm32f4_ili9341.o(.data)
    ILI9341_y                                0x20000024   Data           2  tm_stm32f4_ili9341.o(.data)
    ILI9341_Opts                             0x20000026   Data           6  tm_stm32f4_ili9341.o(.data)
    ILI9341_INT_CalledFromPuts               0x2000002c   Data           1  tm_stm32f4_ili9341.o(.data)
    TM_Font_7x10                             0x200000c0   Data           8  tm_stm32f4_fonts.o(.data)
    TM_Font_11x18                            0x200000c8   Data           8  tm_stm32f4_fonts.o(.data)
    TM_Font_16x26                            0x200000d0   Data           8  tm_stm32f4_fonts.o(.data)
    KEYPAD_INT_Buttons                       0x200000d8   Data          16  tm_stm32f4_keypad.o(.data)
    TM_KEYPAD_INT_KeypadType                 0x200000e8   Data           1  tm_stm32f4_keypad.o(.data)
    SystemCoreClock                          0x200000ec   Data           4  system_stm32f4xx.o(.data)
    AHBPrescTable                            0x200000f0   Data          16  system_stm32f4xx.o(.data)
    __libspace_start                         0x2000016c   Data          96  libspace.o(.bss)
    __temporary_stack_top$libspace           0x200001cc   Data           0  libspace.o(.bss)



==============================================================================

Memory Map of the image

  Image Entry point : 0x080001ad

  Load Region LR_IROM1 (Base: 0x08000000, Size: 0x000090c4, Max: 0x00200000, ABSOLUTE)

    Execution Region ER_IROM1 (Exec base: 0x08000000, Load base: 0x08000000, Size: 0x00008fc4, Max: 0x00200000, ABSOLUTE)

    Exec Addr    Load Addr    Size         Type   Attr      Idx    E Section Name        Object

    0x08000000   0x08000000   0x000001ac   Data   RO            3    RESET               startup_stm32f429_439xx.o
    0x080001ac   0x080001ac   0x00000008   Code   RO          138  * !!!main             c_w.l(__main.o)
    0x080001b4   0x080001b4   0x00000034   Code   RO          301    !!!scatter          c_w.l(__scatter.o)
    0x080001e8   0x080001e8   0x0000001a   Code   RO          302    !!handler_copy      c_w.l(__scatter_copy.o)
    0x08000202   0x08000202   0x00000002   PAD
    0x08000204   0x08000204   0x0000001c   Code   RO          303    !!handler_zi        c_w.l(__scatter_zi.o)
    0x08000220   0x08000220   0x00000002   Code   RO          256    .ARM.Collect$$libinit$$00000000  c_w.l(libinit.o)
    0x08000222   0x08000222   0x00000004   Code   RO          165    .ARM.Collect$$libinit$$00000001  c_w.l(libinit2.o)
    0x08000226   0x08000226   0x00000000   Code   RO          168    .ARM.Collect$$libinit$$00000004  c_w.l(libinit2.o)
    0x08000226   0x08000226   0x00000008   Code   RO          169    .ARM.Collect$$libinit$$00000005  c_w.l(libinit2.o)
    0x0800022e   0x0800022e   0x00000000   Code   RO          171    .ARM.Collect$$libinit$$0000000A  c_w.l(libinit2.o)
    0x0800022e   0x0800022e   0x00000000   Code   RO          173    .ARM.Collect$$libinit$$0000000C  c_w.l(libinit2.o)
    0x0800022e   0x0800022e   0x00000000   Code   RO          175    .ARM.Collect$$libinit$$0000000E  c_w.l(libinit2.o)
    0x0800022e   0x0800022e   0x00000000   Code   RO          178    .ARM.Collect$$libinit$$00000011  c_w.l(libinit2.o)
    0x0800022e   0x0800022e   0x00000000   Code   RO          180    .ARM.Collect$$libinit$$00000013  c_w.l(libinit2.o)
    0x0800022e   0x0800022e   0x00000000   Code   RO          182    .ARM.Collect$$libinit$$00000015  c_w.l(libinit2.o)
    0x0800022e   0x0800022e   0x00000000   Code   RO          184    .ARM.Collect$$libinit$$00000017  c_w.l(libinit2.o)
    0x0800022e   0x0800022e   0x00000000   Code   RO          186    .ARM.Collect$$libinit$$00000019  c_w.l(libinit2.o)
    0x0800022e   0x0800022e   0x00000000   Code   RO          188    .ARM.Collect$$libinit$$0000001B  c_w.l(libinit2.o)
    0x0800022e   0x0800022e   0x00000000   Code   RO          190    .ARM.Collect$$libinit$$0000001D  c_w.l(libinit2.o)
    0x0800022e   0x0800022e   0x00000000   Code   RO          192    .ARM.Collect$$libinit$$0000001F  c_w.l(libinit2.o)
    0x0800022e   0x0800022e   0x00000000   Code   RO          194    .ARM.Collect$$libinit$$00000021  c_w.l(libinit2.o)
    0x0800022e   0x0800022e   0x00000000   Code   RO          196    .ARM.Collect$$libinit$$00000023  c_w.l(libinit2.o)
    0x0800022e   0x0800022e   0x00000000   Code   RO          198    .ARM.Collect$$libinit$$00000025  c_w.l(libinit2.o)
    0x0800022e   0x0800022e   0x00000000   Code   RO          202    .ARM.Collect$$libinit$$0000002C  c_w.l(libinit2.o)
    0x0800022e   0x0800022e   0x00000000   Code   RO          204    .ARM.Collect$$libinit$$0000002E  c_w.l(libinit2.o)
    0x0800022e   0x0800022e   0x00000000   Code   RO          206    .ARM.Collect$$libinit$$00000030  c_w.l(libinit2.o)
    0x0800022e   0x0800022e   0x00000000   Code   RO          208    .ARM.Collect$$libinit$$00000032  c_w.l(libinit2.o)
    0x0800022e   0x0800022e   0x00000002   Code   RO          209    .ARM.Collect$$libinit$$00000033  c_w.l(libinit2.o)
    0x08000230   0x08000230   0x00000002   Code   RO          298    .ARM.Collect$$libshutdown$$00000000  c_w.l(libshutdown.o)
    0x08000232   0x08000232   0x00000000   Code   RO          265    .ARM.Collect$$libshutdown$$00000002  c_w.l(libshutdown2.o)
    0x08000232   0x08000232   0x00000000   Code   RO          267    .ARM.Collect$$libshutdown$$00000004  c_w.l(libshutdown2.o)
    0x08000232   0x08000232   0x00000000   Code   RO          270    .ARM.Collect$$libshutdown$$00000007  c_w.l(libshutdown2.o)
    0x08000232   0x08000232   0x00000000   Code   RO          273    .ARM.Collect$$libshutdown$$0000000A  c_w.l(libshutdown2.o)
    0x08000232   0x08000232   0x00000000   Code   RO          275    .ARM.Collect$$libshutdown$$0000000C  c_w.l(libshutdown2.o)
    0x08000232   0x08000232   0x00000000   Code   RO          278    .ARM.Collect$$libshutdown$$0000000F  c_w.l(libshutdown2.o)
    0x08000232   0x08000232   0x00000002   Code   RO          279    .ARM.Collect$$libshutdown$$00000010  c_w.l(libshutdown2.o)
    0x08000234   0x08000234   0x00000000   Code   RO          149    .ARM.Collect$$rtentry$$00000000  c_w.l(__rtentry.o)
    0x08000234   0x08000234   0x00000000   Code   RO          218    .ARM.Collect$$rtentry$$00000002  c_w.l(__rtentry2.o)
    0x08000234   0x08000234   0x00000006   Code   RO          230    .ARM.Collect$$rtentry$$00000004  c_w.l(__rtentry4.o)
    0x0800023a   0x0800023a   0x00000000   Code   RO          220    .ARM.Collect$$rtentry$$00000009  c_w.l(__rtentry2.o)
    0x0800023a   0x0800023a   0x00000004   Code   RO          221    .ARM.Collect$$rtentry$$0000000A  c_w.l(__rtentry2.o)
    0x0800023e   0x0800023e   0x00000000   Code   RO          223    .ARM.Collect$$rtentry$$0000000C  c_w.l(__rtentry2.o)
    0x0800023e   0x0800023e   0x00000008   Code   RO          224    .ARM.Collect$$rtentry$$0000000D  c_w.l(__rtentry2.o)
    0x08000246   0x08000246   0x00000002   Code   RO          258    .ARM.Collect$$rtexit$$00000000  c_w.l(rtexit.o)
    0x08000248   0x08000248   0x00000000   Code   RO          282    .ARM.Collect$$rtexit$$00000002  c_w.l(rtexit2.o)
    0x08000248   0x08000248   0x00000004   Code   RO          283    .ARM.Collect$$rtexit$$00000003  c_w.l(rtexit2.o)
    0x0800024c   0x0800024c   0x00000006   Code   RO          284    .ARM.Collect$$rtexit$$00000004  c_w.l(rtexit2.o)
    0x08000252   0x08000252   0x00000002   PAD
    0x08000254   0x08000254   0x00000000   Code   RO          233    .emb_text           c_w.l(maybetermalloc1.o)
    0x08000254   0x08000254   0x00000040   Code   RO            4    .text               startup_stm32f429_439xx.o
    0x08000294   0x08000294   0x000000e0   Code   RO            8    .text               misc.o
    0x08000374   0x08000374   0x00000660   Code   RO           12    .text               stm32f4xx_rcc.o
    0x080009d4   0x080009d4   0x00000294   Code   RO           17    .text               stm32f4xx_gpio.o
    0x08000c68   0x08000c68   0x00000480   Code   RO           21    .text               stm32f4xx_spi.o
    0x080010e8   0x080010e8   0x000003a8   Code   RO           25    .text               stm32f4xx_dma.o
    0x08001490   0x08001490   0x00000ca2   Code   RO           29    .text               stm32f4xx_tim.o
    0x08002132   0x08002132   0x00000002   PAD
    0x08002134   0x08002134   0x00000254   Code   RO           33    .text               tm_stm32f4_delay.o
    0x08002388   0x08002388   0x00000094   Code   RO           39    .text               tm_stm32f4_disco.o
    0x0800241c   0x0800241c   0x000005a6   Code   RO           44    .text               tm_stm32f4_mfrc522.o
    0x080029c2   0x080029c2   0x00000002   PAD
    0x080029c4   0x080029c4   0x000007b0   Code   RO           48    .text               tm_stm32f4_spi.o
    0x08003174   0x08003174   0x00000a98   Code   RO           52    .text               tm_stm32f4_ili9341.o
    0x08003c0c   0x08003c0c   0x00000300   Code   RO           57    .text               tm_stm32f4_gpio.o
    0x08003f0c   0x08003f0c   0x0000033c   Code   RO           62    .text               tm_stm32f4_spi_dma.o
    0x08004248   0x08004248   0x000002b4   Code   RO           68    .text               tm_stm32f4_dma.o
    0x080044fc   0x080044fc   0x00000dac   Code   RO           73    .text               tm_stm32f4_pwm.o
    0x080052a8   0x080052a8   0x000003ec   Code   RO           77    .text               tm_stm32f4_timer_properties.o
    0x08005694   0x08005694   0x0000020c   Code   RO           87    .text               tm_stm32f4_keypad.o
    0x080058a0   0x080058a0   0x000004e0   Code   RO           92    .text               main.o
    0x08005d80   0x08005d80   0x00000022   Code   RO           96    .text               stm32f4xx_it.o
    0x08005da2   0x08005da2   0x00000002   PAD
    0x08005da4   0x08005da4   0x00000244   Code   RO          100    .text               system_stm32f4xx.o
    0x08005fe8   0x08005fe8   0x0000005e   Code   RO          106    .text               c_w.l(h1_alloc.o)
    0x08006046   0x08006046   0x0000004e   Code   RO          107    .text               c_w.l(h1_free.o)
    0x08006094   0x08006094   0x00000006   Code   RO          137    .text               c_w.l(heapauxi.o)
    0x0800609a   0x0800609a   0x00000002   PAD
    0x0800609c   0x0800609c   0x00000008   Code   RO          152    .text               c_w.l(rt_heap_descriptor_intlibspace.o)
    0x080060a4   0x080060a4   0x00000004   Code   RO          153    .text               c_w.l(hguard.o)
    0x080060a8   0x080060a8   0x0000008a   Code   RO          154    .text               c_w.l(init_alloc.o)
    0x08006132   0x08006132   0x0000000e   Code   RO          156    .text               c_w.l(h1_init.o)
    0x08006140   0x08006140   0x00000008   Code   RO          215    .text               c_w.l(libspace.o)
    0x08006148   0x08006148   0x00000034   Code   RO          235    .text               c_w.l(h1_extend.o)
    0x0800617c   0x0800617c   0x0000000e   Code   RO          237    .text               c_w.l(defsig_rtmem_outer.o)
    0x0800618a   0x0800618a   0x00000002   Code   RO          243    .text               c_w.l(use_no_semi.o)
    0x0800618c   0x0800618c   0x00000000   Code   RO          244    .text               c_w.l(indicate_semi.o)
    0x0800618c   0x0800618c   0x0000004a   Code   RO          245    .text               c_w.l(sys_stackheap_outer.o)
    0x080061d6   0x080061d6   0x00000012   Code   RO          248    .text               c_w.l(exit.o)
    0x080061e8   0x080061e8   0x0000000a   Code   RO          249    .text               c_w.l(defsig_exit.o)
    0x080061f2   0x080061f2   0x00000002   PAD
    0x080061f4   0x080061f4   0x00000050   Code   RO          250    .text               c_w.l(defsig_rtmem_inner.o)
    0x08006244   0x08006244   0x0000000c   Code   RO          257    .text               c_w.l(sys_exit.o)
    0x08006250   0x08006250   0x00000032   Code   RO          263    .text               c_w.l(defsig_general.o)
    0x08006282   0x08006282   0x0000000e   Code   RO          280    .text               c_w.l(sys_wrch.o)
    0x08006290   0x08006290   0x00000018   Code   RO          210    x$fpl$dcmpinf       fz_wm.l(dcmpi.o)
    0x080062a8   0x080062a8   0x000002b0   Code   RO          140    x$fpl$ddiv          fz_wm.l(ddiv.o)
    0x08006558   0x08006558   0x00000078   Code   RO          141    x$fpl$deqf          fz_wm.l(deqf.o)
    0x080065d0   0x080065d0   0x0000005a   Code   RO          142    x$fpl$dfixu         fz_wm.l(dfixu.o)
    0x0800662a   0x0800662a   0x00000026   Code   RO          144    x$fpl$dfltu         fz_wm.l(dflt_clz.o)
    0x08006650   0x08006650   0x00000078   Code   RO          147    x$fpl$dleqf         fz_wm.l(dleqf.o)
    0x080066c8   0x080066c8   0x0000009c   Code   RO          211    x$fpl$dnaninf       fz_wm.l(dnaninf.o)
    0x08006764   0x08006764   0x0000000c   Code   RO          212    x$fpl$dretinf       fz_wm.l(dretinf.o)
    0x08006770   0x08006770   0x0000000a   Code   RO          242    x$fpl$fpinit        fz_wm.l(fpinit.o)
    0x0800677a   0x0800677a   0x00000000   Code   RO          213    x$fpl$usenofp       fz_wm.l(usenofp.o)
    0x0800677a   0x0800677a   0x00000014   Data   RO           69    .constdata          tm_stm32f4_dma.o
    0x0800678e   0x0800678e   0x00002814   Data   RO           82    .constdata          tm_stm32f4_fonts.o
    0x08008fa2   0x08008fa2   0x00000002   PAD
    0x08008fa4   0x08008fa4   0x00000020   Data   RO          299    Region$$Table       anon$$obj.o


    Execution Region RW_IRAM1 (Exec base: 0x20000000, Load base: 0x08008fc4, Size: 0x000007d0, Max: 0x00030000, ABSOLUTE)

    Exec Addr    Load Addr    Size         Type   Attr      Idx    E Section Name        Object

    0x20000000   0x08008fc4   0x00000010   Data   RW           13    .data               stm32f4xx_rcc.o
    0x20000010   0x08008fd4   0x00000011   Data   RW           35    .data               tm_stm32f4_delay.o
    0x20000021   0x08008fe5   0x00000001   Data   RW           40    .data               tm_stm32f4_disco.o
    0x20000022   0x08008fe6   0x0000000b   Data   RW           53    .data               tm_stm32f4_ili9341.o
    0x2000002d   0x08008ff1   0x00000003   PAD
    0x20000030   0x08008ff4   0x00000090   Data   RW           64    .data               tm_stm32f4_spi_dma.o
    0x200000c0   0x08009084   0x00000018   Data   RW           83    .data               tm_stm32f4_fonts.o
    0x200000d8   0x0800909c   0x00000014   Data   RW           88    .data               tm_stm32f4_keypad.o
    0x200000ec   0x080090b0   0x00000014   Data   RW          101    .data               system_stm32f4xx.o
    0x20000100        -       0x00000018   Zero   RW           34    .bss                tm_stm32f4_delay.o
    0x20000118        -       0x00000016   Zero   RW           58    .bss                tm_stm32f4_gpio.o
    0x2000012e   0x080090c4   0x00000002   PAD
    0x20000130        -       0x0000003c   Zero   RW           63    .bss                tm_stm32f4_spi_dma.o
    0x2000016c        -       0x00000060   Zero   RW          216    .bss                c_w.l(libspace.o)
    0x200001cc   0x080090c4   0x00000004   PAD
    0x200001d0        -       0x00000200   Zero   RW            2    HEAP                startup_stm32f429_439xx.o
    0x200003d0        -       0x00000400   Zero   RW            1    STACK               startup_stm32f429_439xx.o


==============================================================================

Image component sizes


      Code (inc. data)   RO Data    RW Data    ZI Data      Debug   Object Name

      1248        274          0          0          0          0   main.o
       224         20          0          0          0          0   misc.o
        64         26        428          0       1536          0   startup_stm32f429_439xx.o
       936         32          0          0          0          0   stm32f4xx_dma.o
       660         44          0          0          0          0   stm32f4xx_gpio.o
        34          0          0          0          0          0   stm32f4xx_it.o
      1632         54          0         16          0          0   stm32f4xx_rcc.o
      1152         36          0          0          0          0   stm32f4xx_spi.o
      3234         60          0          0          0          0   stm32f4xx_tim.o
       580         46          0         20          0          0   system_stm32f4xx.o
       596         36          0         17         24          0   tm_stm32f4_delay.o
       148         12          0          1          0          0   tm_stm32f4_disco.o
       692         22         20          0          0          0   tm_stm32f4_dma.o
         0          0      10260         24          0          0   tm_stm32f4_fonts.o
       768         10          0          0         22          0   tm_stm32f4_gpio.o
      2712         46          0         11          0          0   tm_stm32f4_ili9341.o
       524         26          0         20          0          0   tm_stm32f4_keypad.o
      1446          8          0          0          0          0   tm_stm32f4_mfrc522.o
      3500        152          0          0          0          0   tm_stm32f4_pwm.o
      1968         84          0          0          0          0   tm_stm32f4_spi.o
       828         60          0        144         60          0   tm_stm32f4_spi_dma.o
      1004         64          0          0          0          0   tm_stm32f4_timer_properties.o

    ----------------------------------------------------------------------
     23956       1112      10742        256       1644          0   Object Totals
         0          0         32          0          0          0   (incl. Generated)
         6          0          2          3          2          0   (incl. Padding)

    ----------------------------------------------------------------------

      Code (inc. data)   RO Data    RW Data    ZI Data      Debug   Library Member Name

         8          0          0          0          0          0   __main.o
         0          0          0          0          0          0   __rtentry.o
        12          0          0          0          0          0   __rtentry2.o
         6          0          0          0          0          0   __rtentry4.o
        52          8          0          0          0          0   __scatter.o
        26          0          0          0          0          0   __scatter_copy.o
        28          0          0          0          0          0   __scatter_zi.o
        10          0          0          0          0          0   defsig_exit.o
        50          0          0          0          0          0   defsig_general.o
        80         58          0          0          0          0   defsig_rtmem_inner.o
        14          0          0          0          0          0   defsig_rtmem_outer.o
        18          0          0          0          0          0   exit.o
        94          0          0          0          0          0   h1_alloc.o
        52          0          0          0          0          0   h1_extend.o
        78          0          0          0          0          0   h1_free.o
        14          0          0          0          0          0   h1_init.o
         6          0          0          0          0          0   heapauxi.o
         4          0          0          0          0          0   hguard.o
         0          0          0          0          0          0   indicate_semi.o
       138          0          0          0          0          0   init_alloc.o
         2          0          0          0          0          0   libinit.o
        14          0          0          0          0          0   libinit2.o
         2          0          0          0          0          0   libshutdown.o
         2          0          0          0          0          0   libshutdown2.o
         8          4          0          0         96          0   libspace.o
         0          0          0          0          0          0   maybetermalloc1.o
         8          4          0          0          0          0   rt_heap_descriptor_intlibspace.o
         2          0          0          0          0          0   rtexit.o
        10          0          0          0          0          0   rtexit2.o
        12          4          0          0          0          0   sys_exit.o
        74          0          0          0          0          0   sys_stackheap_outer.o
        14          0          0          0          0          0   sys_wrch.o
         2          0          0          0          0          0   use_no_semi.o
        24          0          0          0          0          0   dcmpi.o
       688        140          0          0          0          0   ddiv.o
       120          4          0          0          0          0   deqf.o
        90          4          0          0          0          0   dfixu.o
        38          0          0          0          0          0   dflt_clz.o
       120          4          0          0          0          0   dleqf.o
       156          4          0          0          0          0   dnaninf.o
        12          0          0          0          0          0   dretinf.o
        10          0          0          0          0          0   fpinit.o
         0          0          0          0          0          0   usenofp.o

    ----------------------------------------------------------------------
      2106        234          0          0        100          0   Library Totals
         8          0          0          0          4          0   (incl. Padding)

    ----------------------------------------------------------------------

      Code (inc. data)   RO Data    RW Data    ZI Data      Debug   Library Name

       840         78          0          0         96          0   c_w.l
      1258        156          0          0          0          0   fz_wm.l

    ----------------------------------------------------------------------
      2106        234          0          0        100          0   Library Totals

    ----------------------------------------------------------------------

==============================================================================


      Code (inc. data)   RO Data    RW Data    ZI Data      Debug   

     26062       1346      10742        256       1744          0   Grand Totals
     26062       1346      10742        256       1744          0   ELF Image Totals
     26062       1346      10742        256          0          0   ROM Totals

==============================================================================

    Total RO  Size (Code + RO Data)                36804 (  35.94kB)
    Total RW  Size (RW Data + ZI Data)              2000 (   1.95kB)
    Total ROM Size (Code + RO Data + RW Data)      37060 (  36.19kB)

==============================================================================

