Component: ARM Compiler 5.06 update 6 (build 750) Tool: armlink [4d35ed]

==============================================================================

Section Cross References

    startup_stm32f429_439xx.o(STACK) refers (Special) to heapauxi.o(.text) for __use_two_region_memory
    startup_stm32f429_439xx.o(HEAP) refers (Special) to heapauxi.o(.text) for __use_two_region_memory
    startup_stm32f429_439xx.o(RESET) refers (Special) to heapauxi.o(.text) for __use_two_region_memory
    startup_stm32f429_439xx.o(RESET) refers to startup_stm32f429_439xx.o(STACK) for __initial_sp
    startup_stm32f429_439xx.o(RESET) refers to startup_stm32f429_439xx.o(.text) for Reset_Handler
    startup_stm32f429_439xx.o(RESET) refers to stm32f4xx_it.o(.text) for NMI_Handler
    startup_stm32f429_439xx.o(RESET) refers to tm_stm32f4_dma.o(.text) for DMA1_Stream0_IRQHandler
    startup_stm32f429_439xx.o(.text) refers (Special) to heapauxi.o(.text) for __use_two_region_memory
    startup_stm32f429_439xx.o(.text) refers to system_stm32f4xx.o(.text) for SystemInit
    startup_stm32f429_439xx.o(.text) refers to __main.o(!!!main) for __main
    startup_stm32f429_439xx.o(.text) refers to startup_stm32f429_439xx.o(HEAP) for Heap_Mem
    startup_stm32f429_439xx.o(.text) refers to startup_stm32f429_439xx.o(STACK) for Stack_Mem
    stm32f4xx_rcc.o(.text) refers to stm32f4xx_rcc.o(.data) for APBAHBPrescTable
    stm32f4xx_gpio.o(.text) refers to stm32f4xx_rcc.o(.text) for RCC_AHB1PeriphResetCmd
    stm32f4xx_spi.o(.text) refers to stm32f4xx_rcc.o(.text) for RCC_APB2PeriphResetCmd
    stm32f4xx_tim.o(.text) refers to stm32f4xx_rcc.o(.text) for RCC_APB2PeriphResetCmd
    tm_stm32f4_delay.o(.text) refers (Weak) to main.o(.text) for TM_DELAY_1msHandler
    tm_stm32f4_delay.o(.text) refers to h1_alloc.o(.text) for malloc
    tm_stm32f4_delay.o(.text) refers to h1_free.o(.text) for free
    tm_stm32f4_delay.o(.text) refers to tm_stm32f4_delay.o(.data) for TM_Time
    tm_stm32f4_delay.o(.text) refers to tm_stm32f4_delay.o(.bss) for CustomTimers
    tm_stm32f4_delay.o(.text) refers to system_stm32f4xx.o(.data) for SystemCoreClock
    tm_stm32f4_disco.o(.text) refers to tm_stm32f4_gpio.o(.text) for TM_GPIO_Init
    tm_stm32f4_disco.o(.text) refers to tm_stm32f4_disco.o(.data) for TM_INT_DISCO_ButtonPressed
    tm_stm32f4_mfrc522.o(.text) refers to stm32f4xx_rcc.o(.text) for RCC_AHB1PeriphClockCmd
    tm_stm32f4_mfrc522.o(.text) refers to stm32f4xx_gpio.o(.text) for GPIO_Init
    tm_stm32f4_mfrc522.o(.text) refers to tm_stm32f4_spi.o(.text) for TM_SPI_Init
    tm_stm32f4_spi.o(.text) refers to tm_stm32f4_gpio.o(.text) for TM_GPIO_InitAlternate
    tm_stm32f4_spi.o(.text) refers to stm32f4xx_spi.o(.text) for SPI_StructInit
    tm_stm32f4_spi.o(.text) refers to stm32f4xx_rcc.o(.text) for RCC_GetClocksFreq
    tm_stm32f4_ili9341.o(.text) refers to stm32f4xx_gpio.o(.text) for GPIO_ResetBits
    tm_stm32f4_ili9341.o(.text) refers to tm_stm32f4_spi.o(.text) for TM_SPI_SetDataSize
    tm_stm32f4_ili9341.o(.text) refers to tm_stm32f4_spi_dma.o(.text) for TM_SPI_DMA_SendHalfWord
    tm_stm32f4_ili9341.o(.text) refers to tm_stm32f4_gpio.o(.text) for TM_GPIO_Init
    tm_stm32f4_ili9341.o(.text) refers to tm_stm32f4_ili9341.o(.data) for ILI9341_Opts
    tm_stm32f4_gpio.o(.text) refers to tm_stm32f4_gpio.o(.bss) for GPIO_UsedPins
    tm_stm32f4_spi_dma.o(.text) refers to stm32f4xx_dma.o(.text) for DMA_DeInit
    tm_stm32f4_spi_dma.o(.text) refers to tm_stm32f4_dma.o(.text) for TM_DMA_ClearFlag
    tm_stm32f4_spi_dma.o(.text) refers to tm_stm32f4_spi_dma.o(.data) for SPI1_DMA_INT
    tm_stm32f4_spi_dma.o(.text) refers to tm_stm32f4_spi_dma.o(.bss) for DMA_InitStruct
    tm_stm32f4_dma.o(.text) refers to misc.o(.text) for NVIC_Init
    tm_stm32f4_dma.o(.text) refers to tm_stm32f4_dma.o(.constdata) for DMA_Flags_Bit_Pos
    tm_stm32f4_pwm.o(.text) refers to tm_stm32f4_timer_properties.o(.text) for TM_TIMER_PROPERTIES_GetTimerProperties
    tm_stm32f4_pwm.o(.text) refers to dflt_clz.o(x$fpl$dfltu) for __aeabi_ui2d
    tm_stm32f4_pwm.o(.text) refers to dleqf.o(x$fpl$dleqf) for __aeabi_cdcmple
    tm_stm32f4_pwm.o(.text) refers to deqf.o(x$fpl$deqf) for __aeabi_cdcmpeq
    tm_stm32f4_pwm.o(.text) refers to dfixu.o(x$fpl$dfixu) for __aeabi_d2uiz
    tm_stm32f4_pwm.o(.text) refers to ddiv.o(x$fpl$ddiv) for __aeabi_ddiv
    tm_stm32f4_pwm.o(.text) refers to stm32f4xx_tim.o(.text) for TIM_TimeBaseInit
    tm_stm32f4_pwm.o(.text) refers to tm_stm32f4_gpio.o(.text) for TM_GPIO_InitAlternate
    tm_stm32f4_timer_properties.o(.text) refers to stm32f4xx_rcc.o(.text) for RCC_GetClocksFreq
    tm_stm32f4_timer_properties.o(.text) refers to dflt_clz.o(x$fpl$dfltu) for __aeabi_ui2d
    tm_stm32f4_timer_properties.o(.text) refers to dleqf.o(x$fpl$dleqf) for __aeabi_cdcmple
    tm_stm32f4_timer_properties.o(.text) refers to deqf.o(x$fpl$deqf) for __aeabi_cdcmpeq
    tm_stm32f4_timer_properties.o(.text) refers to ddiv.o(x$fpl$ddiv) for __aeabi_ddiv
[...]
    .text                                    0x080058a8   Section        0  main.o(.text)
    Delayms                                  0x080058a9   Thumb Code    54  main.o(.text)
    .text                                    0x0800616c   Section        0  stm32f4xx_it.o(.text)
    .text                                    0x08006190   Section        0  system_stm32f4xx.o(.text)
    SetSysClock                              0x08006191   Thumb Code   272  system_stm32f4xx.o(.text)
    .text                                    0x080063d4   Section        0  h1_alloc.o(.text)
    .text                                    0x08006432   Section        0  h1_free.o(.text)
    .text                                    0x08006480   Section        0  noretval__2sprintf.o(.text)
    .text                                    0x080064a8   Section        0  __printf.o(.text)
    .text                                    0x08006510   Section        0  _printf_dec.o(.text)
    .text                                    0x08006588   Section        0  heapauxi.o(.text)
    .text                                    0x08006590   Section        8  rt_heap_descriptor_intlibspace.o(.text)
    .text                                    0x08006598   Section        0  hguard.o(.text)
    .text                                    0x0800659c   Section        0  init_alloc.o(.text)
    .text                                    0x08006626   Section        0  h1_init.o(.text)
    .text                                    0x08006634   Section        0  _printf_intcommon.o(.text)
    .text                                    0x080066e8   Section        0  _printf_char_common.o(.text)
    _printf_input_char                       0x080066e9   Thumb Code    10  _printf_char_common.o(.text)
    .text                                    0x08006718   Section        0  _sputc.o(.text)
    .text                                    0x08006724   Section        8  libspace.o(.text)
    .text                                    0x0800672c   Section        0  h1_extend.o(.text)
    .text                                    0x08006760   Section        0  defsig_rtmem_outer.o(.text)
    .text                                    0x0800676e   Section        2  use_no_semi.o(.text)
    .text                                    0x08006770   Section       74  sys_stackheap_outer.o(.text)
    .text                                    0x08006770   Section        0  indicate_semi.o(.text)
    .text                                    0x080067ba   Section        0  exit.o(.text)
    .text                                    0x080067cc   Section        0  defsig_exit.o(.text)
    .text                                    0x080067d8   Section        0  defsig_rtmem_inner.o(.text)
    .text                                    0x08006828   Section        0  sys_exit.o(.text)
    .text                                    0x08006834   Section        0  defsig_general.o(.text)
    .text                                    0x08006866   Section        0  sys_wrch.o(.text)
    x$fpl$dcmpinf                            0x08006874   Section       24  dcmpi.o(x$fpl$dcmpinf)
    $v0                                      0x08006874   Number         0  dcmpi.o(x$fpl$dcmpinf)
    x$fpl$ddiv                               0x0800688c   Section      688  ddiv.o(x$fpl$ddiv)
    $v0                                      0x0800688c   Number         0  ddiv.o(x$fpl$ddiv)
    ddiv_entry                               0x08006893   Thumb Code     0  ddiv.o(x$fpl$ddiv)
    x$fpl$deqf                               0x08006b3c   Section      120  deqf.o(x$fpl$deqf)
    $v0                                      0x08006b3c   Number         0  deqf.o(x$fpl$deqf)
    x$fpl$dfixu                              0x08006bb4   Section       90  dfixu.o(x$fpl$dfixu)
    $v0                                      0x08006bb4   Number         0  dfixu.o(x$fpl$dfixu)
    x$fpl$dfltu                              0x08006c0e   Section       38  dflt_clz.o(x$fpl$dfltu)
    $v0                                      0x08006c0e   Number         0  dflt_clz.o(x$fpl$dfltu)
    x$fpl$dleqf                              0x08006c34   Section      120  dleqf.o(x$fpl$dleqf)
    $v0                                      0x08006c34   Number         0  dleqf.o(x$fpl$dleqf)
    x$fpl$dnaninf                            0x08006cac   Section      156  dnaninf.o(x$fpl$dnaninf)
    $v0                                      0x08006cac   Number         0  dnaninf.o(x$fpl$dnaninf)
    x$fpl$dretinf                            0x08006d48   Section       12  dretinf.o(x$fpl$dretinf)
    $v0                                      0x08006d48   Number         0  dretinf.o(x$fpl$dretinf)
    x$fpl$fpinit                             0x08006d54   Section       10  fpinit.o(x$fpl$fpinit)
    $v0                                      0x08006d54   Number         0  fpinit.o(x$fpl$fpinit)
    .constdata                               0x08006d5e   Section       20  tm_stm32f4_dma.o(.constdata)
    x$fpl$usenofp                            0x08006d5e   Section        0  usenofp.o(x$fpl$usenofp)
    DMA_Flags_Bit_Pos                        0x08006d5e   Data           4  tm_stm32f4_dma.o(.constdata)
    DMA_IRQs                                 0x08006d62   Data          16  tm_stm32f4_dma.o(.constdata)
    .constdata                               0x08006d72   Section    10260  tm_stm32f4_fonts.o(.constdata)
    .data                                    0x20000000   Section       16  stm32f4xx_rcc.o(.data)
    APBAHBPrescTable                         0x20000000   Data          16  stm32f4xx_rcc.o(.data)
    .data                                    0x20000010   Section       17  tm_stm32f4_delay.o(.data)
    .data                                    0x20000021   Section        1  tm_stm32f4_disco.o(.data)
    TM_INT_DISCO_ButtonPressed               0x20000021   Data           1  tm_stm32f4_disco.o(.data)
    .data                                    0x20000022   Section       11  tm_stm32f4_ili9341.o(.data)
    .data                                    0x20000030   Section      144  tm_stm32f4_spi_dma.o(.data)
    SPI1_DMA_INT                             0x20000030   Data          24  tm_stm32f4_spi_dma.o(.data)
    SPI2_DMA_INT                             0x20000048   Data          24  tm_stm32f4_spi_dma.o(.data)
    SPI3_DMA_INT                             0x20000060   Data          24  tm_stm32f4_spi_dma.o(.data)
    SPI4_DMA_INT                             0x20000078   Data          24  tm_stm32f4_spi_dma.o(.data)
    SPI5_DMA_INT                             0x20000090   Data          24  tm_stm32f4_spi_dma.o(.data)
    SPI6_DMA_INT                             0x200000a8   Data          24  tm_stm32f4_spi_dma.o(.data)
    .data                                    0x200000c0   Section       24  tm_stm32f4_fonts.o(.data)
    .data                                    0x200000d8   Section       20  tm_stm32f4_keypad.o(.data)
    KeypadStatus                             0x200000e9   Data           1  tm_stm32f4_keypad.o(.data)
    millis                                   0x200000ea   Data           2  tm_stm32f4_keypad.o(.data)
    .data                                    0x200000ec   Section       20  system_stm32f4xx.o(.data)
    .bss                                     0x20000100   Section       24  tm_stm32f4_delay.o(.bss)
    CustomTimers                             0x20000100   Data          24  tm_stm32f4_delay.o(.bss)
    .bss                                     0x20000118   Section       22  tm_stm32f4_gpio.o(.bss)
    GPIO_UsedPins                            0x20000118   Data          22  tm_stm32f4_gpio.o(.bss)
    .bss                                     0x20000130   Section       60  tm_stm32f4_spi_dma.o(.bss)
    DMA_InitStruct                           0x20000130   Data          60  tm_stm32f4_spi_dma.o(.bss)
    .bss                                     0x2000016c   Section       96  libspace.o(.bss)
    HEAP                                     0x200001d0   Section      512  startup_stm32f429_439xx.o(HEAP)
    Heap_Mem                                 0x200001d0   Data         512  startup_stm32f429_439xx.o(HEAP)
    STACK                                    0x200003d0   Section     1024  startup_stm32f429_439xx.o(STACK)
    Stack_Mem                                0x200003d0   Data        1024  startup_stm32f429_439xx.o(STACK)
    __initial_sp                             0x200007d0   Data           0  startup_stm32f429_439xx.o(STACK)

    Global Symbols

    Symbol Name                              Value     Ov Type        Size  Object(Section)

    BuildAttributes$$THM_ISAv4$E$P$D$K$B$S$7EM$VFPi3$EXTD16$VFPS$VFMA$PE$A:L22UL41UL21$X:L11$S22US41US21$IEEE1$IW$USESV6$~STKCKD$USESV7$~SHL$OTIME$ROPI$EBA8$UX$STANDARDLIB$REQ8$PRES8$EABIv2 0x00000000   Number         0  anon$$obj.o ABSOLUTE
    __ARM_use_no_argv                        0x00000000   Number         0  main.o ABSOLUTE
    __ARM_exceptions_init                     - Undefined Weak Reference
    __alloca_initialize                       - Undefined Weak Reference
    __arm_preinit_                            - Undefined Weak Reference
    __cpp_initialize__aeabi_                  - Undefined Weak Reference
    __cxa_finalize                            - Undefined Weak Reference
    __rt_locale                               - Undefined Weak Reference
    __sigvec_lookup                           - Undefined Weak Reference
    __user_heap_extent                        - Undefined Weak Reference
    _atexit_init                              - Undefined Weak Reference
    _call_atexit_fns                          - Undefined Weak Reference
    _clock_init                               - Undefined Weak Reference
    _fp_trap_init                             - Undefined Weak Reference
    _fp_trap_shutdown                         - Undefined Weak Reference
    _get_lc_collate                           - Undefined Weak Reference
    _get_lc_ctype                             - Undefined Weak Reference
    _get_lc_monetary                          - Undefined Weak Reference
    _get_lc_numeric                           - Undefined Weak Reference
    _get_lc_time                              - Undefined Weak Reference
    _getenv_init                              - Undefined Weak Reference
    _handle_redirection                       - Undefined Weak Reference
    _initio                                   - Undefined Weak Reference
    _mutex_acquire                            - Undefined Weak Reference
    _mutex_free                               - Undefined Weak Reference
    _mutex_release                            - Undefined Weak Reference
    _printf_post_padding                      - Undefined Weak Reference
    _printf_pre_padding                       - Undefined Weak Reference
    _printf_truncate_signed                   - Undefined Weak Reference
    _printf_truncate_unsigned                 - Undefined Weak Reference
    _rand_init                                - Undefined Weak Reference
    _signal_finish                            - Undefined Weak Reference
    _signal_init                              - Undefined Weak Reference
    _terminateio                              - Undefined Weak Reference
    __Vectors_Size                           0x000001ac   Number         0  startup_stm32f429_439xx.o ABSOLUTE
    __Vectors                                0x08000000   Data           4  startup_stm32f429_439xx.o(RESET)
    __Vectors_End                            0x080001ac   Data           0  startup_stm32f429_439xx.o(RESET)
    __main                                   0x080001ad   Thumb Code     8  __main.o(!!!main)
    __scatterload                            0x080001b5   Thumb Code     0  __scatter.o(!!!scatter)
    __scatterload_rt2                        0x080001b5   Thumb Code    44  __scatter.o(!!!scatter)
    __scatterload_rt2_thumb_only             0x080001b5   Thumb Code     0  __scatter.o(!!!scatter)
    __scatterload_null                       0x080001c3   Thumb Code     0  __scatter.o(!!!scatter)
    __scatterload_copy                       0x080001e9   Thumb Code    26  __scatter_copy.o(!!handler_copy)
    __scatterload_zeroinit                   0x08000205   Thumb Code    28  __scatter_zi.o(!!handler_zi)
    _printf_d                                0x08000221   Thumb Code     0  _printf_d.o(.ARM.Collect$$_printf_percent$$00000009)
    _printf_percent                          0x08000221   Thumb Code     0  _printf_percent.o(.ARM.Collect$$_printf_percent$$00000000)
    _printf_percent_end                      0x08000227   Thumb Code     0  _printf_percent_end.o(.ARM.Collect$$_printf_percent$$00000017)
    __rt_lib_init                            0x0800022b   Thumb Code     0  libinit.o(.ARM.Collect$$libinit$$00000000)
    __rt_lib_init_fp_1                       0x0800022d   Thumb Code     0  libinit2.o(.ARM.Collect$$libinit$$00000001)
    __rt_lib_init_heap_2                     0x08000231   Thumb Code     0  libinit2.o(.ARM.Collect$$libinit$$00000005)
    __rt_lib_init_preinit_1                  0x08000231   Thumb Code     0  libinit2.o(.ARM.Collect$$libinit$$00000004)
    __rt_lib_init_alloca_1                   0x08000239   Thumb Code     0  libinit2.o(.ARM.Collect$$libinit$$0000002E)
    __rt_lib_init_argv_1                     0x08000239   Thumb Code     0  libinit2.o(.ARM.Collect$$libinit$$0000002C)
    __rt_lib_init_atexit_1                   0x08000239   Thumb Code     0  libinit2.o(.ARM.Collect$$libinit$$0000001B)
    __rt_lib_init_clock_1                    0x08000239   Thumb Code     0  libinit2.o(.ARM.Collect$$libinit$$00000021)
    __rt_lib_init_cpp_1                      0x08000239   Thumb Code     0  libinit2.o(.ARM.Collect$$libinit$$00000032)
    __rt_lib_init_exceptions_1               0x08000239   Thumb Code     0  libinit2.o(.ARM.Collect$$libinit$$00000030)
    __rt_lib_init_fp_trap_1                  0x08000239   Thumb Code     0  libinit2.o(.ARM.Collect$$libinit$$0000001F)
    __rt_lib_init_getenv_1                   0x08000239   Thumb Code     0  libinit2.o(.ARM.Collect$$libinit$$00000023)
    __rt_lib_init_heap_1                     0x08000239   Thumb Code     0  libinit2.o(.ARM.Collect$$libinit$$0000000A)
    __rt_lib_init_lc_collate_1               0x08000239   Thumb Code     0  libinit2.o(.ARM.Collect$$libinit$$00000011)
    __rt_lib_init_lc_ctype_1                 0x08000239   Thumb Code     0  libinit2.o(.ARM.Collect$$libinit$$00000013)
    __rt_lib_init_lc_monetary_1              0x08000239   Thumb Code     0  libinit2.o(.ARM.Collect$$libinit$$00000015)
    __rt_lib_init_lc_numeric_1               0x08000239   Thumb Code     0  libinit2.o(.ARM.Collect$$libinit$$00000017)
    __rt_lib_init_lc_time_1                  0x08000239   Thumb Code     0  libinit2.o(.ARM.Collect$$libinit$$00000019)
    __rt_lib_init_rand_1                     0x08000239   Thumb Code     0  libinit2.o(.ARM.Collect$$libinit$$0000000E)
    __rt_lib_init_return                     0x08000239   Thumb Code     0  libinit2.o(.ARM.Collect$$libinit$$00000033)
    __rt_lib_init_signal_1                   0x08000239   Thumb Code     0  libinit2.o(.ARM.Collect$$libinit$$0000001D)
    __rt_lib_init_stdio_1                    0x08000239   Thumb Code     0  libinit2.o(.ARM.Collect$$libinit$$00000025)
    __rt_lib_init_user_alloc_1               0x08000239   Thumb Code     0  libinit2.o(.ARM.Collect$$libinit$$0000000C)
    __rt_lib_shutdown                        0x0800023b   Thumb Code     0  libshutdown.o(.ARM.Collect$$libshutdown$$00000000)
    __rt_lib_shutdown_cpp_1                  0x0800023d   Thumb Code     0  libshutdown2.o(.ARM.Collect$$libshutdown$$00000002)
    __rt_lib_shutdown_fp_trap_1              0x0800023d   Thumb Code     0  libshutdown2.o(.ARM.Collect$$libshutdown$$00000007)
    __rt_lib_shutdown_heap_1                 0x0800023d   Thumb Code     0  libshutdown2.o(.ARM.Collect$$libshutdown$$0000000F)
    __rt_lib_shutdown_return                 0x0800023d   Thumb Code     0  libshutdown2.o(.ARM.Collect$$libshutdown$$00000010)
    __rt_lib_shutdown_signal_1               0x0800023d   Thumb Code     0  libshutdown2.o(.ARM.Collect$$libshutdown$$0000000A)
    __rt_lib_shutdown_stdio_1                0x0800023d   Thumb Code     0  libshutdown2.o(.ARM.Collect$$libshutdown$$00000004)
    __rt_lib_shutdown_user_alloc_1           0x0800023d   Thumb Code     0  libshutdown2.o(.ARM.Collect$$libshutdown$$0000000C)
    __rt_entry                               0x0800023f   Thumb Code     0  __rtentry.o(.ARM.Collect$$rtentry$$00000000)
    __rt_entry_presh_1                       0x0800023f   Thumb Code     0  __rtentry2.o(.ARM.Collect$$rtentry$$00000002)
    __rt_entry_sh                            0x0800023f   Thumb Code     0  __rtentry4.o(.ARM.Collect$$rtentry$$00000004)
    __rt_entry_li                            0x08000245   Thumb Code     0  __rtentry2.o(.ARM.Collect$$rtentry$$0000000A)
    __rt_entry_postsh_1                      0x08000245   Thumb Code     0  __rtentry2.o(.ARM.Collect$$rtentry$$00000009)
    __rt_entry_main                          0x08000249   Thumb Code     0  __rtentry2.o(.ARM.Collect$$rtentry$$0000000D)
    __rt_entry_postli_1                      0x08000249   Thumb Code     0  __rtentry2.o(.ARM.Collect$$rtentry$$0000000C)
    __rt_exit                                0x08000251   Thumb Code     0  rtexit.o(.ARM.Collect$$rtexit$$00000000)
    __rt_exit_ls                             0x08000253   Thumb Code     0  rtexit2.o(.ARM.Collect$$rtexit$$00000003)
    __rt_exit_prels_1                        0x08000253   Thumb Code     0  rtexit2.o(.ARM.Collect$$rtexit$$00000002)
    __rt_exit_exit                           0x08000257   Thumb Code     0  rtexit2.o(.ARM.Collect$$rtexit$$00000004)
    Reset_Handler                            0x0800025d   Thumb Code     8  startup_stm32f429_439xx.o(.text)
    _maybe_terminate_alloc                   0x0800025d   Thumb Code     0  maybetermalloc1.o(.emb_text)
    ADC_IRQHandler                           0x08000277   Thumb Code     0  startup_stm32f429_439xx.o(.text)
    CAN1_RX0_IRQHandler                      0x08000277   Thumb Code     0  startup_stm32f429_439xx.o(.text)
    CAN1_RX1_IRQHandler                      0x08000277   Thumb Code     0  startup_stm32f429_439xx.o(.text)
    CAN1_SCE_IRQHandler                      0x08000277   Thumb Code     0  startup_stm32f429_439xx.o(.text)
    CAN1_TX_IRQHandler                       0x08000277   Thumb Code     0  startup_stm32f429_439xx.o(.text)
    CAN2_RX0_IRQHandler                      0x08000277   Thumb Code     0  startup_stm32f429_439xx.o(.text)
    CAN2_RX1_IRQHandler                      0x08000277   Thumb Code     0  startup_stm32f429_439xx.o(.text)
    CAN2_SCE_IRQHandler                      0x08000277   Thumb Code     0  startup_stm32f429_439xx.o(.text)
    CAN2_TX_IRQHandler                       0x08000277   Thumb Code     0  startup_stm32f429_439xx.o(.text)
    CRYP_IRQHandler                          0x08000277   Thumb Code     0  startup_stm32f429_439xx.o(.text)
    DCMI_IRQHandler                          0x08000277   Thumb Code     0  startup_stm32f429_439xx.o(.text)
    DMA2D_IRQHandler                         0x08000277   Thumb Code     0  startup_stm32f429_439xx.o(.text)
    ETH_IRQHandler                           0x08000277   Thumb Code     0  startup_stm32f429_439xx.o(.text)
    ETH_WKUP_IRQHandler                      0x08000277   Thumb Code     0  startup_stm32f429_439xx.o(.text)
    EXTI0_IRQHandler                         0x08000277   Thumb Code     0  startup_stm32f429_439xx.o(.text)
    EXTI15_10_IRQHandler                     0x08000277   Thumb Code     0  startup_stm32f429_439xx.o(.text)
    EXTI1_IRQHandler                         0x08000277   Thumb Code     0  startup_stm32f429_439xx.o(.text)
    EXTI2_IRQHandler                         0x08000277   Thumb Code     0  startup_stm32f429_439xx.o(.text)
    EXTI3_IRQHandler                         0x08000277   Thumb Code     0  startup_stm32f429_439xx.o(.text)
    EXTI4_IRQHandler                         0x08000277   Thumb Code     0  startup_stm32f429_439xx.o(.text)
    EXTI9_5_IRQHandler                       0x08000277   Thumb Code     0  startup_stm32f429_439xx.o(.text)
    FLASH_IRQHandler                         0x08000277   Thumb Code     0  startup_stm32f429_439xx.o(.text)
    FMC_IRQHandler                           0x08000277   Thumb Code     0  startup_stm32f429_439xx.o(.text)
    FPU_IRQHandler                           0x08000277   Thumb Code     0  startup_stm32f429_439xx.o(.text)
    HASH_RNG_IRQHandler                      0x08000277   Thumb Code     0  startup_stm32f429_439xx.o(.text)
    I2C1_ER_IRQHandler                       0x08000277   Thumb Code     0  startup_stm32f429_439xx.o(.text)
    I2C1_EV_IRQHandler                       0x08000277   Thumb Code     0  startup_stm32f429_439xx.o(.text)
    I2C2_ER_IRQHandler                       0x08000277   Thumb Code     0  startup_stm32f429_439xx.o(.text)
    I2C2_EV_IRQHandler                       0x08000277   Thumb Code     0  startup_stm32f429_439xx.o(.text)
    I2C3_ER_IRQHandler                       0x08000277   Thumb Code     0  startup_stm32f429_439xx.o(.text)
    I2C3_EV_IRQHandler                       0x08000277   Thumb Code     0  startup_stm32f429_439xx.o(.text)
    LTDC_ER_IRQHandler                       0x08000277   Thumb Code     0  startup_stm32f429_439xx.o(.text)
    LTDC_IRQHandler                          0x08000277   Thumb Code     0  startup_stm32f429_439xx.o(.text)
    OTG_FS_IRQHandler                        0x08000277   Thumb Code     0  startup_stm32f429_439xx.o(.text)
    OTG_FS_WKUP_IRQHandler                   0x08000277   Thumb Code     0  startup_stm32f429_439xx.o(.text)
    OTG_HS_EP1_IN_IRQHandler                 0x08000277   Thumb Code     0  startup_stm32f429_439xx.o(.text)
    OTG_HS_EP1_OUT_IRQHandler                0x08000277   Thumb Code     0  startup_stm32f429_439xx.o(.text)
    OTG_HS_IRQHandler                        0x08000277   Thumb Code     0  startup_stm32f429_439xx.o(.text)
    OTG_HS_WKUP_IRQHandler                   0x08000277   Thumb Code     0  startup_stm32f429_439xx.o(.text)
    PVD_IRQHandler                           0x08000277   Thumb Code     0  startup_stm32f429_439xx.o(.text)
    RCC_IRQHandler                           0x08000277   Thumb Code     0  startup_stm32f429_439xx.o(.text)
    RTC_Alarm_IRQHandler                     0x08000277   Thumb Code     0  startup_stm32f429_439xx.o(.text)
    RTC_WKUP_IRQHandler                      0x08000277   Thumb Code     0  startup_stm32f429_439xx.o(.text)
    SAI1_IRQHandler                          0x08000277   Thumb Code     0  startup_stm32f429_439xx.o(.text)
    SDIO_IRQHandler                          0x08000277   Thumb Code     0  startup_stm32f429_439xx.o(.text)
    SPI1_IRQHandler                          0x08000277   Thumb Code     0  startup_stm32f429_439xx.o(.text)
    SPI2_IRQHandler                          0x08000277   Thumb Code     0  startup_stm32f429_439xx.o(.text)
    SPI3_IRQHandler                          0x08000277   Thumb Code     0  startup_stm32f429_439xx.o(.text)
    SPI4_IRQHandler                          0x08000277   Thumb Code     0  startup_stm32f429_439xx.o(.text)
    SPI5_IRQHandler                          0x08000277   Thumb Code     0  startup_stm32f429_439xx.o(.text)
    SPI6_IRQHandler                          0x08000277   Thumb Code     0  startup_stm32f429_439xx.o(.text)
    TAMP_STAMP_IRQHandler                    0x08000277   Thumb Code     0  startup_stm32f429_439xx.o(.text)
    TIM1_BRK_TIM9_IRQHandler                 0x08000277   Thumb Code     0  startup_stm32f429_439xx.o(.text)
    TIM1_CC_IRQHandler                       0x08000277   Thumb Code     0  startup_stm32f429_439xx.o(.text)
    TIM1_TRG_COM_TIM11_IRQHandler            0x08000277   Thumb Code     0  startup_stm32f429_439xx.o(.text)
    TIM1_UP_TIM10_IRQHandler                 0x08000277   Thumb Code     0  startup_stm32f429_439xx.o(.text)
    TIM2_IRQHandler                          0x08000277   Thumb Code     0  startup_stm32f429_439xx.o(.text)
    TIM3_IRQHandler                          0x08000277   Thumb Code     0  startup_stm32f429_439xx.o(.text)
    TIM4_IRQHandler                          0x08000277   Thumb Code     0  startup_stm32f429_439xx.o(.text)
    TIM5_IRQHandler                          0x08000277   Thumb Code     0  startup_stm32f429_439xx.o(.text)
    TIM6_DAC_IRQHandler                      0x08000277   Thumb Code     0  startup_stm32f429_439xx.o(.text)
    TIM7_IRQHandler                          0x08000277   Thumb Code     0  startup_stm32f429_439xx.o(.text)
    TIM8_BRK_TIM12_IRQHandler                0x08000277   Thumb Code     0  startup_stm32f429_439xx.o(.text)
    TIM8_CC_IRQHandler                       0x08000277   Thumb Code     0  startup_stm32f429_439xx.o(.text)
    TIM8_TRG_COM_TIM14_IRQHandler            0x08000277   Thumb Code     0  startup_stm32f429_439xx.o(.text)
    TIM8_UP_TIM13_IRQHandler                 0x08000277   Thumb Code     0  startup_stm32f429_439xx.o(.text)
    UART4_IRQHandler                         0x08000277   Thumb Code     0  startup_stm32f429_439xx.o(.text)
    UART5_IRQHandler                         0x08000277   Thumb Code     0  startup_stm32f429_439xx.o(.text)
    UART7_IRQHandler                         0x08000277   Thumb Code     0  startup_stm32f429_439xx.o(.text)
    UART8_IRQHandler                         0x08000277   Thumb Code     0  startup_stm32f429_439xx.o(.text)
    USART1_IRQHandler                        0x08000277   Thumb Code     0  startup_stm32f429_439xx.o(.text)
    USART2_IRQHandler                        0x08000277   Thumb Code     0  startup_stm32f429_439xx.o(.text)
    USART3_IRQHandler                        0x08000277   Thumb Code     0  startup_stm32f429_439xx.o(.text)
    USART6_IRQHandler                        0x08000277   Thumb Code     0  startup_stm32f429_439xx.o(.text)
    WWDG_IRQHandler                          0x08000277   Thumb Code     0  startup_stm32f429_439xx.o(.text)
    __user_initial_stackheap                 0x08000279   Thumb Code     0  startup_stm32f429_439xx.o(.text)
    NVIC_PriorityGroupConfig                 0x0800029d   Thumb Code    10  misc.o(.text)
    NVIC_Init                                0x080002a7   Thumb Code   106  misc.o(.text)
    NVIC_SetVectorTable                      0x08000311   Thumb Code    14  misc.o(.text)
    NVIC_SystemLPConfig                      0x0800031f   Thumb Code    34  misc.o(.text)
    SysTick_CLKSourceConfig                  0x08000341   Thumb Code    40  misc.o(.text)
    RCC_DeInit                               0x0800037d   Thumb Code    82  stm32f4xx_rcc.o(.text)
    RCC_HSEConfig                            0x080003cf   Thumb Code    14  stm32f4xx_rcc.o(.text)
    RCC_GetFlagStatus                        0x080003dd   Thumb Code    60  stm32f4xx_rcc.o(.text)
    RCC_WaitForHSEStartUp                    0x08000419   Thumb Code    56  stm32f4xx_rcc.o(.text)
    RCC_AdjustHSICalibrationValue            0x08000451   Thumb Code    20  stm32f4xx_rcc.o(.text)
    RCC_HSICmd                               0x08000465   Thumb Code     6  stm32f4xx_rcc.o(.text)
    RCC_LSEConfig                            0x0800046b   Thumb Code    46  stm32f4xx_rcc.o(.text)
    RCC_LSICmd                               0x08000499   Thumb Code     6  stm32f4xx_rcc.o(.text)
    RCC_PLLConfig                            0x0800049f   Thumb Code    32  stm32f4xx_rcc.o(.text)
    RCC_PLLCmd                               0x080004bf   Thumb Code     6  stm32f4xx_rcc.o(.text)
    RCC_PLLI2SConfig                         0x080004c5   Thumb Code    20  stm32f4xx_rcc.o(.text)
    RCC_PLLI2SCmd                            0x080004d9   Thumb Code     6  stm32f4xx_rcc.o(.text)
    RCC_PLLSAIConfig                         0x080004df   Thumb Code    20  stm32f4xx_rcc.o(.text)
    RCC_PLLSAICmd                            0x080004f3   Thumb Code     6  stm32f4xx_rcc.o(.text)
    RCC_ClockSecuritySystemCmd               0x080004f9   Thumb Code     6  stm32f4xx_rcc.o(.text)
    RCC_MCO1Config                           0x080004ff   Thumb Code    28  stm32f4xx_rcc.o(.text)
    RCC_MCO2Config                           0x0800051b   Thumb Code    28  stm32f4xx_rcc.o(.text)
    RCC_SYSCLKConfig                         0x08000537   Thumb Code    20  stm32f4xx_rcc.o(.text)
    RCC_GetSYSCLKSource                      0x0800054b   Thumb Code    12  stm32f4xx_rcc.o(.text)
    RCC_HCLKConfig                           0x08000557   Thumb Code    20  stm32f4xx_rcc.o(.text)
    RCC_PCLK1Config                          0x0800056b   Thumb Code    20  stm32f4xx_rcc.o(.text)
    RCC_PCLK2Config                          0x0800057f   Thumb Code    22  stm32f4xx_rcc.o(.text)
    RCC_GetClocksFreq                        0x08000595   Thumb Code   222  stm32f4xx_rcc.o(.text)
    RCC_RTCCLKConfig                         0x08000673   Thumb Code    54  stm32f4xx_rcc.o(.text)
    RCC_RTCCLKCmd                            0x080006a9   Thumb Code     8  stm32f4xx_rcc.o(.text)
    RCC_BackupResetCmd                       0x080006b1   Thumb Code     8  stm32f4xx_rcc.o(.text)
    RCC_I2SCLKConfig                         0x080006b9   Thumb Code     6  stm32f4xx_rcc.o(.text)
    RCC_SAIBlockACLKConfig                   0x080006bf   Thumb Code    20  stm32f4xx_rcc.o(.text)
    RCC_SAIBlockBCLKConfig                   0x080006d3   Thumb Code    20  stm32f4xx_rcc.o(.text)
    RCC_SAIPLLI2SClkDivConfig                0x080006e7   Thumb Code    26  stm32f4xx_rcc.o(.text)
    RCC_SAIPLLSAIClkDivConfig                0x08000701   Thumb Code    28  stm32f4xx_rcc.o(.text)
    RCC_LTDCCLKDivConfig                     0x0800071d   Thumb Code    20  stm32f4xx_rcc.o(.text)
    RCC_TIMCLKPresConfig                     0x08000731   Thumb Code     6  stm32f4xx_rcc.o(.text)
    RCC_AHB1PeriphClockCmd                   0x08000737   Thumb Code    82  stm32f4xx_rcc.o(.text)
    RCC_AHB2PeriphClockCmd                   0x08000789   Thumb Code    26  stm32f4xx_rcc.o(.text)
    RCC_AHB3PeriphClockCmd                   0x080007a3   Thumb Code    34  stm32f4xx_rcc.o(.text)
    RCC_APB1PeriphClockCmd                   0x080007c5   Thumb Code    34  stm32f4xx_rcc.o(.text)
    RCC_APB2PeriphClockCmd                   0x080007e7   Thumb Code    34  stm32f4xx_rcc.o(.text)
    RCC_AHB1PeriphResetCmd                   0x08000809   Thumb Code    34  stm32f4xx_rcc.o(.text)
    RCC_AHB2PeriphResetCmd                   0x0800082b   Thumb Code    34  stm32f4xx_rcc.o(.text)
    RCC_AHB3PeriphResetCmd                   0x0800084d   Thumb Code    34  stm32f4xx_rcc.o(.text)
    RCC_APB1PeriphResetCmd                   0x0800086f   Thumb Code    34  stm32f4xx_rcc.o(.text)
    RCC_APB2PeriphResetCmd                   0x08000891   Thumb Code    34  stm32f4xx_rcc.o(.text)
    RCC_AHB1PeriphClockLPModeCmd             0x080008b3   Thumb Code    34  stm32f4xx_rcc.o(.text)
    RCC_AHB2PeriphClockLPModeCmd             0x080008d5   Thumb Code    34  stm32f4xx_rcc.o(.text)
    RCC_AHB3PeriphClockLPModeCmd             0x080008f7   Thumb Code    34  stm32f4xx_rcc.o(.text)
    RCC_APB1PeriphClockLPModeCmd             0x08000919   Thumb Code    34  stm32f4xx_rcc.o(.text)
    RCC_APB2PeriphClockLPModeCmd             0x0800093b   Thumb Code    34  stm32f4xx_rcc.o(.text)
    RCC_LSEModeConfig                        0x0800095d   Thumb Code    40  stm32f4xx_rcc.o(.text)
    RCC_ITConfig                             0x08000985   Thumb Code    34  stm32f4xx_rcc.o(.text)
    RCC_ClearFlag                            0x080009a7   Thumb Code    18  stm32f4xx_rcc.o(.text)
    RCC_GetITStatus                          0x080009b9   Thumb Code    22  stm32f4xx_rcc.o(.text)
    RCC_ClearITPendingBit                    0x080009cf   Thumb Code     8  stm32f4xx_rcc.o(.text)
    GPIO_DeInit                              0x080009dd   Thumb Code   268  stm32f4xx_gpio.o(.text)
    GPIO_Init                                0x08000ae9   Thumb Code   144  stm32f4xx_gpio.o(.text)
    GPIO_StructInit                          0x08000b79   Thumb Code    18  stm32f4xx_gpio.o(.text)
    GPIO_PinLockConfig                       0x08000b8b   Thumb Code    34  stm32f4xx_gpio.o(.text)
    GPIO_ReadInputDataBit                    0x08000bad   Thumb Code    18  stm32f4xx_gpio.o(.text)
    GPIO_ReadInputData                       0x08000bbf   Thumb Code     8  stm32f4xx_gpio.o(.text)
    GPIO_ReadOutputDataBit                   0x08000bc7   Thumb Code    18  stm32f4xx_gpio.o(.text)
    GPIO_ReadOutputData                      0x08000bd9   Thumb Code     8  stm32f4xx_gpio.o(.text)
    GPIO_SetBits                             0x08000be1   Thumb Code     4  stm32f4xx_gpio.o(.text)
    GPIO_ResetBits                           0x08000be5   Thumb Code     4  stm32f4xx_gpio.o(.text)
    GPIO_WriteBit                            0x08000be9   Thumb Code    10  stm32f4xx_gpio.o(.text)
    GPIO_Write                               0x08000bf3   Thumb Code     4  stm32f4xx_gpio.o(.text)
    GPIO_ToggleBits                          0x08000bf7   Thumb Code     8  stm32f4xx_gpio.o(.text)
    GPIO_PinAFConfig                         0x08000bff   Thumb Code    70  stm32f4xx_gpio.o(.text)
    SPI_I2S_DeInit                           0x08000c71   Thumb Code   152  stm32f4xx_spi.o(.text)
    SPI_Init                                 0x08000d09   Thumb Code    60  stm32f4xx_spi.o(.text)
    I2S_Init                                 0x08000d45   Thumb Code   396  stm32f4xx_spi.o(.text)
    SPI_StructInit                           0x08000ed1   Thumb Code    24  stm32f4xx_spi.o(.text)
    I2S_StructInit                           0x08000ee9   Thumb Code    20  stm32f4xx_spi.o(.text)
    SPI_Cmd                                  0x08000efd   Thumb Code    24  stm32f4xx_spi.o(.text)
    I2S_Cmd                                  0x08000f15   Thumb Code    24  stm32f4xx_spi.o(.text)
    SPI_DataSizeConfig                       0x08000f2d   Thumb Code    18  stm32f4xx_spi.o(.text)
    SPI_BiDirectionalLineConfig              0x08000f3f   Thumb Code    28  stm32f4xx_spi.o(.text)
    SPI_NSSInternalSoftwareConfig            0x08000f5b   Thumb Code    30  stm32f4xx_spi.o(.text)
    SPI_SSOutputCmd                          0x08000f79   Thumb Code    24  stm32f4xx_spi.o(.text)
    SPI_TIModeCmd                            0x08000f91   Thumb Code    24  stm32f4xx_spi.o(.text)
    I2S_FullDuplexConfig                     0x08000fa9   Thumb Code    80  stm32f4xx_spi.o(.text)
    SPI_I2S_ReceiveData                      0x08000ff9   Thumb Code     6  stm32f4xx_spi.o(.text)
    SPI_I2S_SendData                         0x08000fff   Thumb Code     4  stm32f4xx_spi.o(.text)
    SPI_CalculateCRC                         0x08001003   Thumb Code    24  stm32f4xx_spi.o(.text)
    SPI_TransmitCRC                          0x0800101b   Thumb Code    10  stm32f4xx_spi.o(.text)
    SPI_GetCRC                               0x08001025   Thumb Code    16  stm32f4xx_spi.o(.text)
    SPI_GetCRCPolynomial                     0x08001035   Thumb Code     6  stm32f4xx_spi.o(.text)
    SPI_I2S_DMACmd                           0x0800103b   Thumb Code    18  stm32f4xx_spi.o(.text)
    SPI_I2S_ITConfig                         0x0800104d   Thumb Code    68  stm32f4xx_spi.o(.text)
    SPI_I2S_GetFlagStatus                    0x08001091   Thumb Code    18  stm32f4xx_spi.o(.text)
    SPI_I2S_ClearFlag                        0x080010a3   Thumb Code     6  stm32f4xx_spi.o(.text)
    SPI_I2S_GetITStatus                      0x080010a9   Thumb Code    52  stm32f4xx_spi.o(.text)
    SPI_I2S_ClearITPendingBit                0x080010dd   Thumb Code    20  stm32f4xx_spi.o(.text)
    DMA_DeInit                               0x080010f1   Thumb Code   324  stm32f4xx_dma.o(.text)
    DMA_Init                                 0x08001235   Thumb Code    82  stm32f4xx_dma.o(.text)
    DMA_StructInit                           0x08001287   Thumb Code    34  stm32f4xx_dma.o(.text)
    DMA_Cmd                                  0x080012a9   Thumb Code    22  stm32f4xx_dma.o(.text)
    DMA_PeriphIncOffsetSizeConfig            0x080012bf   Thumb Code    22  stm32f4xx_dma.o(.text)
    DMA_FlowControllerConfig                 0x080012d5   Thumb Code    22  stm32f4xx_dma.o(.text)
    DMA_SetCurrDataCounter                   0x080012eb   Thumb Code     4  stm32f4xx_dma.o(.text)
    DMA_GetCurrDataCounter                   0x080012ef   Thumb Code     8  stm32f4xx_dma.o(.text)
    DMA_DoubleBufferModeConfig               0x080012f7   Thumb Code    24  stm32f4xx_dma.o(.text)
    DMA_DoubleBufferModeCmd                  0x0800130f   Thumb Code    22  stm32f4xx_dma.o(.text)
    DMA_MemoryTargetConfig                   0x08001325   Thumb Code    10  stm32f4xx_dma.o(.text)
    DMA_GetCurrentMemoryTarget               0x0800132f   Thumb Code    20  stm32f4xx_dma.o(.text)
    DMA_GetCmdStatus                         0x08001343   Thumb Code    20  stm32f4xx_dma.o(.text)
    DMA_GetFIFOStatus                        0x08001357   Thumb Code    12  stm32f4xx_dma.o(.text)
    DMA_GetFlagStatus                        0x08001363   Thumb Code    56  stm32f4xx_dma.o(.text)
    DMA_ClearFlag                            0x0800139b   Thumb Code    40  stm32f4xx_dma.o(.text)
    DMA_ITConfig                             0x080013c3   Thumb Code    58  stm32f4xx_dma.o(.text)
    DMA_GetITStatus                          0x080013fd   Thumb Code    84  stm32f4xx_dma.o(.text)
    DMA_ClearITPendingBit                    0x08001451   Thumb Code    40  stm32f4xx_dma.o(.text)
    TIM_DeInit                               0x08001499   Thumb Code   346  stm32f4xx_tim.o(.text)
    TIM_TimeBaseInit                         0x080015f3   Thumb Code   104  stm32f4xx_tim.o(.text)
    TIM_TimeBaseStructInit                   0x0800165b   Thumb Code    18  stm32f4xx_tim.o(.text)
    TIM_PrescalerConfig                      0x0800166d   Thumb Code     6  stm32f4xx_tim.o(.text)
    TIM_CounterModeConfig                    0x08001673   Thumb Code    18  stm32f4xx_tim.o(.text)
    TIM_SetCounter                           0x08001685   Thumb Code     4  stm32f4xx_tim.o(.text)
    TIM_SetAutoreload                        0x08001689   Thumb Code     4  stm32f4xx_tim.o(.text)
    TIM_GetCounter                           0x0800168d   Thumb Code     6  stm32f4xx_tim.o(.text)
    TIM_GetPrescaler                         0x08001693   Thumb Code     6  stm32f4xx_tim.o(.text)
    TIM_UpdateDisableConfig                  0x08001699   Thumb Code    24  stm32f4xx_tim.o(.text)
    TIM_UpdateRequestConfig                  0x080016b1   Thumb Code    24  stm32f4xx_tim.o(.text)
    TIM_ARRPreloadConfig                     0x080016c9   Thumb Code    24  stm32f4xx_tim.o(.text)
    TIM_SelectOnePulseMode                   0x080016e1   Thumb Code    18  stm32f4xx_tim.o(.text)
    TIM_SetClockDivision                     0x080016f3   Thumb Code    18  stm32f4xx_tim.o(.text)
    TIM_Cmd                                  0x08001705   Thumb Code    24  stm32f4xx_tim.o(.text)
    TIM_OC1Init                              0x0800171d   Thumb Code   114  stm32f4xx_tim.o(.text)
    TIM_OC2Init                              0x0800178f   Thumb Code   154  stm32f4xx_tim.o(.text)
    TIM_OC3Init                              0x08001829   Thumb Code   204  stm32f4xx_tim.o(.text)
    TIM_OC4Init                              0x080018f5   Thumb Code   112  stm32f4xx_tim.o(.text)
    TIM_OCStructInit                         0x08001965   Thumb Code    20  stm32f4xx_tim.o(.text)
    TIM_SelectOCxM                           0x08001979   Thumb Code    86  stm32f4xx_tim.o(.text)
    TIM_SetCompare1                          0x080019cf   Thumb Code     4  stm32f4xx_tim.o(.text)
    TIM_SetCompare2                          0x080019d3   Thumb Code     4  stm32f4xx_tim.o(.text)
    TIM_SetCompare3                          0x080019d7   Thumb Code     4  stm32f4xx_tim.o(.text)
    TIM_SetCompare4                          0x080019db   Thumb Code     4  stm32f4xx_tim.o(.text)
    TIM_ForcedOC1Config                      0x080019df   Thumb Code    18  stm32f4xx_tim.o(.text)
    TIM_ForcedOC2Config                      0x080019f1   Thumb Code    26  stm32f4xx_tim.o(.text)
    TIM_ForcedOC3Config                      0x08001a0b   Thumb Code    18  stm32f4xx_tim.o(.text)
    TIM_ForcedOC4Config                      0x08001a1d   Thumb Code    26  stm32f4xx_tim.o(.text)
    TIM_OC1PreloadConfig                     0x08001a37   Thumb Code    18  stm32f4xx_tim.o(.text)
    TIM_OC2PreloadConfig                     0x08001a49   Thumb Code    26  stm32f4xx_tim.o(.text)
    TIM_OC3PreloadConfig                     0x08001a63   Thumb Code    18  stm32f4xx_tim.o(.text)
    TIM_OC4PreloadConfig                     0x08001a75   Thumb Code    26  stm32f4xx_tim.o(.text)
    TIM_OC1FastConfig                        0x08001a8f   Thumb Code    18  stm32f4xx_tim.o(.text)
    TIM_OC2FastConfig                        0x08001aa1   Thumb Code    26  stm32f4xx_tim.o(.text)
    TIM_OC3FastConfig                        0x08001abb   Thumb Code    18  stm32f4xx_tim.o(.text)
    TIM_OC4FastConfig                        0x08001acd   Thumb Code    26  stm32f4xx_tim.o(.text)
    TIM_ClearOC1Ref                          0x08001ae7   Thumb Code    18  stm32f4xx_tim.o(.text)
    TIM_ClearOC2Ref                          0x08001af9   Thumb Code    24  stm32f4xx_tim.o(.text)
    TIM_ClearOC3Ref                          0x08001b11   Thumb Code    18  stm32f4xx_tim.o(.text)
    TIM_ClearOC4Ref                          0x08001b23   Thumb Code    24  stm32f4xx_tim.o(.text)
    TIM_OC1PolarityConfig                    0x08001b3b   Thumb Code    18  stm32f4xx_tim.o(.text)
    TIM_OC1NPolarityConfig                   0x08001b4d   Thumb Code    18  stm32f4xx_tim.o(.text)
    TIM_OC2PolarityConfig                    0x08001b5f   Thumb Code    26  stm32f4xx_tim.o(.text)
    TIM_OC2NPolarityConfig                   0x08001b79   Thumb Code    26  stm32f4xx_tim.o(.text)
    TIM_OC3PolarityConfig                    0x08001b93   Thumb Code    26  stm32f4xx_tim.o(.text)
    TIM_OC3NPolarityConfig                   0x08001bad   Thumb Code    26  stm32f4xx_tim.o(.text)
    TIM_OC4PolarityConfig                    0x08001bc7   Thumb Code    26  stm32f4xx_tim.o(.text)
    TIM_CCxCmd                               0x08001be1   Thumb Code    30  stm32f4xx_tim.o(.text)
    TIM_CCxNCmd                              0x08001bff   Thumb Code    30  stm32f4xx_tim.o(.text)
    TIM_SetIC4Prescaler                      0x08001c1d   Thumb Code    26  stm32f4xx_tim.o(.text)
    TIM_SetIC3Prescaler                      0x08001c87   Thumb Code    18  stm32f4xx_tim.o(.text)
    TIM_SetIC2Prescaler                      0x08001ce1   Thumb Code    26  stm32f4xx_tim.o(.text)
    TIM_SetIC1Prescaler                      0x08001d55   Thumb Code    18  stm32f4xx_tim.o(.text)
    TIM_ICInit                               0x08001da1   Thumb Code   110  stm32f4xx_tim.o(.text)
    TIM_ICStructInit                         0x08001e0f   Thumb Code    18  stm32f4xx_tim.o(.text)
    TIM_PWMIConfig                           0x08001e21   Thumb Code   124  stm32f4xx_tim.o(.text)
    TIM_GetCapture1                          0x08001e9d   Thumb Code     6  stm32f4xx_tim.o(.text)
    TIM_GetCapture2                          0x08001ea3   Thumb Code     6  stm32f4xx_tim.o(.text)
    TIM_GetCapture3                          0x08001ea9   Thumb Code     6  stm32f4xx_tim.o(.text)
    TIM_GetCapture4                          0x08001eaf   Thumb Code     6  stm32f4xx_tim.o(.text)
    TIM_BDTRConfig                           0x08001eb5   Thumb Code    32  stm32f4xx_tim.o(.text)
    TIM_BDTRStructInit                       0x08001ed5   Thumb Code    18  stm32f4xx_tim.o(.text)
    TIM_CtrlPWMOutputs                       0x08001ee7   Thumb Code    30  stm32f4xx_tim.o(.text)
    TIM_SelectCOM                            0x08001f05   Thumb Code    24  stm32f4xx_tim.o(.text)
    TIM_CCPreloadControl                     0x08001f1d   Thumb Code    24  stm32f4xx_tim.o(.text)
    TIM_ITConfig                             0x08001f35   Thumb Code    18  stm32f4xx_tim.o(.text)
    TIM_GenerateEvent                        0x08001f47   Thumb Code     4  stm32f4xx_tim.o(.text)
    TIM_GetFlagStatus                        0x08001f4b   Thumb Code    18  stm32f4xx_tim.o(.text)
    TIM_ClearFlag                            0x08001f5d   Thumb Code     6  stm32f4xx_tim.o(.text)
    TIM_GetITStatus                          0x08001f63   Thumb Code    34  stm32f4xx_tim.o(.text)
    TIM_ClearITPendingBit                    0x08001f85   Thumb Code     6  stm32f4xx_tim.o(.text)
    TIM_DMAConfig                            0x08001f8b   Thumb Code    10  stm32f4xx_tim.o(.text)
    TIM_DMACmd                               0x08001f95   Thumb Code    18  stm32f4xx_tim.o(.text)
    TIM_SelectCCDMA                          0x08001fa7   Thumb Code    24  stm32f4xx_tim.o(.text)
    TIM_InternalClockConfig                  0x08001fbf   Thumb Code    12  stm32f4xx_tim.o(.text)
    TIM_SelectInputTrigger                   0x08001fcb   Thumb Code    18  stm32f4xx_tim.o(.text)
    TIM_ITRxExternalClockConfig              0x08001fdd   Thumb Code    24  stm32f4xx_tim.o(.text)
    TIM_TIxExternalClockConfig               0x08001ff5   Thumb Code    62  stm32f4xx_tim.o(.text)
    TIM_ETRConfig                            0x08002033   Thumb Code    28  stm32f4xx_tim.o(.text)
    TIM_ETRClockMode1Config                  0x0800204f   Thumb Code    54  stm32f4xx_tim.o(.text)
    TIM_ETRClockMode2Config                  0x08002085   Thumb Code    32  stm32f4xx_tim.o(.text)
    TIM_SelectOutputTrigger                  0x080020a5   Thumb Code    18  stm32f4xx_tim.o(.text)
    TIM_SelectSlaveMode                      0x080020b7   Thumb Code    18  stm32f4xx_tim.o(.text)
    TIM_SelectMasterSlaveMode                0x080020c9   Thumb Code    18  stm32f4xx_tim.o(.text)
    TIM_EncoderInterfaceConfig               0x080020db   Thumb Code    66  stm32f4xx_tim.o(.text)
    TIM_SelectHallSensor                     0x0800211d   Thumb Code    24  stm32f4xx_tim.o(.text)
    TIM_RemapConfig                          0x08002135   Thumb Code     6  stm32f4xx_tim.o(.text)
    TimingDelay_Decrement                    0x0800213d   Thumb Code   162  tm_stm32f4_delay.o(.text)
    TM_DELAY_Init                            0x080021df   Thumb Code   110  tm_stm32f4_delay.o(.text)
    TM_DELAY_EnableDelayTimer                0x0800224d   Thumb Code    28  tm_stm32f4_delay.o(.text)
    TM_DELAY_DisableDelayTimer               0x08002269   Thumb Code    18  tm_stm32f4_delay.o(.text)
    TM_DELAY_TimerCreate                     0x0800227b   Thumb Code    90  tm_stm32f4_delay.o(.text)
    TM_DELAY_TimerDelete                     0x080022d5   Thumb Code   126  tm_stm32f4_delay.o(.text)
    TM_DELAY_TimerStop                       0x08002353   Thumb Code     6  tm_stm32f4_delay.o(.text)
    TM_DELAY_TimerStart                      0x08002359   Thumb Code     6  tm_stm32f4_delay.o(.text)
    TM_DELAY_TimerReset                      0x0800235f   Thumb Code     6  tm_stm32f4_delay.o(.text)
    TM_DELAY_TimerAutoReload                 0x08002365   Thumb Code     4  tm_stm32f4_delay.o(.text)
    TM_DELAY_TimerAutoReloadValue            0x08002369   Thumb Code     4  tm_stm32f4_delay.o(.text)
    TM_DISCO_LedInit                         0x08002391   Thumb Code    34  tm_stm32f4_disco.o(.text)
    TM_DISCO_ButtonInit                      0x080023b3   Thumb Code    24  tm_stm32f4_disco.o(.text)
    TM_DISCO_ButtonOnPressed                 0x080023cb   Thumb Code    38  tm_stm32f4_disco.o(.text)
    TM_DISCO_ButtonOnReleased                0x080023f1   Thumb Code    40  tm_stm32f4_disco.o(.text)
    TM_MFRC522_ReadRegister                  0x08002467   Thumb Code    48  tm_stm32f4_mfrc522.o(.text)
    TM_MFRC522_WriteRegister                 0x08002497   Thumb Code    42  tm_stm32f4_mfrc522.o(.text)
    TM_MFRC522_SetBitMask                    0x080024c1   Thumb Code    26  tm_stm32f4_mfrc522.o(.text)
    TM_MFRC522_AntennaOn                     0x080024db   Thumb Code    26  tm_stm32f4_mfrc522.o(.text)
    TM_MFRC522_Reset                         0x080024f5   Thumb Code    12  tm_stm32f4_mfrc522.o(.text)
    TM_MFRC522_InitPins                      0x08002501   Thumb Code    56  tm_stm32f4_mfrc522.o(.text)
    TM_MFRC522_Init                          0x08002539   Thumb Code    80  tm_stm32f4_mfrc522.o(.text)
    TM_MFRC522_ClearBitMask                  0x08002589   Thumb Code    26  tm_stm32f4_mfrc522.o(.text)
    TM_MFRC522_ToCard                        0x080025a3   Thumb Code   300  tm_stm32f4_mfrc522.o(.text)
    TM_MFRC522_CalculateCRC                  0x080026cf   Thumb Code   100  tm_stm32f4_mfrc522.o(.text)
    TM_MFRC522_Halt                          0x08002733   Thumb Code    44  tm_stm32f4_mfrc522.o(.text)
    TM_MFRC522_Anticoll                      0x0800275f   Thumb Code    74  tm_stm32f4_mfrc522.o(.text)
    TM_MFRC522_Request                       0x080027a9   Thumb Code    50  tm_stm32f4_mfrc522.o(.text)
    TM_MFRC522_Check                         0x080027db   Thumb Code    32  tm_stm32f4_mfrc522.o(.text)
    TM_MFRC522_Compare                       0x080027fb   Thumb Code    34  tm_stm32f4_mfrc522.o(.text)
    TM_MFRC522_AntennaOff                    0x0800281d   Thumb Code    12  tm_stm32f4_mfrc522.o(.text)
    TM_MFRC522_SelectTag                     0x08002829   Thumb Code   102  tm_stm32f4_mfrc522.o(.text)
    TM_MFRC522_Auth                          0x0800288f   Thumb Code   110  tm_stm32f4_mfrc522.o(.text)
    TM_MFRC522_Read                          0x080028fd   Thumb Code    56  tm_stm32f4_mfrc522.o(.text)
    TM_MFRC522_Write                         0x08002935   Thumb Code   150  tm_stm32f4_mfrc522.o(.text)
    TM_SPI_InitCustomPinsCallback            0x080029cd   Thumb Code     2  tm_stm32f4_spi.o(.text)
    TM_SPI6_INT_InitPins                     0x080029cf   Thumb Code    42  tm_stm32f4_spi.o(.text)
    TM_SPI5_INT_InitPins                     0x080029f9   Thumb Code    86  tm_stm32f4_spi.o(.text)
    TM_SPI4_INT_InitPins                     0x08002a4f   Thumb Code    66  tm_stm32f4_spi.o(.text)
    TM_SPI3_INT_InitPins                     0x08002a91   Thumb Code    66  tm_stm32f4_spi.o(.text)
    TM_SPI2_INT_InitPins                     0x08002ad3   Thumb Code   112  tm_stm32f4_spi.o(.text)
    TM_SPI1_INT_InitPins                     0x08002b43   Thumb Code    64  tm_stm32f4_spi.o(.text)
    TM_SPI_Init                              0x08002cd1   Thumb Code   176  tm_stm32f4_spi.o(.text)
    TM_SPI_InitWithMode                      0x08002d81   Thumb Code   240  tm_stm32f4_spi.o(.text)
    TM_SPI_InitFull                          0x08002e71   Thumb Code   140  tm_stm32f4_spi.o(.text)
    TM_SPI_GetPrescalerFromMaxFrequency      0x08002efd   Thumb Code    88  tm_stm32f4_spi.o(.text)
    TM_SPI_SetDataSize                       0x08002f55   Thumb Code    48  tm_stm32f4_spi.o(.text)
    TM_SPI_SendMulti                         0x08002f85   Thumb Code    80  tm_stm32f4_spi.o(.text)
    TM_SPI_WriteMulti                        0x08002fd5   Thumb Code    78  tm_stm32f4_spi.o(.text)
    TM_SPI_ReadMulti                         0x08003023   Thumb Code    78  tm_stm32f4_spi.o(.text)
    TM_SPI_SendMulti16                       0x08003071   Thumb Code    84  tm_stm32f4_spi.o(.text)
    TM_SPI_WriteMulti16                      0x080030c5   Thumb Code    80  tm_stm32f4_spi.o(.text)
    TM_SPI_ReadMulti16                       0x08003115   Thumb Code    80  tm_stm32f4_spi.o(.text)
    TM_ILI9341_SendCommand                   0x080031bf   Thumb Code    40  tm_stm32f4_ili9341.o(.text)
    TM_ILI9341_SendData                      0x080031e7   Thumb Code    40  tm_stm32f4_ili9341.o(.text)
    TM_ILI9341_SetCursorPosition             0x0800320f   Thumb Code    76  tm_stm32f4_ili9341.o(.text)
    TM_ILI9341_INT_Fill                      0x0800325b   Thumb Code   160  tm_stm32f4_ili9341.o(.text)
    TM_ILI9341_Fill                          0x080032fb   Thumb Code    28  tm_stm32f4_ili9341.o(.text)
    TM_ILI9341_Delay                         0x08003317   Thumb Code    18  tm_stm32f4_ili9341.o(.text)
    TM_ILI9341_InitLCD                       0x08003329   Thumb Code   618  tm_stm32f4_ili9341.o(.text)
    TM_ILI9341_Init                          0x08003593   Thumb Code   146  tm_stm32f4_ili9341.o(.text)
    TM_ILI9341_DisplayOn                     0x08003625   Thumb Code    10  tm_stm32f4_ili9341.o(.text)
    TM_ILI9341_DisplayOff                    0x0800362f   Thumb Code    10  tm_stm32f4_ili9341.o(.text)
    TM_ILI9341_DrawPixel                     0x08003639   Thumb Code    42  tm_stm32f4_ili9341.o(.text)
    TM_ILI9341_Rotate                        0x08003663   Thumb Code    96  tm_stm32f4_ili9341.o(.text)
    TM_ILI9341_Putc                          0x080036c3   Thumb Code   186  tm_stm32f4_ili9341.o(.text)
    TM_ILI9341_Puts                          0x0800377d   Thumb Code   118  tm_stm32f4_ili9341.o(.text)
    TM_ILI9341_GetStringSize                 0x080037f3   Thumb Code    28  tm_stm32f4_ili9341.o(.text)
    TM_ILI9341_DrawLine                      0x0800380f   Thumb Code   268  tm_stm32f4_ili9341.o(.text)
    TM_ILI9341_DrawRectangle                 0x0800391b   Thumb Code    74  tm_stm32f4_ili9341.o(.text)
    TM_ILI9341_DrawFilledRectangle           0x08003965   Thumb Code    66  tm_stm32f4_ili9341.o(.text)
    TM_ILI9341_DrawCircle                    0x080039a7   Thumb Code   288  tm_stm32f4_ili9341.o(.text)
    TM_ILI9341_DrawFilledCircle              0x08003ac7   Thumb Code   334  tm_stm32f4_ili9341.o(.text)
    TM_GPIO_GetPortSource                    0x08003c15   Thumb Code    14  tm_stm32f4_gpio.o(.text)
    TM_GPIO_INT_Init                         0x08003c23   Thumb Code   170  tm_stm32f4_gpio.o(.text)
    TM_GPIO_INT_EnableClock                  0x08003ccd   Thumb Code    28  tm_stm32f4_gpio.o(.text)
    TM_GPIO_Init                             0x08003ce9   Thumb Code    48  tm_stm32f4_gpio.o(.text)
    TM_GPIO_InitAlternate                    0x08003d19   Thumb Code   110  tm_stm32f4_gpio.o(.text)
    TM_GPIO_DeInit                           0x08003d87   Thumb Code    66  tm_stm32f4_gpio.o(.text)
    TM_GPIO_SetPinAsInput                    0x08003dc9   Thumb Code    38  tm_stm32f4_gpio.o(.text)
    TM_GPIO_SetPinAsOutput                   0x08003def   Thumb Code    46  tm_stm32f4_gpio.o(.text)
    TM_GPIO_SetPinAsAnalog                   0x08003e1d   Thumb Code    38  tm_stm32f4_gpio.o(.text)
    TM_GPIO_SetPinAsAlternate                0x08003e43   Thumb Code    50  tm_stm32f4_gpio.o(.text)
    TM_GPIO_SetPullResistor                  0x08003e75   Thumb Code    50  tm_stm32f4_gpio.o(.text)
    TM_GPIO_Lock                             0x08003ea7   Thumb Code    16  tm_stm32f4_gpio.o(.text)
    TM_GPIO_GetPinSource                     0x08003eb7   Thumb Code    18  tm_stm32f4_gpio.o(.text)
    TM_GPIO_INT_DisableClock                 0x08003ec9   Thumb Code    26  tm_stm32f4_gpio.o(.text)
    TM_GPIO_GetUsedPins                      0x08003ee3   Thumb Code    18  tm_stm32f4_gpio.o(.text)
    TM_GPIO_GetFreePins                      0x08003ef5   Thumb Code    22  tm_stm32f4_gpio.o(.text)
    TM_SPI_DMA_Init                          0x08003f49   Thumb Code   104  tm_stm32f4_spi_dma.o(.text)
    TM_SPI_DMA_InitWithStreamAndChannel      0x08003fb1   Thumb Code    44  tm_stm32f4_spi_dma.o(.text)
    TM_SPI_DMA_Deinit                        0x08003fdd   Thumb Code    26  tm_stm32f4_spi_dma.o(.text)
    TM_SPI_DMA_Transmit                      0x08003ff7   Thumb Code   202  tm_stm32f4_spi_dma.o(.text)
    TM_SPI_DMA_SendByte                      0x080040c1   Thumb Code   102  tm_stm32f4_spi_dma.o(.text)
    TM_SPI_DMA_SendHalfWord                  0x08004127   Thumb Code   110  tm_stm32f4_spi_dma.o(.text)
    TM_SPI_DMA_Working                       0x08004195   Thumb Code    48  tm_stm32f4_spi_dma.o(.text)
    TM_SPI_DMA_GetStreamTX                   0x080041c5   Thumb Code    14  tm_stm32f4_spi_dma.o(.text)
    TM_SPI_DMA_GetStreamRX                   0x080041d3   Thumb Code    14  tm_stm32f4_spi_dma.o(.text)
    TM_SPI_DMA_EnableInterrupts              0x080041e1   Thumb Code    26  tm_stm32f4_spi_dma.o(.text)
    TM_SPI_DMA_DisableInterrupts             0x080041fb   Thumb Code    26  tm_stm32f4_spi_dma.o(.text)
    TM_DMA_ClearFlag                         0x08004251   Thumb Code    64  tm_stm32f4_dma.o(.text)
    TM_DMA_ClearFlags                        0x08004291   Thumb Code    14  tm_stm32f4_dma.o(.text)
    TM_DMA_GetFlags                          0x0800429f   Thumb Code    72  tm_stm32f4_dma.o(.text)
    TM_DMA_EnableInterrupts                  0x080042e7   Thumb Code   108  tm_stm32f4_dma.o(.text)
    TM_DMA_DisableInterrupts                 0x08004353   Thumb Code    88  tm_stm32f4_dma.o(.text)
    TM_DMA_TransferCompleteHandler           0x080043ab   Thumb Code     2  tm_stm32f4_dma.o(.text)
    TM_DMA_HalfTransferCompleteHandler       0x080043ad   Thumb Code     2  tm_stm32f4_dma.o(.text)
    TM_DMA_TransferErrorHandler              0x080043af   Thumb Code     2  tm_stm32f4_dma.o(.text)
    TM_DMA_DirectModeErrorHandler            0x080043b1   Thumb Code     2  tm_stm32f4_dma.o(.text)
    TM_DMA_FIFOErrorHandler                  0x080043b3   Thumb Code     2  tm_stm32f4_dma.o(.text)
    DMA1_Stream0_IRQHandler                  0x08004431   Thumb Code    12  tm_stm32f4_dma.o(.text)
    DMA1_Stream1_IRQHandler                  0x0800443d   Thumb Code    12  tm_stm32f4_dma.o(.text)
    DMA1_Stream2_IRQHandler                  0x08004449   Thumb Code    12  tm_stm32f4_dma.o(.text)
    DMA1_Stream3_IRQHandler                  0x08004455   Thumb Code    12  tm_stm32f4_dma.o(.text)
    DMA1_Stream4_IRQHandler                  0x08004461   Thumb Code    12  tm_stm32f4_dma.o(.text)
    DMA1_Stream5_IRQHandler                  0x0800446d   Thumb Code    12  tm_stm32f4_dma.o(.text)
    DMA1_Stream6_IRQHandler                  0x08004479   Thumb Code    12  tm_stm32f4_dma.o(.text)
    DMA1_Stream7_IRQHandler                  0x08004485   Thumb Code    12  tm_stm32f4_dma.o(.text)
    DMA2_Stream0_IRQHandler                  0x08004491   Thumb Code    10  tm_stm32f4_dma.o(.text)
    DMA2_Stream1_IRQHandler                  0x0800449b   Thumb Code    12  tm_stm32f4_dma.o(.text)
    DMA2_Stream2_IRQHandler                  0x080044a7   Thumb Code    12  tm_stm32f4_dma.o(.text)
    DMA2_Stream3_IRQHandler                  0x080044b3   Thumb Code    12  tm_stm32f4_dma.o(.text)
    DMA2_Stream4_IRQHandler                  0x080044bf   Thumb Code    12  tm_stm32f4_dma.o(.text)
    DMA2_Stream5_IRQHandler                  0x080044cb   Thumb Code    12  tm_stm32f4_dma.o(.text)
    DMA2_Stream6_IRQHandler                  0x080044d7   Thumb Code    12  tm_stm32f4_dma.o(.text)
    DMA2_Stream7_IRQHandler                  0x080044e3   Thumb Code    12  tm_stm32f4_dma.o(.text)
    TM_PWM_InitTimer                         0x08004505   Thumb Code   256  tm_stm32f4_pwm.o(.text)
    TM_PWM_INT_InitTIM14Pins                 0x08004605   Thumb Code    86  tm_stm32f4_pwm.o(.text)
    TM_PWM_INT_InitTIM13Pins                 0x0800465b   Thumb Code    86  tm_stm32f4_pwm.o(.text)
    TM_PWM_INT_InitTIM12Pins                 0x080046b1   Thumb Code   160  tm_stm32f4_pwm.o(.text)
    TM_PWM_INT_InitTIM11Pins                 0x08004751   Thumb Code    82  tm_stm32f4_pwm.o(.text)
    TM_PWM_INT_InitTIM10Pins                 0x080047a3   Thumb Code    82  tm_stm32f4_pwm.o(.text)
    TM_PWM_INT_InitTIM9Pins                  0x080047f5   Thumb Code   146  tm_stm32f4_pwm.o(.text)
    TM_PWM_INT_InitTIM8Pins                  0x08004887   Thumb Code   342  tm_stm32f4_pwm.o(.text)
    TM_PWM_INT_InitTIM5Pins                  0x080049dd   Thumb Code   292  tm_stm32f4_pwm.o(.text)
    TM_PWM_INT_InitTIM4Pins                  0x08004b01   Thumb Code   292  tm_stm32f4_pwm.o(.text)
    TM_PWM_INT_InitTIM3Pins                  0x08004c25   Thumb Code   374  tm_stm32f4_pwm.o(.text)
    TM_PWM_INT_InitTIM2Pins                  0x08004d9b   Thumb Code   320  tm_stm32f4_pwm.o(.text)
    TM_PWM_INT_InitTIM1Pins                  0x08004edb   Thumb Code   292  tm_stm32f4_pwm.o(.text)
    TM_PWM_InitChannel                       0x08004fff   Thumb Code   228  tm_stm32f4_pwm.o(.text)
    TM_PWM_SetChannel                        0x080050e3   Thumb Code   302  tm_stm32f4_pwm.o(.text)
    TM_PWM_SetChannelPercent                 0x08005211   Thumb Code   108  tm_stm32f4_pwm.o(.text)
    TM_PWM_SetChannelMicros                  0x0800527d   Thumb Code    46  tm_stm32f4_pwm.o(.text)
    TM_TIMER_PROPERTIES_GetTimerProperties   0x080052b1   Thumb Code   150  tm_stm32f4_timer_properties.o(.text)
    TM_TIMER_PROPERTIES_GenerateDataForWorkingFrequency 0x08005347   Thumb Code   202  tm_stm32f4_timer_properties.o(.text)
    TM_TIMER_PROPERTIES_EnableClock          0x08005411   Thumb Code   294  tm_stm32f4_timer_properties.o(.text)
    TM_TIMER_PROPERTIES_DisableClock         0x08005537   Thumb Code   294  tm_stm32f4_timer_properties.o(.text)
    TM_KEYPAD_INT_SetColumn                  0x0800569d   Thumb Code    74  tm_stm32f4_keypad.o(.text)
    TM_KEYPAD_Init                           0x080056e7   Thumb Code   174  tm_stm32f4_keypad.o(.text)
    TM_KEYPAD_Read                           0x08005795   Thumb Code    12  tm_stm32f4_keypad.o(.text)
    TM_KEYPAD_INT_CheckRow                   0x080057a1   Thumb Code    98  tm_stm32f4_keypad.o(.text)
    TM_KEYPAD_INT_Read                       0x08005803   Thumb Code   100  tm_stm32f4_keypad.o(.text)
    TM_KEYPAD_Update                         0x08005867   Thumb Code    40  tm_stm32f4_keypad.o(.text)
    TM_DELAY_1msHandler                      0x080058df   Thumb Code     8  main.o(.text)
    clearPin                                 0x080058e7   Thumb Code    20  main.o(.text)
    setPin                                   0x080058fb   Thumb Code    32  main.o(.text)
    comparePin                               0x0800591b   Thumb Code    34  main.o(.text)
    main                                     0x0800593d   Thumb Code  1890  main.o(.text)
    NMI_Handler                              0x0800616d   Thumb Code     2  stm32f4xx_it.o(.text)
    HardFault_Handler                        0x0800616f   Thumb Code     4  stm32f4xx_it.o(.text)
    MemManage_Handler                        0x08006173   Thumb Code     4  stm32f4xx_it.o(.text)
    BusFault_Handler                         0x08006177   Thumb Code     4  stm32f4xx_it.o(.text)
    UsageFault_Handler                       0x0800617b   Thumb Code     4  stm32f4xx_it.o(.text)
    SVC_Handler                              0x0800617f   Thumb Code     2  stm32f4xx_it.o(.text)
    DebugMon_Handler                         0x08006181   Thumb Code     2  stm32f4xx_it.o(.text)
    PendSV_Handler                           0x08006183   Thumb Code     2  stm32f4xx_it.o(.text)
    SysTick_Handler                          0x08006187   Thumb Code     8  stm32f4xx_it.o(.text)
    SystemInit                               0x080062a1   Thumb Code    88  system_stm32f4xx.o(.text)
    SystemCoreClockUpdate                    0x080062f9   Thumb Code   174  system_stm32f4xx.o(.text)
    malloc                                   0x080063d5   Thumb Code    94  h1_alloc.o(.text)
    free                                     0x08006433   Thumb Code    78  h1_free.o(.text)
    __2sprintf                               0x08006481   Thumb Code    34  noretval__2sprintf.o(.text)
    __printf                                 0x080064a9   Thumb Code   104  __printf.o(.text)
    _printf_int_dec                          0x08006511   Thumb Code   104  _printf_dec.o(.text)
    __use_two_region_memory                  0x08006589   Thumb Code     2  heapauxi.o(.text)
    __rt_heap_escrow                         0x0800658b   Thumb Code     2  heapauxi.o(.text)
    __rt_heap_expand                         0x0800658d   Thumb Code     2  heapauxi.o(.text)
    __rt_heap_descriptor                     0x08006591   Thumb Code     8  rt_heap_descriptor_intlibspace.o(.text)
    __use_no_heap                            0x08006599   Thumb Code     2  hguard.o(.text)
    __heap$guard                             0x0800659b   Thumb Code     2  hguard.o(.text)
    _terminate_user_alloc                    0x0800659d   Thumb Code     2  init_alloc.o(.text)
    _init_user_alloc                         0x0800659f   Thumb Code     2  init_alloc.o(.text)
    __Heap_Full                              0x080065a1   Thumb Code    34  init_alloc.o(.text)
    __Heap_Broken                            0x080065c3   Thumb Code     6  init_alloc.o(.text)
    _init_alloc                              0x080065c9   Thumb Code    94  init_alloc.o(.text)
    __Heap_Initialize                        0x08006627   Thumb Code    10  h1_init.o(.text)
    __Heap_DescSize                          0x08006631   Thumb Code     4  h1_init.o(.text)
    _printf_int_common                       0x08006635   Thumb Code   178  _printf_intcommon.o(.text)
    _printf_char_common                      0x080066f3   Thumb Code    32  _printf_char_common.o(.text)
    _sputc                                   0x08006719   Thumb Code    10  _sputc.o(.text)
    __user_libspace                          0x08006725   Thumb Code     8  libspace.o(.text)
    __user_perproc_libspace                  0x08006725   Thumb Code     0  libspace.o(.text)
    __user_perthread_libspace                0x08006725   Thumb Code     0  libspace.o(.text)
    __Heap_ProvideMemory                     0x0800672d   Thumb Code    52  h1_extend.o(.text)
    __rt_SIGRTMEM                            0x08006761   Thumb Code    14  defsig_rtmem_outer.o(.text)
    __I$use$semihosting                      0x0800676f   Thumb Code     0  use_no_semi.o(.text)
    __use_no_semihosting_swi                 0x0800676f   Thumb Code     2  use_no_semi.o(.text)
    __semihosting_library_function           0x08006771   Thumb Code     0  indicate_semi.o(.text)
    __user_setup_stackheap                   0x08006771   Thumb Code    74  sys_stackheap_outer.o(.text)
    exit                                     0x080067bb   Thumb Code    18  exit.o(.text)
    __sig_exit                               0x080067cd   Thumb Code    10  defsig_exit.o(.text)
    __rt_SIGRTMEM_inner                      0x080067d9   Thumb Code    22  defsig_rtmem_inner.o(.text)
    _sys_exit                                0x08006829   Thumb Code     8  sys_exit.o(.text)
    __default_signal_display                 0x08006835   Thumb Code    50  defsig_general.o(.text)
    _ttywrch                                 0x08006867   Thumb Code    14  sys_wrch.o(.text)
    __fpl_dcmp_Inf                           0x08006875   Thumb Code    24  dcmpi.o(x$fpl$dcmpinf)
    __aeabi_ddiv                             0x0800688d   Thumb Code     0  ddiv.o(x$fpl$ddiv)
    _ddiv                                    0x0800688d   Thumb Code   552  ddiv.o(x$fpl$ddiv)
    __aeabi_cdcmpeq                          0x08006b3d   Thumb Code     0  deqf.o(x$fpl$deqf)
    _dcmpeq                                  0x08006b3d   Thumb Code   120  deqf.o(x$fpl$deqf)
    __aeabi_d2uiz                            0x08006bb5   Thumb Code     0  dfixu.o(x$fpl$dfixu)
    _dfixu                                   0x08006bb5   Thumb Code    90  dfixu.o(x$fpl$dfixu)
    __aeabi_ui2d                             0x08006c0f   Thumb Code     0  dflt_clz.o(x$fpl$dfltu)
    _dfltu                                   0x08006c0f   Thumb Code    38  dflt_clz.o(x$fpl$dfltu)
    __aeabi_cdcmple                          0x08006c35   Thumb Code     0  dleqf.o(x$fpl$dleqf)
    _dcmple                                  0x08006c35   Thumb Code   120  dleqf.o(x$fpl$dleqf)
    __fpl_dcmple_InfNaN                      0x08006c97   Thumb Code     0  dleqf.o(x$fpl$dleqf)
    __fpl_dnaninf                            0x08006cad   Thumb Code   156  dnaninf.o(x$fpl$dnaninf)
    __fpl_dretinf                            0x08006d49   Thumb Code    12  dretinf.o(x$fpl$dretinf)
    _fp_init                                 0x08006d55   Thumb Code    10  fpinit.o(x$fpl$fpinit)
    __fplib_config_fpu_vfp                   0x08006d5d   Thumb Code     0  fpinit.o(x$fpl$fpinit)
    __fplib_config_pureend_doubles           0x08006d5d   Thumb Code     0  fpinit.o(x$fpl$fpinit)
    __I$use$fp                               0x08006d5e   Number         0  usenofp.o(x$fpl$usenofp)
    TM_Font7x10                              0x08006d72   Data        1900  tm_stm32f4_fonts.o(.constdata)
    TM_Font11x18                             0x080074de   Data        3420  tm_stm32f4_fonts.o(.constdata)
    TM_Font16x26                             0x0800823a   Data        4940  tm_stm32f4_fonts.o(.constdata)
    Region$$Table$$Base                      0x08009588   Number         0  anon$$obj.o(Region$$Table)
    Region$$Table$$Limit                     0x080095a8   Number         0  anon$$obj.o(Region$$Table)
    TM_TimingDelay                           0x20000010   Data           4  tm_stm32f4_delay.o(.data)
    TM_Time                                  0x20000014   Data           4  tm_stm32f4_delay.o(.data)
    TM_Time2                                 0x20000018   Data           4  tm_stm32f4_delay.o(.data)
    mult                                     0x2000001c   Data           4  tm_stm32f4_delay.o(.data)
    TM_DELAY_Initialized                     0x20000020   Data           1  tm_stm32f4_delay.o(.data)
    ILI9341_x                                0x20000022   Data           2  tm_stm32f4_ili9341.o(.data)
    ILI9341_y                                0x20000024   Data           2  tm_stm32f4_ili9341.o(.data)
    ILI9341_Opts                             0x20000026   Data           6  tm_stm32f4_ili9341.o(.data)
    ILI9341_INT_CalledFromPuts               0x2000002c   Data           1  tm_stm32f4_ili9341.o(.data)
    TM_Font_7x10                             0x200000c0   Data           8  tm_stm32f4_fonts.o(.data)
    TM_Font_11x18                            0x200000c8   Data           8  tm_stm32f4_fonts.o(.data)
    TM_Font_16x26                            0x200000d0   Data           8  tm_stm32f4_fonts.o(.data)
    KEYPAD_INT_Buttons                       0x200000d8   Data          16  tm_stm32f4_keypad.o(.data)
    TM_KEYPAD_INT_KeypadType                 0x200000e8   Data           1  tm_stm32f4_keypad.o(.data)
    SystemCoreClock                          0x200000ec   Data           4  system_stm32f4xx.o(.data)
    AHBPrescTable                            0x200000f0   Data          16  system_stm32f4xx.o(.data)
    __libspace_start                         0x2000016c   Data          96  libspace.o(.bss)
    __temporary_stack_top$libspace           0x200001cc   Data           0  libspace.o(.bss)



==============================================================================

Memory Map of the image

  Image Entry point : 0x080001ad

  Load Region LR_IROM1 (Base: 0x08000000, Size: 0x000096a8, Max: 0x00200000, ABSOLUTE)

    Execution Region ER_IROM1 (Exec base: 0x08000000, Load base: 0x08000000, Size: 0x000095a8, Max: 0x00200000, ABSOLUTE)

    Exec Addr    Load Addr    Size         Type   Attr      Idx    E Section Name        Object

    0x08000000   0x08000000   0x000001ac   Data   RO            3    RESET               startup_stm32f429_439xx.o
    0x080001ac   0x080001ac   0x00000008   Code   RO          157  * !!!main             c_w.l(__main.o)
    0x080001b4   0x080001b4   0x00000034   Code   RO          325    !!!scatter          c_w.l(__scatter.o)
    0x080001e8   0x080001e8   0x0000001a   Code   RO          326    !!handler_copy      c_w.l(__scatter_copy.o)
    0x08000202   0x08000202   0x00000002   PAD
    0x08000204   0x08000204   0x0000001c   Code   RO          327    !!handler_zi        c_w.l(__scatter_zi.o)
    0x08000220   0x08000220   0x00000000   Code   RO          154    .ARM.Collect$$_printf_percent$$00000000  c_w.l(_printf_percent.o)
    0x08000220   0x08000220   0x00000006   Code   RO          153    .ARM.Collect$$_printf_percent$$00000009  c_w.l(_printf_d.o)
    0x08000226   0x08000226   0x00000004   Code   RO          185    .ARM.Collect$$_printf_percent$$00000017  c_w.l(_printf_percent_end.o)
    0x0800022a   0x0800022a   0x00000002   Code   RO          280    .ARM.Collect$$libinit$$00000000  c_w.l(libinit.o)
    0x0800022c   0x0800022c   0x00000004   Code   RO          188    .ARM.Collect$$libinit$$00000001  c_w.l(libinit2.o)
    0x08000230   0x08000230   0x00000000   Code   RO          191    .ARM.Collect$$libinit$$00000004  c_w.l(libinit2.o)
    0x08000230   0x08000230   0x00000008   Code   RO          192    .ARM.Collect$$libinit$$00000005  c_w.l(libinit2.o)
    0x08000238   0x08000238   0x00000000   Code   RO          194    .ARM.Collect$$libinit$$0000000A  c_w.l(libinit2.o)
    0x08000238   0x08000238   0x00000000   Code   RO          196    .ARM.Collect$$libinit$$0000000C  c_w.l(libinit2.o)
    0x08000238   0x08000238   0x00000000   Code   RO          198    .ARM.Collect$$libinit$$0000000E  c_w.l(libinit2.o)
    0x08000238   0x08000238   0x00000000   Code   RO          201    .ARM.Collect$$libinit$$00000011  c_w.l(libinit2.o)
    0x08000238   0x08000238   0x00000000   Code   RO          203    .ARM.Collect$$libinit$$00000013  c_w.l(libinit2.o)
    0x08000238   0x08000238   0x00000000   Code   RO          205    .ARM.Collect$$libinit$$00000015  c_w.l(libinit2.o)
    0x08000238   0x08000238   0x00000000   Code   RO          207    .ARM.Collect$$libinit$$00000017  c_w.l(libinit2.o)
    0x08000238   0x08000238   0x00000000   Code   RO          209    .ARM.Collect$$libinit$$00000019  c_w.l(libinit2.o)
    0x08000238   0x08000238   0x00000000   Code   RO          211    .ARM.Collect$$libinit$$0000001B  c_w.l(libinit2.o)
    0x08000238   0x08000238   0x00000000   Code   RO          213    .ARM.Collect$$libinit$$0000001D  c_w.l(libinit2.o)
    0x08000238   0x08000238   0x00000000   Code   RO          215    .ARM.Collect$$libinit$$0000001F  c_w.l(libinit2.o)
    0x08000238   0x08000238   0x00000000   Code   RO          217    .ARM.Collect$$libinit$$00000021  c_w.l(libinit2.o)
    0x08000238   0x08000238   0x00000000   Code   RO          219    .ARM.Collect$$libinit$$00000023  c_w.l(libinit2.o)
    0x08000238   0x08000238   0x00000000   Code   RO          221    .ARM.Collect$$libinit$$00000025  c_w.l(libinit2.o)
    0x08000238   0x08000238   0x00000000   Code   RO          225    .ARM.Collect$$libinit$$0000002C  c_w.l(libinit2.o)
    0x08000238   0x08000238   0x00000000   Code   RO          227    .ARM.Collect$$libinit$$0000002E  c_w.l(libinit2.o)
    0x08000238   0x08000238   0x00000000   Code   RO          229    .ARM.Collect$$libinit$$00000030  c_w.l(libinit2.o)
    0x08000238   0x08000238   0x00000000   Code   RO          231    .ARM.Collect$$libinit$$00000032  c_w.l(libinit2.o)
    0x08000238   0x08000238   0x00000002   Code   RO          232    .ARM.Collect$$libinit$$00000033  c_w.l(libinit2.o)
    0x0800023a   0x0800023a   0x00000002   Code   RO          322    .ARM.Collect$$libshutdown$$00000000  c_w.l(libshutdown.o)
    0x0800023c   0x0800023c   0x00000000   Code   RO          289    .ARM.Collect$$libshutdown$$00000002  c_w.l(libshutdown2.o)
    0x0800023c   0x0800023c   0x00000000   Code   RO          291    .ARM.Collect$$libshutdown$$00000004  c_w.l(libshutdown2.o)
    0x0800023c   0x0800023c   0x00000000   Code   RO          294    .ARM.Collect$$libshutdown$$00000007  c_w.l(libshutdown2.o)
    0x0800023c   0x0800023c   0x00000000   Code   RO          297    .ARM.Collect$$libshutdown$$0000000A  c_w.l(libshutdown2.o)
    0x0800023c   0x0800023c   0x00000000   Code   RO          299    .ARM.Collect$$libshutdown$$0000000C  c_w.l(libshutdown2.o)
    0x0800023c   0x0800023c   0x00000000   Code   RO          302    .ARM.Collect$$libshutdown$$0000000F  c_w.l(libshutdown2.o)
    0x0800023c   0x0800023c   0x00000002   Code   RO          303    .ARM.Collect$$libshutdown$$00000010  c_w.l(libshutdown2.o)
    0x0800023e   0x0800023e   0x00000000   Code   RO          168    .ARM.Collect$$rtentry$$00000000  c_w.l(__rtentry.o)
    0x0800023e   0x0800023e   0x00000000   Code   RO          241    .ARM.Collect$$rtentry$$00000002  c_w.l(__rtentry2.o)
    0x0800023e   0x0800023e   0x00000006   Code   RO          253    .ARM.Collect$$rtentry$$00000004  c_w.l(__rtentry4.o)
    0x08000244   0x08000244   0x00000000   Code   RO          243    .ARM.Collect$$rtentry$$00000009  c_w.l(__rtentry2.o)
    0x08000244   0x08000244   0x00000004   Code   RO          244    .ARM.Collect$$rtentry$$0000000A  c_w.l(__rtentry2.o)
    0x08000248   0x08000248   0x00000000   Code   RO          246    .ARM.Collect$$rtentry$$0000000C  c_w.l(__rtentry2.o)
    0x08000248   0x08000248   0x00000008   Code   RO          247    .ARM.Collect$$rtentry$$0000000D  c_w.l(__rtentry2.o)
    0x08000250   0x08000250   0x00000002   Code   RO          282    .ARM.Collect$$rtexit$$00000000  c_w.l(rtexit.o)
    0x08000252   0x08000252   0x00000000   Code   RO          306    .ARM.Collect$$rtexit$$00000002  c_w.l(rtexit2.o)
    0x08000252   0x08000252   0x00000004   Code   RO          307    .ARM.Collect$$rtexit$$00000003  c_w.l(rtexit2.o)
    0x08000256   0x08000256   0x00000006   Code   RO          308    .ARM.Collect$$rtexit$$00000004  c_w.l(rtexit2.o)
    0x0800025c   0x0800025c   0x00000000   Code   RO          256    .emb_text           c_w.l(maybetermalloc1.o)
    0x0800025c   0x0800025c   0x00000040   Code   RO            4    .text               startup_stm32f429_439xx.o
    0x0800029c   0x0800029c   0x000000e0   Code   RO            8    .text               misc.o
    0x0800037c   0x0800037c   0x00000660   Code   RO           12    .text               stm32f4xx_rcc.o
    0x080009dc   0x080009dc   0x00000294   Code   RO           17    .text               stm32f4xx_gpio.o
    0x08000c70   0x08000c70   0x00000480   Code   RO           21    .text               stm32f4xx_spi.o
    0x080010f0   0x080010f0   0x000003a8   Code   RO           25    .text               stm32f4xx_dma.o
    0x08001498   0x08001498   0x00000ca2   Code   RO           29    .text               stm32f4xx_tim.o
    0x0800213a   0x0800213a   0x00000002   PAD
    0x0800213c   0x0800213c   0x00000254   Code   RO           33    .text               tm_stm32f4_delay.o
    0x08002390   0x08002390   0x00000094   Code   RO           39    .text               tm_stm32f4_disco.o
    0x08002424   0x08002424   0x000005a6   Code   RO           44    .text               tm_stm32f4_mfrc522.o
    0x080029ca   0x080029ca   0x00000002   PAD
    0x080029cc   0x080029cc   0x000007b0   Code   RO           48    .text               tm_stm32f4_spi.o
    0x0800317c   0x0800317c   0x00000a98   Code   RO           52    .text               tm_stm32f4_ili9341.o
    0x08003c14   0x08003c14   0x00000300   Code   RO           57    .text               tm_stm32f4_gpio.o
    0x08003f14   0x08003f14   0x0000033c   Code   RO           62    .text               tm_stm32f4_spi_dma.o
    0x08004250   0x08004250   0x000002b4   Code   RO           68    .text               tm_stm32f4_dma.o
    0x08004504   0x08004504   0x00000dac   Code   RO           73    .text               tm_stm32f4_pwm.o
    0x080052b0   0x080052b0   0x000003ec   Code   RO           77    .text               tm_stm32f4_timer_properties.o
    0x0800569c   0x0800569c   0x0000020c   Code   RO           87    .text               tm_stm32f4_keypad.o
    0x080058a8   0x080058a8   0x000008c4   Code   RO           92    .text               main.o
    0x0800616c   0x0800616c   0x00000022   Code   RO           96    .text               stm32f4xx_it.o
    0x0800618e   0x0800618e   0x00000002   PAD
    0x08006190   0x08006190   0x00000244   Code   RO          100    .text               system_stm32f4xx.o
    0x080063d4   0x080063d4   0x0000005e   Code   RO          106    .text               c_w.l(h1_alloc.o)
    0x08006432   0x08006432   0x0000004e   Code   RO          107    .text               c_w.l(h1_free.o)
    0x08006480   0x08006480   0x00000028   Code   RO          137    .text               c_w.l(noretval__2sprintf.o)
    0x080064a8   0x080064a8   0x00000068   Code   RO          138    .text               c_w.l(__printf.o)
    0x08006510   0x08006510   0x00000078   Code   RO          139    .text               c_w.l(_printf_dec.o)
    0x08006588   0x08006588   0x00000006   Code   RO          156    .text               c_w.l(heapauxi.o)
    0x0800658e   0x0800658e   0x00000002   PAD
    0x08006590   0x08006590   0x00000008   Code   RO          171    .text               c_w.l(rt_heap_descriptor_intlibspace.o)
    0x08006598   0x08006598   0x00000004   Code   RO          172    .text               c_w.l(hguard.o)
    0x0800659c   0x0800659c   0x0000008a   Code   RO          173    .text               c_w.l(init_alloc.o)
    0x08006626   0x08006626   0x0000000e   Code   RO          175    .text               c_w.l(h1_init.o)
    0x08006634   0x08006634   0x000000b2   Code   RO          182    .text               c_w.l(_printf_intcommon.o)
    0x080066e6   0x080066e6   0x00000002   PAD
    0x080066e8   0x080066e8   0x00000030   Code   RO          183    .text               c_w.l(_printf_char_common.o)
    0x08006718   0x08006718   0x0000000a   Code   RO          184    .text               c_w.l(_sputc.o)
    0x08006722   0x08006722   0x00000002   PAD
    0x08006724   0x08006724   0x00000008   Code   RO          238    .text               c_w.l(libspace.o)
    0x0800672c   0x0800672c   0x00000034   Code   RO          258    .text               c_w.l(h1_extend.o)
    0x08006760   0x08006760   0x0000000e   Code   RO          261    .text               c_w.l(defsig_rtmem_outer.o)
    0x0800676e   0x0800676e   0x00000002   Code   RO          267    .text               c_w.l(use_no_semi.o)
    0x08006770   0x08006770   0x00000000   Code   RO          268    .text               c_w.l(indicate_semi.o)
    0x08006770   0x08006770   0x0000004a   Code   RO          269    .text               c_w.l(sys_stackheap_outer.o)
    0x080067ba   0x080067ba   0x00000012   Code   RO          272    .text               c_w.l(exit.o)
    0x080067cc   0x080067cc   0x0000000a   Code   RO          273    .text               c_w.l(defsig_exit.o)
    0x080067d6   0x080067d6   0x00000002   PAD
    0x080067d8   0x080067d8   0x00000050   Code   RO          274    .text               c_w.l(defsig_rtmem_inner.o)
    0x08006828   0x08006828   0x0000000c   Code   RO          281    .text               c_w.l(sys_exit.o)
    0x08006834   0x08006834   0x00000032   Code   RO          287    .text               c_w.l(defsig_general.o)
    0x08006866   0x08006866   0x0000000e   Code   RO          304    .text               c_w.l(sys_wrch.o)
    0x08006874   0x08006874   0x00000018   Code   RO          233    x$fpl$dcmpinf       fz_wm.l(dcmpi.o)
    0x0800688c   0x0800688c   0x000002b0   Code   RO          159    x$fpl$ddiv          fz_wm.l(ddiv.o)
    0x08006b3c   0x08006b3c   0x00000078   Code   RO          160    x$fpl$deqf          fz_wm.l(deqf.o)
    0x08006bb4   0x08006bb4   0x0000005a   Code   RO          161    x$fpl$dfixu         fz_wm.l(dfixu.o)
    0x08006c0e   0x08006c0e   0x00000026   Code   RO          163    x$fpl$dfltu         fz_wm.l(dflt_clz.o)
    0x08006c34   0x08006c34   0x00000078   Code   RO          166    x$fpl$dleqf         fz_wm.l(dleqf.o)
    0x08006cac   0x08006cac   0x0000009c   Code   RO          234    x$fpl$dnaninf       fz_wm.l(dnaninf.o)
    0x08006d48   0x08006d48   0x0000000c   Code   RO          235    x$fpl$dretinf       fz_wm.l(dretinf.o)
    0x08006d54   0x08006d54   0x0000000a   Code   RO          266    x$fpl$fpinit        fz_wm.l(fpinit.o)
    0x08006d5e   0x08006d5e   0x00000000   Code   RO          236    x$fpl$usenofp       fz_wm.l(usenofp.o)
    0x08006d5e   0x08006d5e   0x00000014   Data   RO           69    .constdata          tm_stm32f4_dma.o
    0x08006d72   0x08006d72   0x00002814   Data   RO           82    .constdata          tm_stm32f4_fonts.o
    0x08009586   0x08009586   0x00000002   PAD
    0x08009588   0x08009588   0x00000020   Data   RO          323    Region$$Table       anon$$obj.o


    Execution Region RW_IRAM1 (Exec base: 0x20000000, Load base: 0x080095a8, Size: 0x000007d0, Max: 0x00030000, ABSOLUTE)

    Exec Addr    Load Addr    Size         Type   Attr      Idx    E Section Name        Object

    0x20000000   0x080095a8   0x00000010   Data   RW           13    .data               stm32f4xx_rcc.o
    0x20000010   0x080095b8   0x00000011   Data   RW           35    .data               tm_stm32f4_delay.o
    0x20000021   0x080095c9   0x00000001   Data   RW           40    .data               tm_stm32f4_disco.o
    0x20000022   0x080095ca   0x0000000b   Data   RW           53    .data               tm_stm32f4_ili9341.o
    0x2000002d   0x080095d5   0x00000003   PAD
    0x20000030   0x080095d8   0x00000090   Data   RW           64    .data               tm_stm32f4_spi_dma.o
    0x200000c0   0x08009668   0x00000018   Data   RW           83    .data               tm_stm32f4_fonts.o
    0x200000d8   0x08009680   0x00000014   Data   RW           88    .data               tm_stm32f4_keypad.o
    0x200000ec   0x08009694   0x00000014   Data   RW          101    .data               system_stm32f4xx.o
    0x20000100        -       0x00000018   Zero   RW           34    .bss                tm_stm32f4_delay.o
    0x20000118        -       0x00000016   Zero   RW           58    .bss                tm_stm32f4_gpio.o
    0x2000012e   0x080096a8   0x00000002   PAD
    0x20000130        -       0x0000003c   Zero   RW           63    .bss                tm_stm32f4_spi_dma.o
    0x2000016c        -       0x00000060   Zero   RW          239    .bss                c_w.l(libspace.o)
    0x200001cc   0x080096a8   0x00000004   PAD
    0x200001d0        -       0x00000200   Zero   RW            2    HEAP                startup_stm32f429_439xx.o
    0x200003d0        -       0x00000400   Zero   RW            1    STACK               startup_stm32f429_439xx.o


==============================================================================

Image component sizes


      Code (inc. data)   RO Data    RW Data    ZI Data      Debug   Object Name

      2244        396          0          0          0          0   main.o
       224         20          0          0          0          0   misc.o
        64         26        428          0       1536          0   startup_stm32f429_439xx.o
       936         32          0          0          0          0   stm32f4xx_dma.o
       660         44          0          0          0          0   stm32f4xx_gpio.o
        34          0          0          0          0          0   stm32f4xx_it.o
      1632         54          0         16          0          0   stm32f4xx_rcc.o
      1152         36          0          0          0          0   stm32f4xx_spi.o
      3234         60          0          0          0          0   stm32f4xx_tim.o
       580         46          0         20          0          0   system_stm32f4xx.o
       596         36          0         17         24          0   tm_stm32f4_delay.o
       148         12          0          1          0          0   tm_stm32f4_disco.o
       692         22         20          0          0          0   tm_stm32f4_dma.o
         0          0      10260         24          0          0   tm_stm32f4_fonts.o
       768         10          0          0         22          0   tm_stm32f4_gpio.o
      2712         46          0         11          0          0   tm_stm32f4_ili9341.o
       524         26          0         20          0          0   tm_stm32f4_keypad.o
      1446          8          0          0          0          0   tm_stm32f4_mfrc522.o
      3500        152          0          0          0          0   tm_stm32f4_pwm.o
      1968         84          0          0          0          0   tm_stm32f4_spi.o
       828         60          0        144         60          0   tm_stm32f4_spi_dma.o
      1004         64          0          0          0          0   tm_stm32f4_timer_properties.o

    ----------------------------------------------------------------------
     24952       1234      10742        256       1644          0   Object Totals
         0          0         32          0          0          0   (incl. Generated)
         6          0          2          3          2          0   (incl. Padding)

    ----------------------------------------------------------------------

      Code (inc. data)   RO Data    RW Data    ZI Data      Debug   Library Member Name

         8          0          0          0          0          0   __main.o
       104          0          0          0          0          0   __printf.o
         0          0          0          0          0          0   __rtentry.o
        12          0          0          0          0          0   __rtentry2.o
         6          0          0          0          0          0   __rtentry4.o
        52          8          0          0          0          0   __scatter.o
        26          0          0          0          0          0   __scatter_copy.o
        28          0          0          0          0          0   __scatter_zi.o
        48          6          0          0          0          0   _printf_char_common.o
         6          0          0          0          0          0   _printf_d.o
       120         16          0          0          0          0   _printf_dec.o
       178          0          0          0          0          0   _printf_intcommon.o
         0          0          0          0          0          0   _printf_percent.o
         4          0          0          0          0          0   _printf_percent_end.o
        10          0          0          0          0          0   _sputc.o
        10          0          0          0          0          0   defsig_exit.o
        50          0          0          0          0          0   defsig_general.o
        80         58          0          0          0          0   defsig_rtmem_inner.o
        14          0          0          0          0          0   defsig_rtmem_outer.o
        18          0          0          0          0          0   exit.o
        94          0          0          0          0          0   h1_alloc.o
        52          0          0          0          0          0   h1_extend.o
        78          0          0          0          0          0   h1_free.o
        14          0          0          0          0          0   h1_init.o
         6          0          0          0          0          0   heapauxi.o
         4          0          0          0          0          0   hguard.o
         0          0          0          0          0          0   indicate_semi.o
       138          0          0          0          0          0   init_alloc.o
         2          0          0          0          0          0   libinit.o
        14          0          0          0          0          0   libinit2.o
         2          0          0          0          0          0   libshutdown.o
         2          0          0          0          0          0   libshutdown2.o
         8          4          0          0         96          0   libspace.o
         0          0          0          0          0          0   maybetermalloc1.o
        40          6          0          0          0          0   noretval__2sprintf.o
         8          4          0          0          0          0   rt_heap_descriptor_intlibspace.o
         2          0          0          0          0          0   rtexit.o
        10          0          0          0          0          0   rtexit2.o
        12          4          0          0          0          0   sys_exit.o
        74          0          0          0          0          0   sys_stackheap_outer.o
        14          0          0          0          0          0   sys_wrch.o
         2          0          0          0          0          0   use_no_semi.o
        24          0          0          0          0          0   dcmpi.o
       688        140          0          0          0          0   ddiv.o
       120          4          0          0          0          0   deqf.o
        90          4          0          0          0          0   dfixu.o
        38          0          0          0          0          0   dflt_clz.o
       120          4          0          0          0          0   dleqf.o
       156          4          0          0          0          0   dnaninf.o
        12          0          0          0          0          0   dretinf.o
        10          0          0          0          0          0   fpinit.o
         0          0          0          0          0          0   usenofp.o

    ----------------------------------------------------------------------
      2618        262          0          0        100          0   Library Totals
        10          0          0          0          4          0   (incl. Padding)

    ----------------------------------------------------------------------

      Code (inc. data)   RO Data    RW Data    ZI Data      Debug   Library Name

      1350        106          0          0         96          0   c_w.l
      1258        156          0          0          0          0   fz_wm.l

    ----------------------------------------------------------------------
      2618        262          0          0        100          0   Library Totals

    ----------------------------------------------------------------------

==============================================================================


      Code (inc. data)   RO Data    RW Data    ZI Data      Debug   

     27570       1496      10742        256       1744          0   Grand Totals
     27570       1496      10742        256       1744          0   ELF Image Totals
     27570       1496      10742        256          0          0   ROM Totals

==============================================================================

    Total RO  Size (Code + RO Data)                38312 (  37.41kB)
    Total RW  Size (RW Data + ZI Data)              2000 (   1.95kB)
    Total ROM Size (Code + RO Data + RW Data)      38568 (  37.66kB)

==============================================================================

