<html>
<body>
<pre>
<h1>µVision Build Log</h1>
<h2>Tool Versions:</h2>
IDE-Version: µVision V5.25.2.0
Copyright (C) 2018 ARM Ltd and ARM Germany GmbH. All rights reserved.
License Information: Krzysztof Wieczorek * Flex license: MDK-ARM Professional (Eval) (mdk_pro_eval) Operation stops: 18 May 2018
 
Tool Versions:
Toolchain:       MDK-ARM Professional (Eval)  Version: 5.25.2.0
Toolchain Path:  C:\Keil_v5\ARM\ARMCC\Bin
C Compiler:      Armcc.exe V5.06 update 6 (build 750)
Assembler:       Armasm.exe V5.06 update 6 (build 750)
Linker/Locator:  ArmLink.exe V5.06 update 6 (build 750)
Library Manager: ArmAr.exe V5.06 update 6 (build 750)
Hex Converter:   FromElf.exe V5.06 update 6 (build 750)
CPU DLL:         SARMCM3.DLL V5.25.2.0
Dialog DLL:      DCM.DLL V1.17.1.0
Target DLL:      STLink\ST-LINKIII-KEIL_SWO.dll V3.0.1.0
Dialog DLL:      TCM.DLL V1.35.1.0
 
<h2>Project:</h2>
C:\Users\krzys\Desktop\STM-MASTER\23-STM32F429_MFRC522\project.uvprojx
Project File Date:  05/17/2018

<h2>Output:</h2>
*** Using Compiler 'V5.06 update 6 (build 750)', folder: 'C:\Keil_v5\ARM\ARMCC\Bin'
Rebuild target 'STM32F429-Discovery'
assembling startup_stm32f429_439xx.s...
compiling stm32f4xx_gpio.c...
compiling misc.c...
compiling stm32f4xx_rcc.c...
compiling stm32f4xx_dma.c...
compiling stm32f4xx_spi.c...
compiling stm32f4xx_tim.c...
compiling tm_stm32f4_delay.c...
compiling tm_stm32f4_disco.c...
compiling tm_stm32f4_spi.c...
compiling tm_stm32f4_mfrc522.c...
compiling tm_stm32f4_gpio.c...
compiling tm_stm32f4_ili9341.c...
compiling tm_stm32f4_spi_dma.c...
compiling tm_stm32f4_dma.c...
compiling tm_stm32f4_timer_properties.c...
compiling tm_stm32f4_pwm.c...
compiling tm_stm32f4_fonts.c...
compiling tm_stm32f4_keypad.c...
compiling main.c...
User\main.c(25): warning:  #177-D: variable "buff"  was declared but never referenced
    char buff[20];
User\main.c: 1 warning, 0 errors
compiling stm32f4xx_it.c...
compiling system_stm32f4xx.c...
linking...
Program Size: Code=26062 RO-data=10742 RW-data=256 ZI-data=1744  
FromELF: creating hex file...
".\Targets\STM32F429_Discovery\project.axf" - 0 Error(s), 1 Warning(s).

<h2>Software Packages used:</h2>

Package Vendor: Keil
                http://www.keil.com/pack/Keil.STM32F4xx_DFP.2.13.0.pack
                Keil.STM32F4xx_DFP.2.13.0
                STMicroelectronics STM32F4 Series Device Support, Drivers and Examples

<h2>Collection of Component include folders:</h2>
  .\RTE\_STM32F429-Discovery
  C:\Keil_v5\ARM\PACK\Keil\STM32F4xx_DFP\2.13.0\Drivers\CMSIS\Device\ST\STM32F4xx\Include

<h2>Collection of Component Files used:</h2>
Build Time Elapsed:  00:00:03
</pre>
</body>
</html>
